
- NASM Map file ---------------------------------------------------------------

Source file:  ./Source/Utils/COMMAND/command.asm
Output file:  ./Source/Utils/COMMAND/Binaries/command.com

-- Program origin -------------------------------------------------------------

00000000

-- Sections (summary) ---------------------------------------------------------

Vstart            Start             Stop              Length    Class     Name
               0                 0                 0  00000000  progbits  .text
               0                 0              2807  00002807  progbits  .data

-- Sections (detailed) --------------------------------------------------------

---- Section .text ------------------------------------------------------------

class:     progbits
length:                   0
start:                    0
align:     not defined
follows:   not defined
vstart:                   0
valign:    not defined
vfollows:  not defined

---- Section .data ------------------------------------------------------------

class:     progbits
length:                2807
start:                    0
align:                    1
follows:   not defined
vstart:                   0
valign:    not defined
vfollows:  not defined

-- Symbols --------------------------------------------------------------------

---- No Section ---------------------------------------------------------------

Value     Name
00000000  dpb
00000000  dpb.bDriveNumber
00000001  dpb.bUnitNumber
00000002  dpb.wBytesPerSector
00000004  dpb.bMaxSectorInCluster
00000005  dpb.bSectorsPerClusterShift
00000006  dpb.wFAToffset
00000008  dpb.bNumberOfFATs
00000009  dpb.wNumberRootDirEntries
0000000B  dpb.dClusterHeapOffset
0000000F  dpb.dClusterCount
00000013  dpb.dFATlength
00000017  dpb.dFirstUnitOfRootDir
0000001B  dpb.qDriverHeaderPtr
00000023  dpb.bMediaDescriptor
00000024  dpb.bAccessFlag
00000025  dpb.qNextDPBPtr
0000002D  dpb.dFirstFreeCluster
00000031  dpb.dNumberOfFreeClusters
00000035  dpb_size
00000FF5  fat12MaxClustCnt
0000FFF5  fat16MaxClustCnt
00000000  cds
00000000  cds.sCurrentPath
00000043  cds.wFlags
00000045  cds.qDPBPtr
0000004D  cds.dStartCluster
00000051  cds.qReserved
00000059  cds.wBackslashOffset
0000005B  cds_size
00008000  cdsRedirDrive
00004000  cdsValidDrive
00002000  cdsJoinDrive
00001000  cdsSubstDrive
00000080  cdsRdirLocDrive
00000000  sfth
00000000  sfth.qNextSFTPtr
00000008  sfth.wNumFiles
0000000A  sfth_size
00000000  sft
00000000  sft.wNumHandles
00000002  sft.wOpenMode
00000004  sft.bFileAttrib
00000005  sft.wDeviceInfo
00000007  sft.qPtr
0000000F  sft.dStartClust
00000013  sft.wTime
00000015  sft.wDate
00000017  sft.dFileSize
0000001B  sft.dCurntOff
0000001F  sft.dRelClust
00000023  sft.dAbsClusr
00000027  sft.qDirSect
0000002F  sft.bNumDirEnt
00000030  sft.sFileName
0000003B  sft.qSharePtr
00000043  sft.wMachNum
00000045  sft.qPSPOwner
0000004D  sft.wShareRec
0000004F  sft_size
00000000  ReadAccess
00000001  WriteAccess
00000002  RWAccess
00000000  CompatShare
00000010  denyRWShare
00000020  denyWriteShare
00000030  denyReadShare
00000040  denyNoneShare
00000070  netFCBShare
00002000  diskFullFail
00004000  noBufferWrites
00008000  FCBopenedFile
00000001  readOnlyFile
00000002  hiddenFile
00000004  systemFile
00000008  volumeLabel
00000010  directoryFile
00000020  archiveFile
00000001  charDevConIn
00000002  charDevConOut
00000004  charDevNulDev
00000008  charDevClockDev
00000010  charDevFastOut
00000020  charDevBinary
00000040  charDevNoEOF
00000040  blokFileNoFlush
00000080  devCharDev
00000800  charDevNetSpool
00001000  devNoInherit
00002000  charDevNamePipe
00004000  blokNoDTonClose
00008000  devRedirDev
00000000  bufferHdr
00000000  bufferHdr.nextBufPtr
00000008  bufferHdr.driveNumber
00000009  bufferHdr.bufferFlags
0000000A  bufferHdr.bufferLBA
00000012  bufferHdr.bufFATcopy
00000013  bufferHdr.bufFATsize
00000017  bufferHdr.driveDPBPtr
0000001F  bufferHdr.owningFile
00000027  bufferHdr.reserved
00000030  bufferHdr.dataarea
00000030  bufferHdr_size
00000001  dosBuffer
00000002  fatBuffer
00000004  dirBuffer
00000008  dataBuffer
00000020  refBuffer
00000040  dirtyBuffer
00000000  mcb
00000000  mcb.marker
00000001  mcb.owner
00000009  mcb.blockSize
0000000D  mcb.reserved
00000010  mcb.program
00000010  mcb_size
00000007  mcbOwnerHole
00000000  mcbOwnerFree
00000008  mcbOwnerDOS
0000004D  mcbMarkCtn
0000005A  mcbMarkEnd
00000000  memFirstFit
00000001  memBestFit
00000002  memLastFit
00000000  callerFrame
00000000  callerFrame.rax
00000008  callerFrame.rbx
00000010  callerFrame.rcx
00000018  callerFrame.rdx
00000020  callerFrame.rsi
00000028  callerFrame.rdi
00000030  callerFrame.rbp
00000038  callerFrame.r8
00000040  callerFrame.r9
00000048  callerFrame.rip
00000050  callerFrame.cs
00000058  callerFrame.flags
00000060  callerFrame_size
00000000  dpl
00000000  dpl.rax
00000008  dpl.rbx
00000010  dpl.rcx
00000018  dpl.rdx
00000020  dpl.rsi
00000028  dpl.rdi
00000030  dpl.r8
00000038  dpl.r9
00000040  dpl.align
00000048  dpl.compID
00000050  dpl.procID
00000058  dpl_size
00000000  cfgFrame
00000000  cfgFrame.oldRBP
00000008  cfgFrame.newBuffers
00000009  cfgFrame.newSFTVal
0000000A  cfgFrame.newFCBSVal
0000000B  cfgFrame.newProtFCBSVal
0000000C  cfgFrame.newLastdrive
0000000D  cfgFrame.newStacks
0000000E  cfgFrame.newStackSize
00000010  cfgFrame.newAllocSize
00000018  cfgFrame.endPtr
00000020  cfgFrame_size
00000000  filename
00000000  filename.fName
00000008  filename.fExt
0000000B  filename_size
00000000  ffBlock
00000000  ffBlock.driveNum
00000001  ffBlock.template
0000000C  ffBlock.attrib
0000000D  ffBlock.dirOffset
00000011  ffBlock.parDirClus
00000015  ffBlock.attribFnd
00000016  ffBlock.fileTime
00000018  ffBlock.fileDate
0000001A  ffBlock.fileSize
0000001E  ffBlock.asciizName
0000002B  ffBlock_size
00000000  psp
00000000  psp.return
00000002  psp.allocSize
0000000A  psp.oldInt42h
00000012  psp.oldInt43h
0000001A  psp.oldInt44h
00000022  psp.parentPtr
0000002A  psp.jobFileTbl
0000003E  psp.envPtr
00000046  psp.rspPtr
0000004E  psp.xtraHdlSz
00000050  psp.unixEntry
00000053  psp.prevPSP
0000005B  psp.xtraHdlNum
0000005C  psp.fcb1
0000006C  psp.fcb2
00000080  psp.dta
00000080  psp.parmList
00000081  psp.progTail
00000100  psp_size
00000000  clkStruc
00000000  clkStruc.dateWord
00000002  clkStruc.minutes
00000003  clkStruc.hours
00000004  clkStruc.hseconds
00000005  clkStruc.seconds
00000006  clkStruc_size
00000000  countryStruc
00000000  countryStruc.dtfmt
00000002  countryStruc.curr
00000007  countryStruc.thouSep
00000009  countryStruc.dcmlSep
0000000B  countryStruc.dateSep
0000000D  countryStruc.timeSep
0000000F  countryStruc.currFmt
00000010  countryStruc.digtdpt
00000011  countryStruc.timefmt
00000012  countryStruc.mapaddr
0000001A  countryStruc.dataSep
0000001C  countryStruc.resv
00000026  countryStruc_size
0003C000  dosAPTsize
00000600  dosLowBase
00000000  critRead
00000001  critWrite
00000000  critDOS
00000002  critFAT
00000004  critDir
00000006  critData
00000008  critFailOK
00000010  critRetryOK
00000020  critIgnorOK
00000080  critCharDev
00000000  critIgnore
00000001  critRetry
00000002  critAbort
00000003  critFail
00000000  NUL
00000003  ETX
00000006  ACK
00000007  BEL
00000008  BSP
00000009  TAB
0000000A  LF
0000000D  CR
00000010  DLE
00000013  DC3
00000014  DC4
00000015  NAK
00000017  ETB
0000001A  EOF
0000001B  ESC
00000020  SPC
0000007F  DEL
00000020  asciiCaret
0000003B  eF1
0000003C  eF2
0000003D  eF3
0000003E  eF4
0000003F  eF5
00000040  eF6
00000041  eF7
0000004B  eCursL
0000004D  eCursR
00000052  eIns
00000053  eDel
0000001E  buffersDefault
00000014  filesDefault
00000004  fcbsDefault
00000000  safeFcbsDeflt
00000005  lastDriveDeflt
00000000  fcb
00000000  fcb.driveNum
00000001  fcb.filename
00000009  fcb.fileext
0000000C  fcb.curBlock
0000000E  fcb.recordSize
00000010  fcb.fileSize
00000014  fcb.fileDate
00000016  fcb.fileTime
00000018  fcb.sftNdx
00000019  fcb.fcbMode
0000001A  fcb.special
00000020  fcb.recordNum
00000021  fcb.randRecrd
00000025  fcb_size
00000000  exFcb
00000000  exFcb.extSig
00000001  exFcb.reserved
00000006  exFcb.attribute
00000007  exFcb.driveNum
00000008  exFcb.filename
00000010  exFcb.fileext
00000013  exFcb.curBlock
00000015  exFcb.recordSize
00000017  exFcb.fileSize
0000001B  exFcb.fileDate
0000001D  exFcb.fileTime
0000001F  exFcb.sftNdx
00000020  exFcb.fcbMode
00000021  exFcb.special
00000027  exFcb.recordNum
00000028  exFcb.randRecrd
0000002C  exFcb_size
00000000  renameFcb
00000000  renameFcb.driveNum
00000001  renameFcb.filename
00000009  renameFcb.fileext
0000000C  renameFcb.reserved
00000010  renameFcb.resDrvNum
00000011  renameFcb.newName
00000019  renameFcb.newExt
0000001C  renameFcb.reserved2
00000020  renameFcb_size
00000080  fcbShareOn
00000040  fcbCharDev
00000040  fcbLocal
00000000  noShare
00000000  noShare.attribWord
00000001  noShare.startClust
00000003  noShare.dirSect
00000005  noShare.dirEntry
00000006  noShare_size
00000000  shareLocal
00000000  shareLocal.strtClust
00000002  shareLocal.shareSig
00000004  shareLocal.fileAttr
00000006  shareLocal_size
00000000  shareNet
00000000  shareNet.dirSect
00000002  shareNet.relClust
00000004  shareNet.absClust
00000006  shareNet_size
00000001  errInvFnc
00000002  errFnf
00000003  errPnf
00000004  errNhl
00000005  errAccDen
00000006  errBadHdl
00000007  errMCBbad
00000008  errNoMem
00000009  errMemAddr
0000000A  errBadEnv
0000000B  errBadFmt
0000000C  errAccCde
0000000D  errInvDat
0000000F  errBadDrv
00000010  errDelCD
00000011  errDevUnk
00000012  errNoFil
00000013  drvErrShft
00000013  errWpd
00000014  errUnkUnt
00000015  errDrvNR
00000016  errUnkCmd
00000017  errCRCerr
00000018  errBadRLn
00000019  errSekErr
0000001A  errUnkMed
0000001B  errSecNF
0000001C  errNoPap
0000001D  errWF
0000001E  errRF
0000001F  errGF
00000020  errShrVio
00000021  errLokVio
00000022  errIDC
00000023  errNoFCB
00000024  errShrFul
00000032  errNoNet
00000050  errFilExist
00000052  errDirExist
00000053  errFI44
00000054  errRedir
00000055  errDupRedir
00000056  errBadPass
00000057  errBadParam
00000058  errNetWrite
00000001  eLocUnk
00000002  eLocDsk
00000003  eLocNet
00000004  eLocChr
00000005  eLocMem
00000001  eActRet
00000002  eActDRet
00000003  eActUsr
00000004  eActAbt
00000005  eActKil
00000006  eActIgn
00000007  eActRetUsr
00000001  eClsOoR
00000002  eClsTS
00000003  eClsAuth
00000004  eClsInt
00000005  eClsHrdFlt
00000006  eClsSysFlt
00000007  eClsAppFlt
00000008  eClsNotFnd
00000009  eClsBadFmt
0000000A  eClsLocked
0000000B  eClsMedia
0000000C  eClsClash
0000000D  eClsUnk
00000080  cmdBufferL
00000002  driveSpecL
00000040  dirPathL
0000000B  fcbNameL
0000000C  filenameL
0000000D  fileNameZL
00000042  fullDirPathL
00000043  fullDirPathZL
0000004F  fileSpecZL
0000000E  cmdNameL
0000005C  fcb1
0000006C  fcb2
00000080  cmdLineCnt
00000081  cmdLine
00000000  drvHdr
00000000  drvHdr.nxtPtr
00000008  drvHdr.attrib
0000000A  drvHdr.strPtr
00000012  drvHdr.intPtr
0000001A  drvHdr.drvNam
00000022  drvHdr_size
00000000  execProg
00000000  execProg.pEnv
00000008  execProg.pCmdLine
00000010  execProg.pfcb1
00000018  execProg.pfcb2
00000020  execProg_size
00000001  dirReadOnly
00000002  dirHidden
00000004  dirSystem
00000008  dirVolumeID
00000010  dirDirectory
00000020  dirArchive
00000040  dirCharDev
0000000F  dirLongName
00000016  dirInclusive
00000006  dirIncFiles
0000000A  cmdStateL
0000001C  cmdLineStateL


---- Section .data ------------------------------------------------------------

Real              Virtual           Name
               0                 0  startLbl
               5                 5  stackBottom
               D                 D  returnCode
               F                 F  realParent
              17                17  sysVars
              1F                1F  numHdls
              21                21  promptPtr
              23                23  pathSep
              24                24  switchChar
              25                25  permaSwitch
              26                26  parentInt42
              2E                2E  ctryData
              54                54  currDirStr
              97                97  cmdLineStatePtr
              97                97  cmdStartOff
              98                98  cmdEndOff
              99                99  pipeFlag
              9A                9A  pipeHndl
              9C                9C  pipeName
              A9                A9  cmdStatePtr
              A9                A9  cmdDrvSpec
              AB                AB  redirIn
              AC                AC  redirOut
              AD                AD  arg1Flg
              AE                AE  arg1Off
              AF                AF  arg1FCBret
              B0                B0  arg2Flg
              B1                B1  arg2Off
              B2                B2  arg2FCBret
              B3                B3  cmdFcb
              C3                C3  cmdFFBlock
              EE                EE  launchBlock
             10E               10E  inBuffer
             18E               18E  cmdBuffer
             20E               20E  cmdPathSpec
             25D               25D  fcbCmdSpec
             268               268  cmdSpec
             275               275  cmdName
             283               283  rdrInFilespec
             2D2               2D2  rdrOutFilespec
             321               321  searchSpec
             3A1               3A1  dirPrnType
             3A2               3A2  dirLineCtr
             3A3               3A3  dirFileCtr
             3A4               3A4  dirDrv
             3A5               3A5  dirOldCWD
             425               425  dirPathArg
             4A5               4A5  dirSrchPat
             4AD               4AD  dirSPExt
             4B1               4B1  volLblSpc
             4BE               4BE  volPathBuf
             4C5               4C5  td1
             4C6               4C6  td2
             4C7               4C7  td3
             4C8               4C8  td4
             4C9               4C9  functionTable
             56C               56C  crlf
             56F               56F  crlf2
             574               574  badBat
             58B               58B  needBat
             5C9               5C9  badCmd
             5E4               5E4  dupName
             5FB               5FB  fnfMsg
             60C               60C  noSpace
             626               626  noEnvSpace
             641               641  fulRootDir
             657               657  noSelfCopy
             67B               67B  filLostErr
             6A5               6A5  copyOk
             6B7               6B7  dirOk
             6C1               6C1  bytesOk
             6CF               6CF  dirLbl
             6D8               6D8  badDrv
             6F6               6F6  pauseMes
             715               715  badParm
             729               729  dayName
             73E               73E  badDate
             74D               74D  curDate
             75E               75E  newDate
             770               770  usDate
             77D               77D  ukDate
             78A               78A  jpDate
             797               797  badTime
             7A6               7A6  curTime
             7B7               7B7  newTime
             7CA               7CA  ynMes
             7DF               7DF  dosVer
             7F1               7F1  volMes
             803               803  volOk
             808               808  volNo
             816               816  badDir
             82A               82A  badMD
             847               847  badRD
             87E               87E  dirMain
             88E               88E  noPath
             897               897  badDrvSrch
             8B6               8B6  badDev
             8C7               8C7  badLbl
             8D9               8D9  syntaxErr
             8E8               8E8  forNest
             900               900  pipeErr
             926               926  binDevErr
             94D               94D  offMes
             953               953  onMes
             958               958  breakIs
             962               962  verifyIs
             96D               96D  echoIs
             976               976  badSpec
             992               992  badArgs
             9B1               9B1  devWriteErr
             9C8               9C8  backSpace
             9CC               9CC  memSys
             9F2               9F2  memDOS
             A18               A18  memApp
             A3E               A3E  memHole
             A64               A64  memFree
             A8A               A8A  memByte
             A91               A91  memBad0
             AB7               AB7  memBad1
             AD1               AD1  memBad2
             AE0               AE0  memBad3
             AF0               AF0  ansiCls
             AF4               AF4  fourSpc
             AF9               AF9  threeSpc
             AFD               AFD  twoSpc
             B00               B00  badOnOff
             B19               B19  pathEVar
             B1E               B1E  promptEVar
             B25               B25  commandStart
             B39               B39  applicationReturn
             B89               B89  applicationReturn.handleClose
             B93               B93  commandMain
             BA4               BA4  commandMain.inputMain
             BFB               BFB  commandMain.dfltErrExit
             C08               C08  parseInput
             C5A               C5A  parseInput.cmdLineProcess
             C5F               C5F  parseInput.redirFound
             C7C               C7C  parseInput.arg1
             C9D               C9D  parseInput.arg2
             CC7               CC7  parseInput.argCommon
             CE0               CE0  parseInput.exit
             D2E               D2E  parseInput.keepSearching
             D42               D42  parseInput.cmdStartFnd
             D5E               D5E  parseInput.cmdGetChar
             D74               D74  parseInput.nameLenFnd
             DA5               DA5  ..@68._ret
             DA6               DA6  doCommandLine
             DE6               DE6  ..@70._base
             DE8               DE8  doCommandLine.badDrive
             DF4               DF4  ..@71._ret
             DF5               DF5  doCommandLine.noDriveSpecified
             E4B               E4B  doCommandLine.fcbArgsDone
             E93               E93  ..@72._ret
             E94               E94  doCommandLine.executeInternal
             E9B               E9B  doCommandLine.nextEntry
             ED7               ED7  ..@73._ret
             ED8               ED8  doCommandLine.gotoNextEntry
             EE4               EE4  doCommandLine.dfltErrExit
             EEF               EEF  ..@74._ret
             EF0               EF0  checkExtensionExec
             F0A               F0A  ..@76._base
             F11               F11  ..@78._base
             F18               F18  ..@80._base
             F1B               F1B  ..@81._ret
             F1C               F1C  checkAndSetupRedir
             F2A               F2A  checkAndSetupRedir.redirExit
             F2B               F2B  ..@82._ret
             F2C               F2C  checkAndSetupRedir.inputRedir
             F4F               F4F  checkAndSetupRedir.outputRedir
             F61               F61  checkAndSetupRedir.notDouble
             F7D               F7D  checkAndSetupRedir.pipeSetup
             F88               F88  ..@83._ret
             F89               F89  copyCommandTailItemProgram
             FA8               FA8  copyCommandTailItemProgram.endOfInput
             FAE               FAE  ..@84._ret
             FAF               FAF  copyCommandTailItemProgram.exit
             FB2               FB2  ..@85._ret
             FB3               FB3  copyCommandTailItem
             FD2               FD2  copyCommandTailItem.pathSep
             FF2               FF2  copyCommandTailItem.endOfInput
             FF8               FF8  ..@86._ret
             FF9               FF9  copyCommandTailItem.exit
             FFC               FFC  ..@87._ret
             FFD               FFD  int4Eh
            1031              1031  badParamError
            103A              103A  badDriveError
            1043              1043  badArgError
            104C              104C  badFileError
            1055              1055  badDirError
            105C              105C  badCmn
            1064              1064  ..@88._ret
            1065              1065  dir
            10B3              10B3  dir.switchScan
            10C9              10C9  dir.notWideSw
            10DA              10DA  dir.switchScanDone
            10ED              10ED  dir.loop
            110B              110B  dir.notSwitch
            1122              1122  dir.nameCopy
            1134              1134  dir.terminateCopy
            1139              1139  dir.eocReached
            113C              113C  dir.eocNoNull
            1179              1179  dir.currentDrv
            1184              1184  dir.dirPrintVol
            11A2              11A2  dir.printCWD
            1202              1202  ..@89._ret
            1203              1203  dir.searchForFile
            121B              121B  dir.noAddSlash
            123A              123A  dir.findNext
            1245              1245  dir.dirNoMoreFiles
            1259              1259  dir.dirNoEndNewLine
            12B4              12B4  ..@90._ret
            12B5              12B5  dir.dirPrintFileData
            12BC              12BC  ..@92._base
            1331              1331  dir.dirPrintNotDir
            134E              134E  dir.dirPrintFileSizePrep
            1366              1366  dir.dirPrintFileSize
            1367              1367  dir.dirPrintFileSizeLoop
            1380              1380  dir.dirPrintFileDT
            13B8              13B8  dir.widePrint
            13C3              13C3  dir.dirPrintNameExit
            13D6              13D6  ..@94._base
            13D8              13D8  ..@95._ret
            13D9              13D9  ..@94.a
            13FA              13FA  ..@96._ret
            13FB              13FB  chdir
            1404              1404  chdir.printCWD
            140E              140E  ..@97._ret
            140F              140F  chdir.printDiskCWD
            1450              1450  ..@98._ret
            1451              1451  chdir.changeDir
            1486              1486  chdir.getFQPath
            14A2              14A2  ..@99._ret
            14A3              14A3  mkdir
            14DE              14DE  ..@101._base
            14E0              14E0  mkdir.badMake
            14EE              14EE  ..@102._ret
            14EF              14EF  rmdir
            152A              152A  ..@104._base
            152C              152C  rmdir.badRemove
            153A              153A  ..@105._ret
            153B              153B  copy
            153B              153B  ..@106._ret
            153C              153C  erase
            153C              153C  ..@107._ret
            153D              153D  date
            15FF              15FF  ..@109._base
            1601              1601  ..@110._ret
            1602              1602  ..@109.a
            1602              1602  ..@111._ret
            1603              1603  time
            1697              1697  ..@113._base
            1699              1699  ..@114._ret
            169A              169A  ..@113.a
            169A              169A  ..@115._ret
            169B              169B  ctty
            16DB              16DB  ctty.noDrive
            1725              1725  ..@116._ret
            1726              1726  ctty.badCharDev
            1735              1735  ..@117._ret
            1736              1736  cls
            1759              1759  cls.biosCheck
            176C              176C  cls.biosConfirmed
            178F              178F  ..@118._ret
            1790              1790  cls.doAnsi
            179E              179E  cls.ansiLp
            17A7              17A7  ..@119._ret
            17A8              17A8  break
            17DD              17DD  ..@120._ret
            17DE              17DE  break.argumentProvided
            180A              180A  break.maybeOn
            1815              1815  break.setBreak
            181C              181C  ..@121._ret
            181D              181D  break.badOnOff
            1828              1828  ..@122._ret
            1829              1829  verify
            185E              185E  ..@123._ret
            185F              185F  verify.argumentProvided
            188B              188B  verify.maybeOn
            1895              1895  verify.setVerify
            1899              1899  ..@124._ret
            189A              189A  verify.badOnOff
            18A5              18A5  ..@125._ret
            18A6              18A6  rename
            18A6              18A6  ..@126._ret
            18A7              18A7  truename
            18DC              18DC  ..@127._ret
            18DD              18DD  volume
            1904              1904  volume.checkDriveLetter
            1939              1939  volume.dirEP
            1973              1973  volume.dirLblCopy
            197D              197D  volume.dirLblSkipStore
            1981              1981  volume.skipVolLbl
            19BB              19BB  ..@128._ret
            19BC              19BC  volume.volIDOk
            19EF              19EF  ..@129._ret
            19F0              19F0  version
            1A16              1A16  ..@130._ret
            1A17              1A17  version.printVersionNumber
            1A33              1A33  ..@131._ret
            1A34              1A34  memory
            1A50              1A50  memory.sysvarsOK
            1A5F              1A5F  memory.memLp
            1A6D              1A6D  memory.validMCB
            1A83              1A83  memory.notDOS
            1A92              1A92  memory.notFree
            1AA1              1AA1  memory.notHole
            1AA4              1AA4  memory.gotoNext
            1AB0              1AB0  memory.endOfWalk
            1AF1              1AF1  memory.skipHole
            1B5F              1B5F  ..@132._ret
            1B60              1B60  memory.mcbPrintAmount
            1B6D              1B6D  ..@133._ret
            1B6E              1B6E  memory.badMCBFound
            1B7E              1B7E  type
            1BC7              1BC7  type.noDrive
            1BEA              1BEA  type.lp
            1C0F              1C0F  type.exit
            1C13              1C13  ..@134._ret
            1C14              1C14  type.exitBad
            1C16              1C16  exit
            1C1D              1C1D  ..@136._base
            1C2C              1C2C  ..@138._base
            1C4B              1C4B  ..@139._ret
            1C4C              1C4C  launchChild
            1C8B              1C8B  launchChild.noExt
            1CAF              1CAF  launchChild.search
            1CC3              1CC3  launchChild.moreSearch
            1CD0              1CD0  launchChild.noMoreFiles
            1CEA              1CEA  launchChild.launchexebat
            1CF9              1CF9  launchChild.launchbat
            1CFE              1CFE  launchChild.launch
            1D3C              1D3C  launchChild.noExtCheckExt
            1D6C              1D6C  ..@140._ret
            1D6D              1D6D  launchChild.neceexe
            1D7A              1D7A  ..@141._ret
            1D7B              1D7B  launchChild.necebat
            1D80              1D80  ..@143._base
            1D88              1D88  ..@144._ret
            1D89              1D89  launchChild.dfltErrExit
            1D94              1D94  ..@145._ret
            1D95              1D95  printCRLF
            1DAA              1DAA  ..@146._ret
            1DAB              1DAB  printDate
            1DF6              1DF6  ..@147._ret
            1DF7              1DF7  printDate.usDate
            1E34              1E34  ..@148._ret
            1E35              1E35  printDate.jpnDate
            1E72              1E72  ..@149._ret
            1E73              1E73  printDate.printFirst
            1E81              1E81  printDate.skipSpace
            1E8E              1E8E  ..@150._ret
            1E8F              1E8F  printDate.printSecond
            1E9F              1E9F  printDate.printYear
            1EBC              1EBC  printDate.twoDigitYear
            1ECC              1ECC  ..@151._ret
            1ECD              1ECD  printTime
            1EEA              1EEA  ..@152._ret
            1EEB              1EEB  printTime.ampm
            1F04              1F04  ..@153._ret
            1F05              1F05  printTime.pm
            1F0A              1F0A  printTime.pm2
            1F1A              1F1A  ..@154._ret
            1F1B              1F1B  printTime.printMinutes
            1F2F              1F2F  printTime.printMinutesAlt
            1F3F              1F3F  printTime.printHours
            1F4D              1F4D  printTime.skipSpace
            1F5A              1F5A  ..@155._ret
            1F5B              1F5B  putVersionInPrompt
            1F88              1F88  ..@156._ret
            1F89              1F89  putEscInPrompt
            1F8D              1F8D  putMoneyInPrompt
            1F91              1F91  putEquInPrompt
            1F95              1F95  putPipeInPrompt
            1F99              1F99  putGTinPrompt
            1F9D              1F9D  putLTinPrompt
            1FA1              1FA1  putDriveInPrompt
            1FA9              1FA9  outChar
            1FAD              1FAD  ..@157._ret
            1FAE              1FAE  putCWDInPrompt
            1FEC              1FEC  ..@158._ret
            1FED              1FED  BCDtoHex
            2001              2001  BCDtoHex.bth
            200C              200C  hexToBCD
            2012              2012  hexToBCD.htb0
            2022              2022  hexToBCD.htb1
            2029              2029  printPackedBCD
            203C              203C  printPackedBCD.upperNybble
            204A              204A  printPackedBCD.lowerNybble
            2054              2054  ..@159._ret
            2055              2055  getCurrentDrive
            2059              2059  ..@160._ret
            205A              205A  strlen
            2068              2068  ..@161._ret
            2069              2069  findTerminatorOrEOC
            2087              2087  findTerminatorOrEOC.endOfInput
            208D              208D  ..@162._ret
            208E              208E  findTerminatorOrEOC.exit
            2091              2091  ..@163._ret
            2092              2092  findTerminator
            209D              209D  ..@164._ret
            209E              209E  isALterminator
            20A0              20A0  ..@166._base
            20A4              20A4  ..@168._base
            20A8              20A8  ..@170._base
            20AC              20AC  ..@172._base
            20B0              20B0  ..@174._base
            20B4              20B4  ..@175._ret
            20B5              20B5  findEndOfCommand
            20C0              20C0  ..@176._ret
            20C1              20C1  isALEndOfCommand
            20C3              20C3  ..@178._base
            20C7              20C7  ..@179._ret
            20C8              20C8  scanForRedir
            20CC              20CC  scanForRedir.lp
            20CF              20CF  scanForRedir.exit
            20D1              20D1  ..@180._ret
            20D2              20D2  skipSpaces
            20DA              20DA  ..@182._base
            20DC              20DC  skipSpaces.skip
            20E1              20E1  printPrompt
            20F6              20F6  ..@183._ret
            20F7              20F7  printPrompt.validPrompt
            20F7              20F7  ..@184._ret
            20F8              20F8  clearCommandState
            2108              2108  ..@185._ret
            2109              2109  clearCommandLineState
            2119              2119  ..@186._ret
            211A              211A  asciiToFCB
            212B              212B  asciiFilenameToFCB
            2148              2148  asciiFilenameToFCB.processName
            2158              2158  asciiFilenameToFCB.extSpace
            2161              2161  asciiFilenameToFCB.ext
            2165              2165  asciiFilenameToFCB.processExt
            2171              2171  asciiFilenameToFCB.exitBadChar
            2173              2173  asciiFilenameToFCB.exit
            2174              2174  ..@187._ret
            2175              2175  FCBToAsciiz
            217C              217C  FCBToAsciiz.scanNameSpace
            218F              218F  FCBToAsciiz.ext
            219C              219C  FCBToAsciiz.validExt
            21A6              21A6  FCBToAsciiz.scanExtSpace
            21B1              21B1  FCBToAsciiz.exit
            21B4              21B4  ..@188._ret
            21B5              21B5  buildCommandPath
            21E6              21E6  buildCommandPath.relativeGiven
            21F1              21F1  buildCommandPath.relativeCommon
            222A              222A  buildCommandPath.absoluteCurrent
            2245              2245  buildCommandPath.absolutePath
            224C              224C  buildCommandPath.buildPath
            2252              2252  ..@189._ret
            2253              2253  printDecimalWord
            2267              2267  printDecimalWord.notZero
            226E              226E  printDecimalWord.dpfb0
            227E              227E  printDecimalWord.dpfb00
            2282              2282  printDecimalWord.dpfb01
            2292              2292  printDecimalWord.dpfb1
            229E              229E  printDecimalWord.dpfb10
            22A0              22A0  printDecimalWord.dpfb11
            22A5              22A5  printDecimalWord.dpfb2
            22B5              22B5  printDecimalWord.dpfb20
            22BB              22BB  printDecimalWord.dpfb21
            22C3              22C3  ..@190._ret
            22C4              22C4  getDecimalWord
            22CD              22CD  getDecimalWord.dpfb0
            22E3              22E3  getDecimalWord.dpfb1
            22EA              22EA  ..@191._ret
            22EB              22EB  freezePC
            22F6              22F6  freezePC.altEP
            2301              2301  freezePC.lp
            2306              2306  getFilenamePtrFromFilespec
            231A              231A  getFilenamePtrFromFilespec.lp
            231D              231D  ..@193._base
            2332              2332  getFilenamePtrFromFilespec.pointFilename
            2335              2335  ..@194._ret
            2336              2336  getFilenamePtrFromFilespec.exitBad
            2337              2337  getFilenamePtrFromFilespec.exit
            2337              2337  ..@195._ret
            2338              2338  copyArgumentToSearchSpec
            233F              233F  copyArgumentToSearchSpec.copyPath
            2351              2351  copyArgumentToSearchSpec.finishCopy
            2354              2354  ..@196._ret
            2355              2355  critErrorHandler
            23CF              23CF  critErrorHandler.userInput
            23DA              23DA  critErrorHandler.userAbort
            23E5              23E5  critErrorHandler.userRetry
            2400              2400  critErrorHandler.userIgnore
            241B              241B  critErrorHandler.userFail
            2436              2436  critErrorHandler.userMsgEnd
            2454              2454  critErrorHandler.uip1
            2466              2466  critErrorHandler.validInput
            2474              2474  critErrorHandler.viFail
            247F              247F  critErrorHandler.viIgnore
            248A              248A  critErrorHandler.viRetry
            2493              2493  critErrorHandler.cehExit
            249A              249A  critErrorHandler.charError
            24A6              24A6  critErrorHandler.ce1
            24B4              24B4  critErrorHandler.errorMsgTable
            259E              259E  critErrorHandler.drive
            25A5              25A5  critErrorHandler.readmsg
            25B4              25B4  critErrorHandler.writemsg
            25C3              25C3  critErrorHandler.abortmsg
            25C9              25C9  critErrorHandler.ignoremsg
            25D0              25D0  critErrorHandler.retrymsg
            25D6              25D6  critErrorHandler.failmsg
            25DB              25DB  critErrorHandler.betweenMsg
            25DE              25DE  critErrorHandler.endMsg
            25E1              25E1  critErrorHandler.responses
            25E5              25E5  int43h
            25E9              25E9  masterEnv
            2613              2613  endOfAlloc
            2613              2613  cmdLdr
            2628              2628  cmdLdr.okVersion
            26A0              26A0  cmdLdr.skipSwitch
            2720              2720  cmdLdr.skipMaster
            274B              274B  cmdLdr.noSwitches
            2752              2752  cmdLdr.printInit
            277B              277B  initString
            27B1              27B1  initString2
            27EF              27EF  badVerStr

