
- NASM Map file ---------------------------------------------------------------

Source file:  ./Source/Utils/COMMAND/command.asm
Output file:  ./Source/Utils/COMMAND/Binaries/command.com

-- Program origin -------------------------------------------------------------

00000000

-- Sections (summary) ---------------------------------------------------------

Vstart            Start             Stop              Length    Class     Name
               0                 0                 0  00000000  progbits  .text
               0                 0              260E  0000260E  progbits  .data

-- Sections (detailed) --------------------------------------------------------

---- Section .text ------------------------------------------------------------

class:     progbits
length:                   0
start:                    0
align:     not defined
follows:   not defined
vstart:                   0
valign:    not defined
vfollows:  not defined

---- Section .data ------------------------------------------------------------

class:     progbits
length:                260E
start:                    0
align:                    1
follows:   not defined
vstart:                   0
valign:    not defined
vfollows:  not defined

-- Symbols --------------------------------------------------------------------

---- No Section ---------------------------------------------------------------

Value     Name
00000000  dpb
00000000  dpb.bDriveNumber
00000001  dpb.bUnitNumber
00000002  dpb.wBytesPerSector
00000004  dpb.bMaxSectorInCluster
00000005  dpb.bSectorsPerClusterShift
00000006  dpb.wFAToffset
00000008  dpb.bNumberOfFATs
00000009  dpb.wNumberRootDirEntries
0000000B  dpb.dClusterHeapOffset
0000000F  dpb.dClusterCount
00000013  dpb.dFATlength
00000017  dpb.dFirstUnitOfRootDir
0000001B  dpb.qDriverHeaderPtr
00000023  dpb.bMediaDescriptor
00000024  dpb.bAccessFlag
00000025  dpb.qNextDPBPtr
0000002D  dpb.dFirstFreeCluster
00000031  dpb.dNumberOfFreeClusters
00000035  dpb_size
00000FF5  fat12MaxClustCnt
0000FFF5  fat16MaxClustCnt
00000000  cds
00000000  cds.sCurrentPath
00000043  cds.wFlags
00000045  cds.qDPBPtr
0000004D  cds.dStartCluster
00000051  cds.qReserved
00000059  cds.wBackslashOffset
0000005B  cds_size
00008000  cdsRedirDrive
00004000  cdsValidDrive
00002000  cdsJoinDrive
00001000  cdsSubstDrive
00000080  cdsRdirLocDrive
00000000  sfth
00000000  sfth.qNextSFTPtr
00000008  sfth.wNumFiles
0000000A  sfth_size
00000000  sft
00000000  sft.wNumHandles
00000002  sft.wOpenMode
00000004  sft.bFileAttrib
00000005  sft.wDeviceInfo
00000007  sft.qPtr
0000000F  sft.dStartClust
00000013  sft.wTime
00000015  sft.wDate
00000017  sft.dFileSize
0000001B  sft.dCurntOff
0000001F  sft.dRelClust
00000023  sft.dAbsClusr
00000027  sft.qDirSect
0000002F  sft.bNumDirEnt
00000030  sft.sFileName
0000003B  sft.qSharePtr
00000043  sft.wMachNum
00000045  sft.qPSPOwner
0000004D  sft.wShareRec
0000004F  sft_size
00000000  ReadAccess
00000001  WriteAccess
00000002  RWAccess
00000000  CompatShare
00000010  denyRWShare
00000020  denyWriteShare
00000030  denyReadShare
00000040  denyNoneShare
00000070  netFCBShare
00002000  diskFullFail
00004000  noBufferWrites
00008000  FCBopenedFile
00000001  readOnlyFile
00000002  hiddenFile
00000004  systemFile
00000008  volumeLabel
00000010  directoryFile
00000020  archiveFile
00000001  charDevConIn
00000002  charDevConOut
00000004  charDevNulDev
00000008  charDevClockDev
00000010  charDevFastOut
00000020  charDevBinary
00000040  charDevNoEOF
00000040  blokFileToFlush
00000080  devCharDev
00000800  charDevNetSpool
00001000  devNoInherit
00002000  charDevNamePipe
00004000  blokNoDTonClose
00008000  devRedirDev
00000000  bufferHdr
00000000  bufferHdr.nextBufPtr
00000008  bufferHdr.driveNumber
00000009  bufferHdr.bufferFlags
0000000A  bufferHdr.bufferLBA
00000012  bufferHdr.bufFATcopy
00000013  bufferHdr.bufFATsize
00000017  bufferHdr.driveDPBPtr
0000001F  bufferHdr.owningFile
00000027  bufferHdr.reserved
00000030  bufferHdr.dataarea
00000030  bufferHdr_size
00000001  dosBuffer
00000002  fatBuffer
00000004  dirBuffer
00000008  dataBuffer
00000020  refBuffer
00000040  dirtyBuffer
00000000  mcb
00000000  mcb.marker
00000001  mcb.owner
00000009  mcb.blockSize
0000000D  mcb.reserved
00000010  mcb.program
00000010  mcb_size
00000007  mcbOwnerHole
00000000  mcbOwnerFree
00000008  mcbOwnerDOS
0000004D  mcbMarkCtn
0000005A  mcbMarkEnd
00000000  memFirstFit
00000001  memBestFit
00000002  memLastFit
00000000  callerFrame
00000000  callerFrame.rax
00000008  callerFrame.rbx
00000010  callerFrame.rcx
00000018  callerFrame.rdx
00000020  callerFrame.rsi
00000028  callerFrame.rdi
00000030  callerFrame.rbp
00000038  callerFrame.r8
00000040  callerFrame.r9
00000048  callerFrame.rip
00000050  callerFrame.cs
00000058  callerFrame.flags
00000060  callerFrame_size
00000000  dpl
00000000  dpl.rax
00000008  dpl.rbx
00000010  dpl.rcx
00000018  dpl.rdx
00000020  dpl.rsi
00000028  dpl.rdi
00000030  dpl.r8
00000038  dpl.r9
00000040  dpl.align
00000048  dpl.compID
00000050  dpl.procID
00000058  dpl_size
00000000  cfgFrame
00000000  cfgFrame.oldRBP
00000008  cfgFrame.newBuffers
00000009  cfgFrame.newSFTVal
0000000A  cfgFrame.newFCBSVal
0000000B  cfgFrame.newProtFCBSVal
0000000C  cfgFrame.newLastdrive
0000000D  cfgFrame.newStacks
0000000E  cfgFrame.newStackSize
00000010  cfgFrame.newAllocSize
00000018  cfgFrame.endPtr
00000020  cfgFrame_size
00000000  fcb
00000000  fcb.driveNum
00000001  fcb.filename
00000009  fcb.fileext
0000000C  fcb.curBlock
0000000E  fcb.recordSize
00000010  fcb.fileSize
00000014  fcb.fileDate
00000016  fcb.fileTime
00000018  fcb.fcbByte
00000019  fcb.cluster
0000001D  fcb.reserved
00000020  fcb.recordNum
00000021  fcb.randRecrd
00000025  fcb_size
00000000  filename
00000000  filename.fName
00000008  filename.fExt
0000000B  filename_size
00000000  ffBlock
00000000  ffBlock.driveNum
00000001  ffBlock.template
0000000C  ffBlock.attrib
0000000D  ffBlock.dirOffset
00000011  ffBlock.parDirClus
00000015  ffBlock.attribFnd
00000016  ffBlock.fileTime
00000018  ffBlock.fileDate
0000001A  ffBlock.fileSize
0000001E  ffBlock.asciizName
0000002B  ffBlock_size
00000000  psp
00000000  psp.return
00000002  psp.allocSize
0000000A  psp.oldInt42h
00000012  psp.oldInt43h
0000001A  psp.oldInt44h
00000022  psp.parentPtr
0000002A  psp.jobFileTbl
0000003E  psp.envPtr
00000046  psp.rspPtr
0000004E  psp.xtraHdlSz
00000050  psp.unixEntry
00000053  psp.prevPSP
0000005B  psp.xtraHdlNum
0000005C  psp.fcb1
0000006C  psp.fcb2
00000080  psp.dta
00000080  psp.parmList
00000081  psp.progTail
00000100  psp_size
00000000  clkStruc
00000000  clkStruc.dateWord
00000002  clkStruc.minutes
00000003  clkStruc.hours
00000004  clkStruc.hseconds
00000005  clkStruc.seconds
00000006  clkStruc_size
00000000  countryStruc
00000000  countryStruc.dtfmt
00000002  countryStruc.curr
00000007  countryStruc.thouSep
00000009  countryStruc.dcmlSep
0000000B  countryStruc.dateSep
0000000D  countryStruc.timeSep
0000000F  countryStruc.currFmt
00000010  countryStruc.digtdpt
00000011  countryStruc.timefmt
00000012  countryStruc.mapaddr
0000001A  countryStruc.dataSep
0000001C  countryStruc.resv
00000026  countryStruc_size
0003C000  dosAPTsize
00000600  dosLowBase
00000000  critRead
00000001  critWrite
00000000  critDOS
00000002  critFAT
00000004  critDir
00000006  critData
00000008  critFailOK
00000010  critRetryOK
00000020  critIgnorOK
00000080  critCharDev
00000000  critIgnore
00000001  critRetry
00000002  critAbort
00000003  critFail
00000000  NUL
00000003  ETX
00000006  ACK
00000007  BEL
00000008  BSP
00000009  TAB
0000000A  LF
0000000D  CR
00000010  DLE
00000013  DC3
00000014  DC4
00000015  NAK
00000017  ETB
0000001A  EOF
0000001B  ESC
00000020  SPC
0000007F  DEL
00000020  asciiCaret
0000003B  eF1
0000003C  eF2
0000003D  eF3
0000003E  eF4
0000003F  eF5
00000040  eF6
00000041  eF7
0000004B  eCursL
0000004D  eCursR
00000052  eIns
00000053  eDel
0000001E  buffersDefault
00000014  filesDefault
00000004  fcbsDefault
00000000  safeFcbsDeflt
00000005  lastDriveDeflt
00000001  errInvFnc
00000002  errFnf
00000003  errPnf
00000004  errNhl
00000005  errAccDen
00000006  errBadHdl
00000007  errMCBbad
00000008  errNoMem
00000009  errMemAddr
0000000A  errBadEnv
0000000B  errBadFmt
0000000C  errAccCde
0000000D  errInvDat
0000000F  errBadDrv
00000010  errDelCD
00000011  errDevUnk
00000012  errNoFil
00000013  drvErrShft
00000013  errWpd
00000014  errUnkUnt
00000015  errDrvNR
00000016  errUnkCmd
00000017  errCRCerr
00000018  errBadRLn
00000019  errSekErr
0000001A  errUnkMed
0000001B  errSecNF
0000001C  errNoPap
0000001D  errWF
0000001E  errRF
0000001F  errGF
00000020  errShrVio
00000021  errLokVio
00000022  errIDC
00000023  errNoFCB
00000024  errShrFul
00000032  errNoNet
00000050  errFilExist
00000052  errDirExist
00000053  errFI44
00000054  errRedir
00000055  errDupRedir
00000056  errBadPass
00000057  errBadParam
00000058  errNetWrite
00000001  eLocUnk
00000002  eLocDsk
00000003  eLocNet
00000004  eLocChr
00000005  eLocMem
00000001  eActRet
00000002  eActDRet
00000003  eActUsr
00000004  eActAbt
00000005  eActKil
00000006  eActIgn
00000007  eActRetUsr
00000001  eClsOoR
00000002  eClsTS
00000003  eClsAuth
00000004  eClsInt
00000005  eClsHrdFlt
00000006  eClsSysFlt
00000007  eClsAppFlt
00000008  eClsNotFnd
00000009  eClsBadFmt
0000000A  eClsLocked
0000000B  eClsMedia
0000000C  eClsClash
0000000D  eClsUnk
00000080  cmdBufferL
00000002  driveSpecL
00000040  dirPathL
0000000B  fcbNameL
0000000C  filenameL
0000000D  fileNameZL
00000042  fullDirPathL
00000043  fullDirPathZL
0000004F  fileSpecZL
0000000E  cmdNameL
0000005C  fcb1
0000006C  fcb2
00000080  cmdLineCnt
00000081  cmdLine
00000000  drvHdr
00000000  drvHdr.nxtPtr
00000008  drvHdr.attrib
0000000A  drvHdr.strPtr
00000012  drvHdr.intPtr
0000001A  drvHdr.drvNam
00000022  drvHdr_size
00000000  execProg
00000000  execProg.pEnv
00000008  execProg.pCmdLine
00000010  execProg.pfcb1
00000018  execProg.pfcb2
00000020  execProg_size
00000001  dirReadOnly
00000002  dirHidden
00000004  dirSystem
00000008  dirVolumeID
00000010  dirDirectory
00000020  dirArchive
00000040  dirCharDev
0000000F  dirLongName
00000016  dirInclusive
00000006  dirIncFiles
0000000A  cmdStateL
0000001A  cmdLineStateL


---- Section .data ------------------------------------------------------------

Real              Virtual           Name
               0                 0  startLbl
               5                 5  stackBottom
               D                 D  returnCode
               F                 F  realParent
              17                17  sysVars
              1F                1F  numHdls
              21                21  promptPtr
              23                23  pathSep
              24                24  switchChar
              25                25  ctryData
              4B                4B  currDirStr
              8E                8E  cmdLineStatePtr
              8E                8E  cmdStartOff
              8F                8F  cmdEndOff
              90                90  pipeFlag
              91                91  pipeHndl
              93                93  pipeName
              9E                9E  cmdStatePtr
              9E                9E  cmdDrvSpec
              A0                A0  redirIn
              A1                A1  redirOut
              A2                A2  arg1Flg
              A3                A3  arg1Off
              A4                A4  arg1FCBret
              A5                A5  arg2Flg
              A6                A6  arg2Off
              A7                A7  arg2FCBret
              A8                A8  cmdFcb
              B8                B8  cmdFFBlock
              E3                E3  launchBlock
             103               103  inBuffer
             183               183  cmdBuffer
             203               203  cmdPathSpec
             252               252  fcbCmdSpec
             25D               25D  cmdSpec
             26A               26A  cmdName
             278               278  rdrInFilespec
             2C7               2C7  rdrOutFilespec
             316               316  searchSpec
             396               396  dirPrnType
             397               397  dirLineCtr
             398               398  dirFileCtr
             399               399  dirDrv
             39A               39A  dirOldCWD
             41A               41A  dirPathArg
             49A               49A  dirSrchPat
             4A2               4A2  dirSPExt
             4A6               4A6  volLblSpc
             4B3               4B3  volPathBuf
             4BA               4BA  td1
             4BB               4BB  td2
             4BC               4BC  td3
             4BD               4BD  td4
             4BE               4BE  functionTable
             553               553  crlf
             556               556  crlf2
             55B               55B  badBat
             572               572  needBat
             5B0               5B0  badCmd
             5CB               5CB  dupName
             5E2               5E2  fnfMsg
             5F3               5F3  noSpace
             60D               60D  noEnvSpace
             628               628  fulRootDir
             63E               63E  noSelfCopy
             662               662  filLostErr
             68C               68C  copyOk
             69E               69E  dirOk
             6A8               6A8  bytesOk
             6B6               6B6  dirLbl
             6BF               6BF  badDrv
             6DD               6DD  pauseMes
             6FC               6FC  badParm
             710               710  dayName
             725               725  badDate
             734               734  curDate
             745               745  newDate
             757               757  usDate
             764               764  ukDate
             771               771  jpDate
             77E               77E  badTime
             78D               78D  curTime
             79E               79E  newTime
             7B1               7B1  ynMes
             7C6               7C6  dosVer
             7D8               7D8  volMes
             7EA               7EA  volOk
             7EF               7EF  volNo
             7FD               7FD  badDir
             811               811  badMD
             82E               82E  badRD
             865               865  dirMain
             875               875  noPath
             87E               87E  badDrvSrch
             89D               89D  badDev
             8AE               8AE  badLbl
             8C0               8C0  syntaxErr
             8CF               8CF  forNest
             8E7               8E7  pipeErr
             90D               90D  binDevErr
             934               934  offMes
             93A               93A  onMes
             93F               93F  breakIs
             949               949  verifyIs
             954               954  echoIs
             95D               95D  badSpec
             979               979  badArgs
             998               998  devWriteErr
             9AF               9AF  backSpace
             9B3               9B3  memSys
             9D9               9D9  memDOS
             9FF               9FF  memApp
             A25               A25  memHole
             A4B               A4B  memFree
             A71               A71  memByte
             A78               A78  memBad0
             A9E               A9E  memBad1
             AB8               AB8  memBad2
             AC7               AC7  memBad3
             AD7               AD7  ansiCls
             ADB               ADB  fourSpc
             AE0               AE0  threeSpc
             AE4               AE4  twoSpc
             AE7               AE7  badOnOff
             B00               B00  pathEVar
             B05               B05  promptEVar
             B0C               B0C  commandStart
             B20               B20  applicationReturn
             B70               B70  applicationReturn.handleClose
             B7A               B7A  commandMain
             B8B               B8B  commandMain.inputMain
             BE2               BE2  commandMain.dfltErrExit
             BEF               BEF  parseInput
             C41               C41  parseInput.cmdLineProcess
             C46               C46  parseInput.redirFound
             C63               C63  parseInput.arg1
             C84               C84  parseInput.arg2
             CAE               CAE  parseInput.argCommon
             CC7               CC7  parseInput.exit
             D15               D15  parseInput.keepSearching
             D29               D29  parseInput.cmdStartFnd
             D45               D45  parseInput.cmdGetChar
             D5B               D5B  parseInput.nameLenFnd
             D8C               D8C  ..@53._ret
             D8D               D8D  doCommandLine
             DCD               DCD  ..@55._base
             DCF               DCF  doCommandLine.badDrive
             DDB               DDB  ..@56._ret
             DDC               DDC  doCommandLine.noDriveSpecified
             E32               E32  doCommandLine.fcbArgsDone
             E7A               E7A  ..@57._ret
             E7B               E7B  doCommandLine.executeInternal
             E82               E82  doCommandLine.nextEntry
             EBE               EBE  ..@58._ret
             EBF               EBF  doCommandLine.gotoNextEntry
             ECB               ECB  doCommandLine.dfltErrExit
             ED6               ED6  ..@59._ret
             ED7               ED7  checkExtensionExec
             EF1               EF1  ..@61._base
             EF8               EF8  ..@63._base
             EFF               EFF  ..@65._base
             F02               F02  ..@66._ret
             F03               F03  checkAndSetupRedir
             F11               F11  checkAndSetupRedir.redirExit
             F12               F12  ..@67._ret
             F13               F13  checkAndSetupRedir.inputRedir
             F36               F36  checkAndSetupRedir.outputRedir
             F48               F48  checkAndSetupRedir.notDouble
             F64               F64  checkAndSetupRedir.pipeSetup
             F6F               F6F  ..@68._ret
             F70               F70  copyCommandTailItem
             F8F               F8F  copyCommandTailItem.endOfInput
             F95               F95  ..@69._ret
             F96               F96  copyCommandTailItem.exit
             F99               F99  ..@70._ret
             F9A               F9A  int4Eh
             FCE               FCE  badParamError
             FD7               FD7  badDriveError
             FE0               FE0  badArgError
             FE9               FE9  badDirError
             FF0               FF0  badCmn
             FF8               FF8  ..@71._ret
             FF9               FF9  dir
            1047              1047  dir.switchScan
            105D              105D  dir.notWideSw
            106E              106E  dir.switchScanDone
            1081              1081  dir.loop
            109F              109F  dir.notSwitch
            10B6              10B6  dir.nameCopy
            10C8              10C8  dir.terminateCopy
            10CD              10CD  dir.eocReached
            10D0              10D0  dir.eocNoNull
            110D              110D  dir.currentDrv
            1118              1118  dir.dirPrintVol
            1136              1136  dir.printCWD
            1196              1196  ..@72._ret
            1197              1197  dir.searchForFile
            11AF              11AF  dir.noAddSlash
            11CE              11CE  dir.findNext
            11D9              11D9  dir.dirNoMoreFiles
            11ED              11ED  dir.dirNoEndNewLine
            1248              1248  ..@73._ret
            1249              1249  dir.dirPrintFileData
            12BC              12BC  dir.dirPrintNotDir
            12D9              12D9  dir.dirPrintFileSizePrep
            12F1              12F1  dir.dirPrintFileSize
            12F2              12F2  dir.dirPrintFileSizeLoop
            130B              130B  dir.dirPrintFileDT
            1343              1343  dir.widePrint
            134E              134E  dir.dirPrintNameExit
            1361              1361  ..@75._base
            1363              1363  ..@76._ret
            1364              1364  ..@75.a
            1385              1385  ..@77._ret
            1386              1386  chdir
            138F              138F  chdir.printCWD
            1399              1399  ..@78._ret
            139A              139A  chdir.printDiskCWD
            13DB              13DB  ..@79._ret
            13DC              13DC  chdir.changeDir
            1411              1411  chdir.getFQPath
            142D              142D  ..@80._ret
            142E              142E  mkdir
            1471              1471  ..@81._ret
            1472              1472  mkdir.badMake
            1480              1480  ..@82._ret
            1481              1481  rmdir
            14C4              14C4  ..@83._ret
            14C5              14C5  rmdir.badRemove
            14D3              14D3  ..@84._ret
            14D4              14D4  copy
            14D4              14D4  ..@85._ret
            14D5              14D5  erase
            14D5              14D5  ..@86._ret
            14D6              14D6  date
            1598              1598  ..@88._base
            159A              159A  ..@89._ret
            159B              159B  ..@88.a
            159B              159B  ..@90._ret
            159C              159C  time
            1630              1630  ..@92._base
            1632              1632  ..@93._ret
            1633              1633  ..@92.a
            1633              1633  ..@94._ret
            1634              1634  ctty
            1634              1634  ..@95._ret
            1635              1635  cls
            1658              1658  cls.biosCheck
            166B              166B  cls.biosConfirmed
            168E              168E  ..@96._ret
            168F              168F  cls.doAnsi
            169D              169D  cls.ansiLp
            16A6              16A6  ..@97._ret
            16A7              16A7  break
            16DC              16DC  ..@98._ret
            16DD              16DD  break.argumentProvided
            1709              1709  break.maybeOn
            1714              1714  break.setBreak
            171B              171B  ..@99._ret
            171C              171C  break.badOnOff
            1727              1727  ..@100._ret
            1728              1728  verify
            175D              175D  ..@101._ret
            175E              175E  verify.argumentProvided
            178A              178A  verify.maybeOn
            1794              1794  verify.setVerify
            1798              1798  ..@102._ret
            1799              1799  verify.badOnOff
            17A4              17A4  ..@103._ret
            17A5              17A5  rename
            17A5              17A5  ..@104._ret
            17A6              17A6  truename
            17DB              17DB  ..@105._ret
            17DC              17DC  volume
            1803              1803  volume.checkDriveLetter
            1838              1838  volume.dirEP
            1872              1872  volume.dirLblCopy
            187C              187C  volume.dirLblSkipStore
            1880              1880  volume.skipVolLbl
            18BA              18BA  ..@106._ret
            18BB              18BB  volume.volIDOk
            18EE              18EE  ..@107._ret
            18EF              18EF  version
            1915              1915  ..@108._ret
            1916              1916  version.printVersionNumber
            1932              1932  ..@109._ret
            1933              1933  memory
            194F              194F  memory.sysvarsOK
            195E              195E  memory.memLp
            196C              196C  memory.validMCB
            1982              1982  memory.notDOS
            1991              1991  memory.notFree
            19A0              19A0  memory.notHole
            19A3              19A3  memory.gotoNext
            19AF              19AF  memory.endOfWalk
            19F0              19F0  memory.skipHole
            1A5E              1A5E  ..@110._ret
            1A5F              1A5F  memory.mcbPrintAmount
            1A6C              1A6C  ..@111._ret
            1A6D              1A6D  memory.badMCBFound
            1A7D              1A7D  launchChild
            1ABC              1ABC  launchChild.noExt
            1AE0              1AE0  launchChild.search
            1AF4              1AF4  launchChild.moreSearch
            1B01              1B01  launchChild.noMoreFiles
            1B1B              1B1B  launchChild.launchexebat
            1B2A              1B2A  launchChild.launchbat
            1B2F              1B2F  launchChild.launch
            1B6D              1B6D  launchChild.noExtCheckExt
            1B9D              1B9D  ..@112._ret
            1B9E              1B9E  launchChild.neceexe
            1BAB              1BAB  ..@113._ret
            1BAC              1BAC  launchChild.necebat
            1BB1              1BB1  ..@115._base
            1BB9              1BB9  ..@116._ret
            1BBA              1BBA  launchChild.dfltErrExit
            1BC5              1BC5  ..@117._ret
            1BC6              1BC6  printCRLF
            1BDB              1BDB  ..@118._ret
            1BDC              1BDC  printDate
            1C27              1C27  ..@119._ret
            1C28              1C28  printDate.usDate
            1C65              1C65  ..@120._ret
            1C66              1C66  printDate.jpnDate
            1CA3              1CA3  ..@121._ret
            1CA4              1CA4  printDate.printFirst
            1CB2              1CB2  printDate.skipSpace
            1CBF              1CBF  ..@122._ret
            1CC0              1CC0  printDate.printSecond
            1CD0              1CD0  printDate.printYear
            1CED              1CED  printDate.twoDigitYear
            1CFD              1CFD  ..@123._ret
            1CFE              1CFE  printTime
            1D1B              1D1B  ..@124._ret
            1D1C              1D1C  printTime.ampm
            1D35              1D35  ..@125._ret
            1D36              1D36  printTime.pm
            1D3B              1D3B  printTime.pm2
            1D4B              1D4B  ..@126._ret
            1D4C              1D4C  printTime.printMinutes
            1D60              1D60  printTime.printMinutesAlt
            1D70              1D70  printTime.printHours
            1D7E              1D7E  printTime.skipSpace
            1D8B              1D8B  ..@127._ret
            1D8C              1D8C  putVersionInPrompt
            1DB9              1DB9  ..@128._ret
            1DBA              1DBA  putEscInPrompt
            1DBE              1DBE  putMoneyInPrompt
            1DC2              1DC2  putEquInPrompt
            1DC6              1DC6  putPipeInPrompt
            1DCA              1DCA  putGTinPrompt
            1DCE              1DCE  putLTinPrompt
            1DD2              1DD2  putDriveInPrompt
            1DDA              1DDA  outChar
            1DDE              1DDE  ..@129._ret
            1DDF              1DDF  putCWDInPrompt
            1E1D              1E1D  ..@130._ret
            1E1E              1E1E  BCDtoHex
            1E32              1E32  BCDtoHex.bth
            1E3D              1E3D  hexToBCD
            1E43              1E43  hexToBCD.htb0
            1E53              1E53  hexToBCD.htb1
            1E5A              1E5A  printPackedBCD
            1E6D              1E6D  printPackedBCD.upperNybble
            1E7B              1E7B  printPackedBCD.lowerNybble
            1E85              1E85  ..@131._ret
            1E86              1E86  getCurrentDrive
            1E8A              1E8A  ..@132._ret
            1E8B              1E8B  strlen
            1E99              1E99  ..@133._ret
            1E9A              1E9A  findTerminatorOrEOC
            1EB8              1EB8  findTerminatorOrEOC.endOfInput
            1EBE              1EBE  ..@134._ret
            1EBF              1EBF  findTerminatorOrEOC.exit
            1EC2              1EC2  ..@135._ret
            1EC3              1EC3  findTerminator
            1ECE              1ECE  ..@136._ret
            1ECF              1ECF  isALterminator
            1ED1              1ED1  ..@138._base
            1ED5              1ED5  ..@140._base
            1ED9              1ED9  ..@142._base
            1EDD              1EDD  ..@144._base
            1EE1              1EE1  ..@146._base
            1EE5              1EE5  ..@147._ret
            1EE6              1EE6  findEndOfCommand
            1EF1              1EF1  ..@148._ret
            1EF2              1EF2  isALEndOfCommand
            1EF4              1EF4  ..@150._base
            1EF8              1EF8  ..@151._ret
            1EF9              1EF9  scanForRedir
            1EFD              1EFD  scanForRedir.lp
            1F00              1F00  scanForRedir.exit
            1F02              1F02  ..@152._ret
            1F03              1F03  skipSpaces
            1F0B              1F0B  ..@154._base
            1F0D              1F0D  skipSpaces.skip
            1F12              1F12  printPrompt
            1F27              1F27  ..@155._ret
            1F28              1F28  printPrompt.validPrompt
            1F28              1F28  ..@156._ret
            1F29              1F29  clearCommandState
            1F39              1F39  ..@157._ret
            1F3A              1F3A  clearCommandLineState
            1F4A              1F4A  ..@158._ret
            1F4B              1F4B  asciiToFCB
            1F5C              1F5C  asciiFilenameToFCB
            1F79              1F79  asciiFilenameToFCB.processName
            1F89              1F89  asciiFilenameToFCB.extSpace
            1F92              1F92  asciiFilenameToFCB.ext
            1F96              1F96  asciiFilenameToFCB.processExt
            1FA2              1FA2  asciiFilenameToFCB.exitBadChar
            1FA4              1FA4  asciiFilenameToFCB.exit
            1FA5              1FA5  ..@159._ret
            1FA6              1FA6  FCBToAsciiz
            1FAD              1FAD  FCBToAsciiz.scanNameSpace
            1FC0              1FC0  FCBToAsciiz.ext
            1FCD              1FCD  FCBToAsciiz.validExt
            1FD7              1FD7  FCBToAsciiz.scanExtSpace
            1FE2              1FE2  FCBToAsciiz.exit
            1FE5              1FE5  ..@160._ret
            1FE6              1FE6  buildCommandPath
            2017              2017  buildCommandPath.relativeGiven
            2022              2022  buildCommandPath.relativeCommon
            205B              205B  buildCommandPath.absoluteCurrent
            2076              2076  buildCommandPath.absolutePath
            207D              207D  buildCommandPath.buildPath
            2094              2094  ..@162._base
            2096              2096  ..@163._ret
            2097              2097  ..@162.a
            20B2              20B2  buildCommandPath.okExit
            20B3              20B3  ..@164._ret
            20B4              20B4  printDecimalWord
            20C8              20C8  printDecimalWord.notZero
            20CF              20CF  printDecimalWord.dpfb0
            20DF              20DF  printDecimalWord.dpfb00
            20E3              20E3  printDecimalWord.dpfb01
            20F3              20F3  printDecimalWord.dpfb1
            20FF              20FF  printDecimalWord.dpfb10
            2101              2101  printDecimalWord.dpfb11
            2106              2106  printDecimalWord.dpfb2
            2116              2116  printDecimalWord.dpfb20
            211C              211C  printDecimalWord.dpfb21
            2124              2124  ..@165._ret
            2125              2125  getDecimalWord
            212E              212E  getDecimalWord.dpfb0
            2144              2144  getDecimalWord.dpfb1
            214B              214B  ..@166._ret
            214C              214C  freezePC
            2157              2157  freezePC.altEP
            2162              2162  freezePC.lp
            2167              2167  getFilenamePtrFromFilespec
            217B              217B  getFilenamePtrFromFilespec.lp
            217E              217E  ..@168._base
            2193              2193  getFilenamePtrFromFilespec.pointFilename
            2196              2196  ..@169._ret
            2197              2197  getFilenamePtrFromFilespec.exitBad
            2198              2198  getFilenamePtrFromFilespec.exit
            2198              2198  ..@170._ret
            2199              2199  critErrorHandler
            2213              2213  critErrorHandler.userInput
            221E              221E  critErrorHandler.userAbort
            2229              2229  critErrorHandler.userRetry
            2244              2244  critErrorHandler.userIgnore
            225F              225F  critErrorHandler.userFail
            227A              227A  critErrorHandler.userMsgEnd
            2298              2298  critErrorHandler.uip1
            22AA              22AA  critErrorHandler.validInput
            22B8              22B8  critErrorHandler.viFail
            22C3              22C3  critErrorHandler.viIgnore
            22CE              22CE  critErrorHandler.viRetry
            22D7              22D7  critErrorHandler.cehExit
            22DE              22DE  critErrorHandler.charError
            22EA              22EA  critErrorHandler.ce1
            22F8              22F8  critErrorHandler.errorMsgTable
            23E2              23E2  critErrorHandler.drive
            23E9              23E9  critErrorHandler.readmsg
            23F8              23F8  critErrorHandler.writemsg
            2407              2407  critErrorHandler.abortmsg
            240D              240D  critErrorHandler.ignoremsg
            2414              2414  critErrorHandler.retrymsg
            241A              241A  critErrorHandler.failmsg
            241F              241F  critErrorHandler.betweenMsg
            2422              2422  critErrorHandler.endMsg
            2425              2425  critErrorHandler.responses
            2429              2429  int43h
            242D              242D  masterEnv
            2457              2457  endOfAlloc
            2457              2457  cmdLdr
            246C              246C  cmdLdr.okVersion
            24D9              24D9  cmdLdr.skipSwitch
            2552              2552  cmdLdr.skipMaster
            2559              2559  cmdLdr.printInit
            2582              2582  initString
            25B8              25B8  initString2
            25F6              25F6  badVerStr

