
Memory Configuration

Name             Origin             Length             Attributes
*default*        0x0000000000000000 0xffffffffffffffff

Linker script and memory map

LOAD ./bin/share.obj
                0x0000000000000000                __image_base__ = 0x0
                0x0000000000000000                __dll__ = 0x0
                0x0000000000000000                __ImageBase = 0x0
                0x0000000000000010                __section_alignment__ = 0x10
                0x0000000000000010                __file_alignment__ = 0x10
                0x0000000000000004                __major_os_version__ = 0x4
                0x0000000000000000                __minor_os_version__ = 0x0
                0x0000000000000000                __major_image_version__ = 0x0
                0x0000000000000000                __minor_image_version__ = 0x0
                0x0000000000000005                __major_subsystem_version__ = 0x5
                0x0000000000000002                __minor_subsystem_version__ = 0x2
                0x0000000000000003                __subsystem__ = 0x3
                0x0000000000000080                __size_of_stack_reserve__ = 0x80
                0x0000000000000080                __size_of_stack_commit__ = 0x80
                0x0000000000000000                __size_of_heap_reserve__ = 0x0
                0x0000000000000000                __size_of_heap_commit__ = 0x0
                0x0000000000000000                __loader_flags__ = 0x0
                0x0000000000000160                __dll_characteristics__ = 0x160
                0x0000000000000000                __resstart = .

bss$r           0x0000000000000000       0x36
 ./bin/share.obj(bss$r)
 bss$r          0x0000000000000000       0x36 ./bin/share.obj

code$r          0x0000000000000038      0x340
 ./bin/share.obj(code$r)
 code$r         0x0000000000000038      0x337 ./bin/share.obj
                0x000000000000036f                __resend = .

code$i          0x0000000000000370      0x390
 ./bin/share.obj(code$i)
 code$i         0x0000000000000370      0x38f ./bin/share.obj
                0x0000000000000370                ep

.text           0x0000000000000700        0x0
 .text          0x0000000000000700        0x0 ./bin/share.obj
                0x0000000000000037                resLenParas = (((__resend - __resstart) + 0xf) >> 0x4)
OUTPUT(./bin/share.exe pei-x86-64)
LOAD dll stuff

.reloc          0x0000000000000700       0x30
 .reloc         0x0000000000000700       0x24 dll stuff
