
- NASM Map file ---------------------------------------------------------------

Source file:  scpdos.asm
Output file:  scpdos.bin

-- Program origin -------------------------------------------------------------

00000000

-- Sections (summary) ---------------------------------------------------------

Vstart            Start             Stop              Length    Class     Name
               0                 0               5C1  000005C1  progbits  .text
            12D4               5C1              251D  00001F5C  progbits  resSeg
               0                 0              12D4  000012D4  nobits    dSeg
            3230              3230              3857  00000627  nobits    dynamicDataArea

-- Sections (detailed) --------------------------------------------------------

---- Section .text ------------------------------------------------------------

class:     progbits
length:                 5C1
start:                    0
align:                    1
follows:   not defined
vstart:                   0
valign:    not defined
vfollows:  not defined

---- Section resSeg -----------------------------------------------------------

class:     progbits
length:                1F5C
start:                  5C1
align:                    1
follows:   .text
vstart:                12D4
valign:                   1
vfollows:  dSeg

---- Section dSeg -------------------------------------------------------------

class:     nobits
length:                12D4
start:                    0
align:     not defined
follows:   not defined
vstart:                   0
valign:    not defined
vfollows:  not defined

---- Section dynamicDataArea --------------------------------------------------

class:     nobits
length:                 627
start:                 3230
align:     not defined
follows:   not defined
vstart:                3230
valign:                   1
vfollows:  resSeg

-- Symbols --------------------------------------------------------------------

---- No Section ---------------------------------------------------------------

Value     Name
00000000  drvHdr
00000000  drvHdr.nxtPtr
00000008  drvHdr.attrib
0000000A  drvHdr.strPtr
00000012  drvHdr.intPtr
0000001A  drvHdr.drvNam
00000022  drvHdr_size
00000000  drvINIT
00000001  drvMEDCHK
00000002  drvBUILDBPB
00000003  drvIOCTLREAD
00000004  drvREAD
00000005  drvNONDESTREAD
00000006  drvINSTATUS
00000007  drvFLUSHINBUF
00000008  drvWRITE
00000009  drvWRITEVERIFY
0000000A  drvOUTSTATUS
0000000B  drvFLUSHOUTBUF
0000000C  drvIOCTLWRITE
0000000D  drvOPEN
0000000E  drvCLOSE
0000000F  drvREMMEDCHECK
00000010  drvOUTTILBUSY
00000013  drvIOCTL
00000017  drvGETDRVMAP
00000018  drvSETDRVMAP
00000000  drvReqHdr
00000000  drvReqHdr.hdrlen
00000001  drvReqHdr.unitnm
00000002  drvReqHdr.cmdcde
00000003  drvReqHdr.status
00000005  drvReqHdr.devptr
0000000D  drvReqHdr_size
00000000  initReqPkt
00000000  initReqPkt.hdrlen
00000001  initReqPkt.unitnm
00000002  initReqPkt.cmdcde
00000003  initReqPkt.status
00000005  initReqPkt.devptr
0000000D  initReqPkt.numunt
0000000E  initReqPkt.endptr
00000016  initReqPkt.optptr
0000001E  initReqPkt.drvnum
0000001F  initReqPkt_size
00000000  mediaCheckReqPkt
00000000  mediaCheckReqPkt.hdrlen
00000001  mediaCheckReqPkt.unitnm
00000002  mediaCheckReqPkt.cmdcde
00000003  mediaCheckReqPkt.status
00000005  mediaCheckReqPkt.devptr
0000000D  mediaCheckReqPkt.medesc
0000000E  mediaCheckReqPkt.medret
0000000F  mediaCheckReqPkt.desptr
00000017  mediaCheckReqPkt_size
00000000  bpbBuildReqPkt
00000000  bpbBuildReqPkt.hdrlen
00000001  bpbBuildReqPkt.unitnm
00000002  bpbBuildReqPkt.cmdcde
00000003  bpbBuildReqPkt.status
00000005  bpbBuildReqPkt.devptr
0000000D  bpbBuildReqPkt.medesc
0000000E  bpbBuildReqPkt.bufptr
00000016  bpbBuildReqPkt.bpbptr
0000001E  bpbBuildReqPkt_size
00000000  ioReqPkt
00000000  ioReqPkt.hdrlen
00000001  ioReqPkt.unitnm
00000002  ioReqPkt.cmdcde
00000003  ioReqPkt.status
00000005  ioReqPkt.devptr
0000000D  ioReqPkt.medesc
0000000E  ioReqPkt.bufptr
00000016  ioReqPkt.tfrlen
0000001A  ioReqPkt.strtsc
00000022  ioReqPkt.desptr
0000002A  ioReqPkt_size
00000000  nonDestInNoWaitReqPkt
00000000  nonDestInNoWaitReqPkt.hdrlen
00000001  nonDestInNoWaitReqPkt.unitnm
00000002  nonDestInNoWaitReqPkt.cmdcde
00000003  nonDestInNoWaitReqPkt.status
00000005  nonDestInNoWaitReqPkt.devptr
0000000D  nonDestInNoWaitReqPkt.retbyt
0000000E  nonDestInNoWaitReqPkt_size
00000000  statusReqPkt
00000000  statusReqPkt.hdrlen
00000001  statusReqPkt.unitnm
00000002  statusReqPkt.cmdcde
00000003  statusReqPkt.status
00000005  statusReqPkt.devptr
0000000D  statusReqPkt_size
00000000  flushReqPkt
00000000  flushReqPkt.hdrlen
00000001  flushReqPkt.unitnm
00000002  flushReqPkt.cmdcde
00000003  flushReqPkt.status
00000005  flushReqPkt.devptr
0000000D  flushReqPkt_size
00000000  openReqPkt
00000000  openReqPkt.hdrlen
00000001  openReqPkt.unitnm
00000002  openReqPkt.cmdcde
00000003  openReqPkt.status
00000005  openReqPkt.devptr
0000000D  openReqPkt_size
00000000  closeReqPkt
00000000  closeReqPkt.hdrlen
00000001  closeReqPkt.unitnm
00000002  closeReqPkt.cmdcde
00000003  closeReqPkt.status
00000005  closeReqPkt.devptr
0000000D  closeReqPkt_size
00000000  remMediaReqPkt
00000000  remMediaReqPkt.hdrlen
00000001  remMediaReqPkt.unitnm
00000002  remMediaReqPkt.cmdcde
00000003  remMediaReqPkt.status
00000005  remMediaReqPkt.devptr
0000000D  remMediaReqPkt_size
00000000  ioctlReqPkt
00000000  ioctlReqPkt.hdrlen
00000001  ioctlReqPkt.unitnm
00000002  ioctlReqPkt.cmdcde
00000003  ioctlReqPkt.status
00000005  ioctlReqPkt.devptr
0000000D  ioctlReqPkt.majfun
0000000E  ioctlReqPkt.minfun
0000000F  ioctlReqPkt.rsival
00000017  ioctlReqPkt.rdival
0000001F  ioctlReqPkt.ctlptr
00000027  ioctlReqPkt_size
00000000  getDevReqPkt
00000000  getDevReqPkt.hdrlen
00000001  getDevReqPkt.unitnm
00000002  getDevReqPkt.cmdcde
00000003  getDevReqPkt.status
00000005  getDevReqPkt.devptr
0000000D  getDevReqPkt_size
00000000  setDevReqPkt
00000000  setDevReqPkt.hdrlen
00000001  setDevReqPkt.unitnm
00000002  setDevReqPkt.cmdcde
00000003  setDevReqPkt.status
00000005  setDevReqPkt.devptr
0000000D  setDevReqPkt_size
00000000  bpb
00000000  bpb.jmpBoot
00000003  bpb.oemName
0000000B  bpb.bytsPerSec
0000000D  bpb.secPerClus
0000000E  bpb.revdSecCnt
00000010  bpb.numFATs
00000011  bpb.rootEntCnt
00000013  bpb.totSec16
00000015  bpb.media
00000016  bpb.FATsz16
00000018  bpb.secPerTrk
0000001A  bpb.numHeads
0000001C  bpb.hiddSec
00000020  bpb.totSec32
00000024  bpb.drvNum
00000025  bpb.reserved1
00000026  bpb.bootSig
00000027  bpb.volID
0000002B  bpb.volLab
00000036  bpb.filSysType
0000003E  bpb_size
00000000  bpb32
00000000  bpb32.jmpBoot
00000003  bpb32.oemName
0000000B  bpb32.bytsPerSec
0000000D  bpb32.secPerClus
0000000E  bpb32.revdSecCnt
00000010  bpb32.numFATs
00000011  bpb32.rootEntCnt
00000013  bpb32.totSec16
00000015  bpb32.media
00000016  bpb32.FATsz16
00000018  bpb32.secPerTrk
0000001A  bpb32.numHeads
0000001C  bpb32.hiddSec
00000020  bpb32.totSec32
00000024  bpb32.FATsz32
00000028  bpb32.extFlags
0000002A  bpb32.FSver
0000002C  bpb32.RootClus
00000030  bpb32.FSinfo
00000032  bpb32.BkBootSec
00000034  bpb32.reserved
00000040  bpb32.drvNum
00000041  bpb32.reserved1
00000042  bpb32.bootSig
00000043  bpb32.volID
00000047  bpb32.volLab
00000052  bpb32.filSysType
0000005A  bpb32_size
00000000  mbr
00000000  mbr.bsCode
000001B8  mbr.diskID
000001BC  mbr.reserved
000001BE  mbr.mbrEntry1
000001CE  mbr.mbrEntry2
000001DE  mbr.mbrEntry3
000001EE  mbr.mbrEntry4
000001FE  mbr.mbrSig
00000200  mbr_size
00000000  mbrEntry
00000000  mbrEntry.ptnAtrib
00000001  mbrEntry.chsStart
00000004  mbrEntry.ptnType
00000005  mbrEntry.chsEnd
00000008  mbrEntry.lbaStart
0000000C  mbrEntry.numSectors
00000010  mbrEntry_size
00000000  fatDirEntry
00000000  fatDirEntry.name
0000000B  fatDirEntry.attribute
0000000C  fatDirEntry.ntRes
0000000D  fatDirEntry.crtTimeT
0000000E  fatDirEntry.crtTime
00000010  fatDirEntry.crtDate
00000012  fatDirEntry.lastAccDat
00000014  fatDirEntry.fstClusHi
00000016  fatDirEntry.wrtTime
00000018  fatDirEntry.wrtDate
0000001A  fatDirEntry.fstClusLo
0000001C  fatDirEntry.fileSize
00000020  fatDirEntry_size
00000001  dirReadOnly
00000002  dirHidden
00000004  dirSystem
00000008  dirVolumeID
00000010  dirDirectory
00000020  dirArchive
0000000F  dirLongName
00000000  bpbEx
00000000  bpbEx.jmpBoot
00000003  bpbEx.oemName
0000000B  bpbEx.MustBeZero
00000040  bpbEx.partitionOffset
00000048  bpbEx.volumeLength
00000050  bpbEx.FAToffset
00000054  bpbEx.FATlength
00000058  bpbEx.clusterHeapOffset
0000005C  bpbEx.clusterCount
00000060  bpbEx.firstClusterOfRootDir
00000064  bpbEx.volumeSerialNum
00000068  bpbEx.FSrevision
0000006A  bpbEx.volumeFlags
0000006C  bpbEx.bytesPerSectorShift
0000006D  bpbEx.sectorsPerClusterShift
0000006E  bpbEx.numberOfFATs
0000006F  bpbEx.driveSelect
00000070  bpbEx.percentInUse
00000071  bpbEx.reserved
00000078  bpbEx_size
00000000  FSInfo
00000000  FSInfo.leadSig
00000004  FSInfo.reserved1
000001E4  FSInfo.strucSig
000001E8  FSInfo.freeCount
000001EC  FSInfo.nextFree
000001F0  FSInfo.reserved2
000001FC  FSInfo.trailSig
00000200  FSInfo_size
00000000  dpb
00000000  dpb.bDriveNumber
00000001  dpb.bUnitNumber
00000002  dpb.bBytesPerSectorShift
00000003  dpb.bMaxSectorInCluster
00000004  dpb.bSectorsPerClusterShift
00000005  dpb.wFAToffset
00000007  dpb.bNumberOfFATs
00000008  dpb.wNumberRootDirSectors
0000000A  dpb.dClusterHeapOffset
0000000E  dpb.dClusterCount
00000012  dpb.dFATlength
00000016  dpb.dFirstUnitOfRootDir
0000001A  dpb.qDriverHeaderPtr
00000022  dpb.bMediaDescriptor
00000023  dpb.bAccessFlag
00000024  dpb.qNextDPBPtr
0000002C  dpb.dFirstFreeCluster
00000030  dpb.dNumberOfFreeClusters
00000034  dpb_size
00000FF5  fat12MaxClustCnt
0000FFF5  fat16MaxClustCnt
00000000  cds
00000000  cds.sCurrentPath
00000043  cds.wFlags
00000045  cds.qDPBPtr
0000004D  cds.dStartCluster
00000051  cds.qReserved
00000059  cds.wBackslashOffset
0000005B  cds_size
00008000  cdsNetDrive
00004000  cdsPhysDrive
00002000  cdsJoinDrive
00001000  cdsSubstDrive
00000080  cdsRedirDrive
00000000  sfth
00000000  sfth.qNextSFTPtr
00000008  sfth.wNumFiles
0000000A  sfth_size
00000000  sft
00000000  sft.wNumHandles
00000002  sft.wOpenMode
00000004  sft.bFileAttrib
00000005  sft.wDeviceInfo
00000007  sft.qPtr
0000000F  sft.dStartClust
00000013  sft.wTime
00000015  sft.wDate
00000017  sft.dFileSize
0000001B  sft.dCurntOff
0000001F  sft.wRelSect
00000021  sft.dDirSect
00000025  sft.bNumDirEnt
00000026  sft.sFileName
00000031  sft.qPSPOwner
00000039  sft.dAbsClusr
0000003D  sft_size
00000000  ReadAccess
00000001  WriteAccess
00000002  RWAccess
00000000  CompatShare
00000010  denyRWShare
00000020  denyWriteShare
00000030  denyReadShare
00000040  denyNoneShare
00002000  critErrHdl
00004000  noBufferWrites
00008000  FCBopenedFile
00000001  readOnlyFile
00000002  hiddenFile
00000004  systemFile
00000008  volumeLabel
00000010  directoryFile
00000020  archiveFile
00000001  charDevConIn
00000002  charDevConOut
00000004  charDevNulDev
00000008  charDevClockDev
00000010  charDevFastOut
00000020  charDevBinary
00000040  charDevNoEOF
00000040  blokDevNotFlush
00000080  devCharDev
00000800  charDevNetSpool
00001000  devNoInherit
00002000  charDevNamePipe
00004000  blokDevDTSet
00008000  devRedirDev
00000000  bufferHdr
00000000  bufferHdr.nextBufPtr
00000008  bufferHdr.driveNumber
00000009  bufferHdr.bufferFlags
0000000A  bufferHdr.bufferLBA
00000012  bufferHdr.bufFATcopy
00000013  bufferHdr.bufFATsize
00000017  bufferHdr.driveDPBPtr
0000001F  bufferHdr.reserved
00000020  bufferHdr.dataarea
00000021  bufferHdr_size
00000001  dosBuffer
00000002  fatBuffer
00000004  dirBuffer
00000008  dataBuffer
00000020  refBuffer
00000040  dirtyBuffer
00000000  mcb
00000000  mcb.marker
00000001  mcb.owner
00000009  mcb.blockSize
0000000D  mcb.reserved
00000010  mcb_size
FFFFFFFFFFFFFFFF  mcbOwnerHole
00000000  mcbOwnerFree
00000008  mcbOwnerDOS
00000000  callerFrame
00000000  callerFrame.rax
00000008  callerFrame.rbx
00000010  callerFrame.rcx
00000018  callerFrame.rdx
00000020  callerFrame.rsi
00000028  callerFrame.rdi
00000030  callerFrame.rbp
00000038  callerFrame.r8
00000040  callerFrame.r9
00000048  callerFrame.rip
00000050  callerFrame.cs
00000058  callerFrame.flags
00000060  callerFrame_size
00000000  psp
00000000  psp.return
00000002  psp.startSeg
0000000A  psp.oldInt42h
00000012  psp.oldInt43h
0000001A  psp.oldInt44h
00000022  psp.parentPtr
0000002A  psp.jobFileTbl
0000003E  psp.envPtr
00000046  psp.rspPtr
0000004E  psp.xtraHdlSz
00000050  psp.unixEntry
00000053  psp.prevPSP
0000005B  psp.xtraHdlPtr
00000063  psp.fcbPtr1
0000006B  psp.reserved
00000080  psp.charCount
00000081  psp.progTail
00000100  psp_size
00000000  mcb.mzbyte
00000001  mcb.processPtr
00000009  mcb.paragraphs
00000010  mcb.program
00000000  clkStruc
00000000  clkStruc.dateWord
00000002  clkStruc.minutes
00000003  clkStruc.hours
00000004  clkStruc.hseconds
00000005  clkStruc.seconds
00000006  clkStruc_size
00000350  kernelDispatchTableL


---- Section .text ------------------------------------------------------------

Real              Virtual           Name
               0                 0  tempPSP
             185               185  largestSectorSearch
             189               189  largestSectorSearch.lss
             1DF               1DF  adjDrivers
             200               200  conInit
             200               200  conInit.ci0
             20C               20C  conInit.ci1
             244               244  adjInt41h
             258               258  adjInt41h.ai41h
             266               266  adjInts
             27D               27D  adjInts.ai0
             29B               29B  storageInits
             315               315  storageInits.si0
             34B               34B  storageInits.si1
             356               356  mcbInit
             3CA               3CA  mcbInit.mcbExit
             3EE               3EE  l1
             3F8               3F8  l2
             400               400  l3
             48B               48B  l3.clkHexToBCD
             4A6               4A6  l3.chtb0
             4B8               4B8  l3.chtb1
             4C8               4C8  adjustDrvHdr
             4DB               4DB  errorInit
             4F3               4F3  errorInit.ei0
             4F8               4F8  strtmsg
             510               510  hltmsg
             543               543  conName
             547               547  auxName
             54B               54B  prnName
             54F               54F  intData
             59F               59F  nData

---- Section resSeg -----------------------------------------------------------

Real              Virtual           Name
             5C1              12D4  dosMajor
             5C2              12D5  dosMinor
             5C3              12D6  name2Clust
             5D2              12E5  name2Clust.getSubDir
             5D7              12EA  name2Clust.psfnd
             5DD              12F0  name2Clust.cdsPath
             5E1              12F4  clust2FATEntry
             5FA              130D  clust2FATEntry.fat12
             602              1315  clust2FATEntry.fat32
             605              1318  clust2FATEntry.common
             61E              1331  readBuffer
             62F              1342  readBuffer.rbExit
             630              1343  readBuffer.rbExitNoFlag
             632              1345  readBuffer.rbReadNewSector
             660              1373  readBuffer.rbNonFATbuffer
             678              138B  readSectorBuffer
             67D              1390  readSectorBuffer.rsRequest0
             682              1395  readSectorBuffer.rsRequest1
             699              13AC  readSectorBuffer.rsExit
             69A              13AD  readSectorBuffer.rsExitBad
             6A0              13B3  readSectorBuffer.rsFail
             6AA              13BD  flushBuffer
             6B5              13C8  flushBuffer.fbRequest0
             6BA              13CD  flushBuffer.fbRequest1
             6E8              13FB  flushBuffer.fbFreeExit
             6ED              1400  flushBuffer.fbExitBad
             6F3              1406  flushBuffer.fbFail
             6FD              1410  makeDIR
             6FD              1410  removeDIR
             6FD              1410  changeCurrentDIR
             6FD              1410  getCurrentDIR
             6FD              1410  getSetFileDateTime
             6FD              1410  trueName
             6FE              1411  stdinReadEcho
             76B              147E  stdinReadEcho.stdireexit
             772              1485  stdinReadEcho.stdinReadEchoBuffer
             773              1486  stdoutWrite
             7AC              14BF  stdoutWrite.stdoutWriteBuffer
             7AD              14C0  stdauxRead
             7AD              14C0  stdauxWrite
             7AD              14C0  stdprnWrite
             7AD              14C0  directCONIO
             7AD              14C0  waitDirectInNoEcho
             7E6              14F9  waitDirectInNoEcho.function7buffer
             7E7              14FA  waitStdinNoEcho
             7E8              14FB  printString
             7F2              1505  printString.ps0
             7F9              150C  printString.ps1
             82A              153D  buffStdinInput
             82A              153D  checkStdinStatus
             82A              153D  clearbuffDoFunc
             82A              153D  openFileFCB
             82A              153D  closeFileFCB
             82A              153D  findFirstFileFCB
             82A              153D  findNextFileFCB
             82A              153D  deleteFileFCB
             82A              153D  sequentialReadFCB
             82A              153D  sequentialWriteFCB
             82A              153D  createFileFCB
             82A              153D  renameFileFCB
             82B              153E  setDTA
             83E              1551  randomReadFCB
             83E              1551  randomWriteFCB
             83E              1551  getFileSizeFCB
             83E              1551  setRelRecordFCB
             83E              1551  randBlockReadFCB
             83E              1551  randBlockWriteFCB
             83E              1551  parseFilenameFCB
             83F              1552  getDTA
             852              1565  createFileHdl
             852              1565  openFileHdl
             852              1565  closeFileHdl
             852              1565  readFileHdl
             852              1565  writeFileHdl
             852              1565  deleteFileHdl
             852              1565  movFileReadPtr
             852              1565  changeFileModeHdl
             852              1565  ioctrl
             852              1565  duplicateHandle
             852              1565  forceDuplicateHdl
             852              1565  findFirstFileHdl
             852              1565  findNextFileHdl
             852              1565  renameFile
             852              1565  createUniqueFile
             852              1565  createNewFile
             852              1565  lockUnlockFile
             852              1565  setHandleCount
             852              1565  commitFile
             853              1566  readBinaryByteFromFile
             85B              156E  readBinaryByteFromFile.readBinaryByteFromHardFile
             85B              156E  readBinaryByteFromFile.readBinaryByteFromCharDevice
             88D              15A0  readBinaryByteFromFile.readBinaryByteExitGood
             88E              15A1  allocateMemory
             88E              15A1  freeMemory
             88E              15A1  reallocMemory
             88E              15A1  getsetMallocStrat
             88F              15A2  verifyIntegrityOfMCBChain
             896              15A9  verifyIntegrityOfMCBChain.ok
             8A0              15B3  verifyIntegrityOfMCBChain.exit
             8A1              15B4  verifyIntegrityOfMCBChain.ok1
             8A9              15BC  verifyIntegrityOfMCBChain.sysHalt
             8BE              15D1  verifyIntegrityOfMCBChain.sysHltString
             8FA              160D  getDate
             8FA              160D  setDate
             8FA              160D  getTime
             8FA              160D  setTime
             8FB              160E  getsetSwitchChar
             8FB              160E  getsetCountryInfo
             8FB              160E  getExtLocalInfo
             8FB              160E  getsetGlobalCP
             8FC              160F  criticalDOSError
             924              1637  findLRUBuffer
             93B              164E  findLRUBuffer.flbWalk
             957              166A  findLRUBuffer.flbHeadLink
             968              167B  findLRUBuffer.flbExit
             96A              167D  findLRUBuffer.flbFreeLink
             974              1687  findDirtyBufferForDrive
             97B              168E  findDirtyBufferForDrive.fdbfdCheckBuffer
             986              1699  findDirtyBufferForDrive.fdbfdExit
             987              169A  findDirtyBufferForDrive.fdbfdGotoNextBuffer
             995              16A8  findSectorInBuffer
             99C              16AF  findSectorInBuffer.fsiCheckBuffer
             9A7              16BA  findSectorInBuffer.fsiExit
             9A8              16BB  findSectorInBuffer.fsiGotoNextBuffer
             9B6              16C9  findDPB
             9BD              16D0  findDPB.fd1
             9D3              16E6  findDPB.fd2
             9D4              16E7  terminateProcess
             9D6              16E9  terminateHandler
             9D6              16E9  ctrlCHandler
             9D8              16EB  absDiskWrite
             9E6              16F9  absDiskRead
             9EC              16FF  absDiskReadWriteCommon
             A56              1769  absDiskReadWriteCommon.absDiskError
             A7C              178F  absDiskReadWriteCommon.absExit
             A7E              1791  terminateResident
             A7E              1791  inDosHandler
             A80              1793  fastOutput
             A88              179B  passCommand
             A8A              179D  multiplex
             A8C              179F  functionDispatch
             AC8              17DB  functionDispatch.fsbegin
             B02              1815  functionDispatch.fsb1
             B4F              1862  functionDispatch.fddiskOp
             B7B              188E  functionDispatch.fdGoToFunction
             B88              189B  functionDispatch.fdExit
             BB4              18C7  functionDispatch.fdExitBad
             BB8              18CB  simpleTerminate
             BB9              18CC  diskReset
             BC0              18D3  diskReset.drCheckBuffer
             BC6              18D9  diskReset.drFlushBuffer
             BCD              18E0  diskReset.drGotoNextBuffer
             BDB              18EE  diskReset.drError
             BF5              1908  diskReset.drErrorMain
             C46              1959  diskReset.drIgnore
             C4F              1962  selectDisk
             C6F              1982  selectDisk.error
             CA0              19B3  getCurrentDisk
             CA7              19BA  FATinfoDefault
             CA9              19BC  FATinfoDevice
             CB5              19C8  FATinfoDevice.fidSkipdefault
             CB7              19CA  FATinfoDevice.fidMain
             CF1              1A04  FATinfoDevice.fidDPBFound
             D1D              1A30  setIntVector
             D48              1A5B  createNewPSP
             D49              1A5C  setResetVerify
             D57              1A6A  getDOSversion
             D6E              1A81  terminateStayRes
             D6F              1A82  getCurrentDPBptr
             D71              1A84  getDeviceDPBptr
             D7D              1A90  getDeviceDPBptr.gddpskipdefault
             D7F              1A92  getDeviceDPBptr.gddpcommon
             DA7              1ABA  getDeviceDPBptr.gddpMediaCheck
             E19              1B2C  getDeviceDPBptr.gddpBuildBPB
             E23              1B36  getDeviceDPBptr.gddpBuildBPBFlush
             E37              1B4A  getDeviceDPBptr.gddpBuildBPBInvalidateBuffer
             EAE              1BC1  getDeviceDPBptr.gddpretdbp
             EC0              1BD3  getDeviceDPBptr.gddpretdpbFail
             ED9              1BEC  getDeviceDPBptr.gddpError
             EF4              1C07  getDeviceDPBptr.gddpE0
             EF6              1C09  getDeviceDPBptr.gddpE1
             F46              1C59  getDeviceDPBptr.gddpErrorType2
             F62              1C75  getDeviceDPBptr.gddpErrorType2main
             FCF              1CE2  getDeviceDPBptr.gddpErrorType2FatDir
             FE9              1CFC  ctrlBreakCheck
             FF3              1D06  ctrlBreakCheck.cbcget
             FFA              1D0D  getInDOSflagPtr
            100D              1D20  getIntVector
            1024              1D37  getDiskFreeSpace
            1030              1D43  getDiskFreeSpace.gdfsSkipdefault
            1032              1D45  getDiskFreeSpace.gdfsMain
            106F              1D82  getDiskFreeSpace.gdfsDPBFound
            109A              1DAD  loadExecChild
            109A              1DAD  terminateClean
            109A              1DAD  getRetCodeChild
            109B              1DAE  setCurrProcessID
            10A3              1DB6  getCurrProcessID
            10B6              1DC9  getSysVarsPtr
            10C9              1DDC  createDPB
            10EA              1DFD  createDPB.cd0
            10F3              1E06  createDPB.cd1
            1102              1E15  createDPB.cd2
            110A              1E1D  createDPB.cd3
            115E              1E71  createDPB.cd4
            119F              1EB2  createDPB.cd5
            11AC              1EBF  getVerifySetting
            11B3              1EC6  createPSP
            11B4              1EC7  getExtendedError
            11DF              1EF2  getCritErrorInfo
            11DF              1EF2  networkServices
            11DF              1EF2  networkRedirection
            11E0              1EF3  getPSPaddr
            11F3              1F06  setDriverLookahead
            11F3              1F06  getsetDiskSerial
            11F3              1F06  return
            11F4              1F07  kernelDispatchTable
            1544              2257  critErrorHandler
            15BE              22D1  critErrorHandler.userInput
            15C9              22DC  critErrorHandler.userAbort
            15D4              22E7  critErrorHandler.userRetry
            15EF              2302  critErrorHandler.userIgnore
            160A              231D  critErrorHandler.userFail
            1625              2338  critErrorHandler.userMsgEnd
            1643              2356  critErrorHandler.uip1
            1655              2368  critErrorHandler.validInput
            1663              2376  critErrorHandler.viFail
            166E              2381  critErrorHandler.viIgnore
            1679              238C  critErrorHandler.viRetry
            1682              2395  critErrorHandler.cehExit
            1689              239C  critErrorHandler.charError
            1695              23A8  critErrorHandler.ce1
            16A3              23B6  critErrorHandler.errorMsgTable
            178D              24A0  critErrorHandler.drive
            1794              24A7  critErrorHandler.readmsg
            17A3              24B6  critErrorHandler.writemsg
            17B2              24C5  critErrorHandler.crlf
            17B5              24C8  critErrorHandler.abortmsg
            17BB              24CE  critErrorHandler.ignoremsg
            17C2              24D5  critErrorHandler.retrymsg
            17C8              24DB  critErrorHandler.failmsg
            17CD              24E0  critErrorHandler.betweenMsg
            17D0              24E3  critErrorHandler.endMsg
            17D3              24E6  critErrorHandler.responses
            17D7              24EA  drivers
            17D7              24EA  conHdr
            17F9              250C  auxHdr
            181B              252E  prnHdr
            183D              2550  clkHdr
            185F              2572  msdHdr
            1881              2594  com1Hdr
            18A3              25B6  com2Hdr
            18C5              25D8  com3Hdr
            18E7              25FA  com4Hdr
            1909              261C  lpt1Hdr
            192B              263E  lpt2Hdr
            194D              2660  lpt3Hdr
            196F              2682  reqHdrPtr
            1977              268A  commonStrat
            197F              2692  nulStrat
            1985              2698  nulIntr
            1986              2699  conDriver
            19CC              26DF  conDriver.conWriteErrorCode
            19D2              26E5  conDriver.conExit
            19DB              26EE  conDriver.conRead
            19EA              26FD  conDriver.cre1
            19FC              270F  conDriver.cre11
            1A07              271A  conDriver.cre12
            1A0B              271E  conDriver.cre2
            1A12              2725  conDriver.cre3
            1A21              2734  conDriver.conNondestructiveRead
            1A37              274A  conDriver.cnr0
            1A3F              2752  conDriver.cnr1
            1A4A              275D  conDriver.cnr2
            1A52              2765  conDriver.conInputStatus
            1A62              2775  conDriver.conFlushInputBuffers
            1A74              2787  conDriver.cfib0
            1A84              2797  conDriver.conWrite
            1A97              27AA  conDriver.cw1
            1AA3              27B6  conDriver.cw2
            1AAD              27C0  conDriver.conOutputStatus
            1ABD              27D0  conDriver.conBuf
            1ABE              27D1  clkDriver
            1AFC              280F  clkDriver.clkNotFunctioning
            1AFE              2811  clkDriver.clkWriteErrorCode
            1B04              2817  clkDriver.clkExit
            1B11              2824  clkDriver.clkRead
            1B3F              2852  clkDriver.clkr1
            1B76              2889  clkDriver.clkInputStatus
            1B82              2895  clkDriver.clkFlushInputBuffers
            1B92              28A5  clkDriver.clkWrite
            1BEA              28FD  clkDriver.clkBCDtoHex
            1BFE              2911  clkDriver.cbth0
            1C07              291A  clkDriver.clkHexToBCD
            1C0D              2920  clkDriver.chtb0
            1C1D              2930  clkDriver.chtb1
            1C24              2937  clkDriver.clkDate
            1C26              2939  clkDriver.clkLeapYears
            1C3F              2952  clkDriver.clkMonths
            1C4B              295E  com1Intr
            1C54              2967  com2Intr
            1C5D              2970  com3Intr
            1C66              2979  com4Intr
            1C6D              2980  comIntr
            1CBB              29CE  comIntr.comErrorNoCount
            1CBF              29D2  comIntr.comReadError
            1CC4              29D7  comIntr.comWriteError
            1CC9              29DC  comIntr.comError
            1CD8              29EB  comIntr.comWriteErrorCode
            1CDE              29F1  comIntr.comExit
            1CEB              29FE  comIntr.comRead
            1CF8              2A0B  comIntr.cr1
            1CFD              2A10  comIntr.cr11
            1D18              2A2B  comIntr.cre2
            1D1D              2A30  comIntr.comReadInputStatus
            1D2C              2A3F  comIntr.comNondestructiveRead
            1D33              2A46  comIntr.cndr1
            1D52              2A65  comIntr.cndr2
            1D5A              2A6D  comIntr.comFlushInputBuffers
            1D65              2A78  comIntr.cfib0
            1D84              2A97  comIntr.comWrite
            1D95              2AA8  comIntr.cw1
            1DB1              2AC4  comIntr.cw2
            1DB9              2ACC  comIntr.comOutputStatus
            1DEF              2B02  comIntr.comDevice
            1DF0              2B03  msdDriver
            1E8D              2BA0  msdDriver.msdIOError
            1E98              2BAB  msdDriver.msdGenDiskError
            1F05              2C18  msdDriver.msdWriteErrorCode
            1F0B              2C1E  msdDriver.msdDriverExit
            1F1B              2C2E  msdDriver.msdInit
            1F40              2C53  msdDriver.mi0
            1FB2              2CC5  msdDriver.msdExit
            1FD4              2CE7  msdDriver.msdexit1
            1FDC              2CEF  msdDriver.mimbr
            1FEC              2CFF  msdDriver.msdInitError
            1FF4              2D07  msdDriver.msdMedChk
            2030              2D43  msdDriver.mmcNoChangeLine
            2046              2D59  msdDriver.mmcChange
            205A              2D6D  msdDriver.mmcUnsure
            2063              2D76  msdDriver.mmcNoChange
            206C              2D7F  msdDriver.msdBuildBPB
            20BA              2DCD  msdDriver.mbbpb0
            20E1              2DF4  msdDriver.msdIOCTLRead
            20F1              2E04  msdDriver.msdRead
            2101              2E14  msdDriver.msdr0
            212D              2E40  msdDriver.msdWrite
            213D              2E50  msdDriver.msdw0
            2169              2E7C  msdDriver.msdWriteVerify
            2179              2E8C  msdDriver.msdwv0
            21B2              2EC5  msdDriver.msdIOCTLWrite
            21C2              2ED5  msdDriver.msdDevOpen
            21E1              2EF4  msdDriver.msdDevClose
            2200              2F13  msdDriver.msdRemovableMedia
            222D              2F40  msdDriver.msdGenericIOCTL
            223D              2F50  msdDriver.msdGetLogicalDev
            2256              2F69  msdDriver.msdSetLogicalDev
            226F              2F82  msdDriver.msdBlkIOCommon
            2289              2F9C  msdDriver.msdDefLabel
            2292              2FA5  msdDriver.msdCurDev
            2293              2FA6  msdDriver.msdBIOSmap
            2298              2FAB  msdDriver.msdHdlCnt
            229D              2FB0  msdDriver.msdBPBTbl
            22C5              2FD8  msdDriver.msdBPBblks
            251D              3230  endptr

---- Section dSeg -------------------------------------------------------------

Real              Virtual           Name
               0                 0  dosSegPtr
               8                 8  bootDrive
               9                 9  numRemMSD
               A                 A  numLRemDrives
               B                 B  charReqHdr
              35                35  diskReqHdr
              5F                5F  mcbChainPtr
              67                67  sysVarsPtr
              67                67  dpbHeadPtr
              6F                6F  sftHeadPtr
              77                77  clockPtr
              7F                7F  conPtr
              87                87  maxBytesSec
              89                89  bufHeadPtr
              91                91  cdsHeadPtr
              99                99  lastdrvNum
              9A                9A  sfcbHeadPtr
              A2                A2  numSafeSFCB
              A4                A4  numJoinDrv
              A5                A5  nulDevHdr
              C7                C7  critErrFlag
              C8                C8  inDOS
              C9                C9  errorDrv
              CA                CA  errorLocus
              CB                CB  errorExt
              CD                CD  errorAction
              CE                CE  errorClass
              CF                CF  currentDTA
              D7                D7  currentPSP
              DF                DF  rdiErrorPtr
              E7                E7  xInt43hRSP
              EF                EF  lastRetCode
              F1                F1  currentDrv
              F2                F2  breakFlag
              F3                F3  verifyFlag
              F4                F4  xInt44hRSP
              FC                FC  singleDrv
              FD                FD  Int44RetVal
              FE                FE  Int44bitfld
              FF                FF  int48Flag
             100               100  oldoldRSP
             108               108  oldRSP
             110               110  oldRBX
             118               118  CLOCKrecrd
             11E               11E  dayOfMonth
             11F               11F  monthOfYear
             120               120  years
             121               121  daysOffset
             123               123  dayOfWeek
             124               124  critStack
             64C               64C  critStakTop
             654               654  IOStack
             C8C               C8C  IOStakTop
             C94               C94  DiskStack
            12CC              12CC  DiskStakTop
            12D4              12D4  dSegLen

---- Section dynamicDataArea --------------------------------------------------

Real              Virtual           Name
            3230              3230  firstDPB
            3264              3264  secondDPB
            3298              3298  thirdDPB
            32CC              32CC  fourthDPB
            3300              3300  fifthDPB
            3334              3334  firstSftHeader
            333E              333E  firstSft
            337B              337B  secondSft
            33B8              33B8  thirdSft
            33F5              33F5  fourthSft
            3432              3432  fifthSft
            346F              346F  initCDS
            3636              3636  DOSENDPTR
            3636              3636  tmpBufHdr
            3657              3657  msdTempBuffer
            3857              3857  dynamicDataAreaLength

