
- NASM Map file ---------------------------------------------------------------

Source file:  scpdos.asm
Output file:  scpdos.bin

-- Program origin -------------------------------------------------------------

00000000

-- Sections (summary) ---------------------------------------------------------

Vstart            Start             Stop              Length    Class     Name
               0                 0               1DE  000001DE  progbits  .text
            14A9               1DE              11A4  00000FC6  progbits  resSeg
             1DE               1DE              14A9  000012CB  nobits    dSeg

-- Sections (detailed) --------------------------------------------------------

---- Section .text ------------------------------------------------------------

class:     progbits
length:                 1DE
start:                    0
align:                    1
follows:   not defined
vstart:                   0
valign:    not defined
vfollows:  not defined

---- Section resSeg -----------------------------------------------------------

class:     progbits
length:                 FC6
start:                  1DE
align:                    1
follows:   .text
vstart:                14A9
valign:                   1
vfollows:  dSeg

---- Section dSeg -------------------------------------------------------------

class:     nobits
length:                12CB
start:                  1DE
align:                    1
follows:   not defined
vstart:                 1DE
valign:                   1
vfollows:  not defined

-- Symbols --------------------------------------------------------------------

---- No Section ---------------------------------------------------------------

Value     Name
00000000  drvHdr
00000000  drvHdr.nxtPtr
00000008  drvHdr.attrib
0000000A  drvHdr.strPtr
00000012  drvHdr.intPtr
0000001A  drvHdr.drvNam
00000022  drvHdr_size
00000000  drvReqHdr
00000000  drvReqHdr.hdrlen
00000001  drvReqHdr.unitnm
00000002  drvReqHdr.cmdcde
00000003  drvReqHdr.status
00000005  drvReqHdr.devptr
0000000D  drvReqHdr_size
00000000  initReqPkt
00000000  initReqPkt.hdrlen
00000001  initReqPkt.unitnm
00000002  initReqPkt.cmdcde
00000003  initReqPkt.status
00000005  initReqPkt.devptr
0000000D  initReqPkt.numunt
0000000E  initReqPkt.endptr
00000016  initReqPkt.optptr
0000001E  initReqPkt.drvnum
0000001F  initReqPkt_size
00000000  mediaCheckReqPkt
00000000  mediaCheckReqPkt.hdrlen
00000001  mediaCheckReqPkt.unitnm
00000002  mediaCheckReqPkt.cmdcde
00000003  mediaCheckReqPkt.status
00000005  mediaCheckReqPkt.devptr
0000000D  mediaCheckReqPkt.medesc
0000000E  mediaCheckReqPkt.medret
0000000F  mediaCheckReqPkt.desptr
00000017  mediaCheckReqPkt_size
00000000  bpbBuildReqPkt
00000000  bpbBuildReqPkt.hdrlen
00000001  bpbBuildReqPkt.unitnm
00000002  bpbBuildReqPkt.cmdcde
00000003  bpbBuildReqPkt.status
00000005  bpbBuildReqPkt.devptr
0000000D  bpbBuildReqPkt.medesc
0000000E  bpbBuildReqPkt.bufptr
00000016  bpbBuildReqPkt.bpbptr
0000001E  bpbBuildReqPkt_size
00000000  ioReqPkt
00000000  ioReqPkt.hdrlen
00000001  ioReqPkt.unitnm
00000002  ioReqPkt.cmdcde
00000003  ioReqPkt.status
00000005  ioReqPkt.devptr
0000000D  ioReqPkt.medesc
0000000E  ioReqPkt.bufptr
00000016  ioReqPkt.tfrlen
0000001A  ioReqPkt.strtsc
00000022  ioReqPkt.desptr
0000002A  ioReqPkt_size
00000000  nonDestInNoWaitReqPkt
00000000  nonDestInNoWaitReqPkt.hdrlen
00000001  nonDestInNoWaitReqPkt.unitnm
00000002  nonDestInNoWaitReqPkt.cmdcde
00000003  nonDestInNoWaitReqPkt.status
00000005  nonDestInNoWaitReqPkt.devptr
0000000D  nonDestInNoWaitReqPkt.retbyt
0000000E  nonDestInNoWaitReqPkt_size
00000000  statusReqPkt
00000000  statusReqPkt.hdrlen
00000001  statusReqPkt.unitnm
00000002  statusReqPkt.cmdcde
00000003  statusReqPkt.status
00000005  statusReqPkt.devptr
0000000D  statusReqPkt_size
00000000  flushReqPkt
00000000  flushReqPkt.hdrlen
00000001  flushReqPkt.unitnm
00000002  flushReqPkt.cmdcde
00000003  flushReqPkt.status
00000005  flushReqPkt.devptr
0000000D  flushReqPkt_size
00000000  openReqPkt
00000000  openReqPkt.hdrlen
00000001  openReqPkt.unitnm
00000002  openReqPkt.cmdcde
00000003  openReqPkt.status
00000005  openReqPkt.devptr
0000000D  openReqPkt_size
00000000  closeReqPkt
00000000  closeReqPkt.hdrlen
00000001  closeReqPkt.unitnm
00000002  closeReqPkt.cmdcde
00000003  closeReqPkt.status
00000005  closeReqPkt.devptr
0000000D  closeReqPkt_size
00000000  remMediaReqPkt
00000000  remMediaReqPkt.hdrlen
00000001  remMediaReqPkt.unitnm
00000002  remMediaReqPkt.cmdcde
00000003  remMediaReqPkt.status
00000005  remMediaReqPkt.devptr
0000000D  remMediaReqPkt_size
00000000  ioctlReqPkt
00000000  ioctlReqPkt.hdrlen
00000001  ioctlReqPkt.unitnm
00000002  ioctlReqPkt.cmdcde
00000003  ioctlReqPkt.status
00000005  ioctlReqPkt.devptr
0000000D  ioctlReqPkt.majfun
0000000E  ioctlReqPkt.minfun
0000000F  ioctlReqPkt.rsival
00000017  ioctlReqPkt.rdival
0000001F  ioctlReqPkt.ctlptr
00000027  ioctlReqPkt_size
00000000  getDevReqPkt
00000000  getDevReqPkt.hdrlen
00000001  getDevReqPkt.unitnm
00000002  getDevReqPkt.cmdcde
00000003  getDevReqPkt.status
00000005  getDevReqPkt.devptr
0000000D  getDevReqPkt_size
00000000  setDevReqPkt
00000000  setDevReqPkt.hdrlen
00000001  setDevReqPkt.unitnm
00000002  setDevReqPkt.cmdcde
00000003  setDevReqPkt.status
00000005  setDevReqPkt.devptr
0000000D  setDevReqPkt_size
00000000  bpb
00000000  bpb.jmpBoot
00000003  bpb.oemName
0000000B  bpb.bytsPerSec
0000000D  bpb.secPerClus
0000000E  bpb.revdSecCnt
00000010  bpb.numFATs
00000011  bpb.rootEntCnt
00000013  bpb.totSec16
00000015  bpb.media
00000016  bpb.FATsz16
00000018  bpb.secPerTrk
0000001A  bpb.numHeads
0000001C  bpb.hiddSec
00000020  bpb.totSec32
00000024  bpb.drvNum
00000025  bpb.reserved1
00000026  bpb.bootSig
00000027  bpb.volID
0000002B  bpb.volLab
00000036  bpb.filSysType
0000003E  bpb_size
00000000  bpb32
00000000  bpb32.jmpBoot
00000003  bpb32.oemName
0000000B  bpb32.bytsPerSec
0000000D  bpb32.secPerClus
0000000E  bpb32.revdSecCnt
00000010  bpb32.numFATs
00000011  bpb32.rootEntCnt
00000013  bpb32.totSec16
00000015  bpb32.media
00000016  bpb32.FATsz16
00000018  bpb32.secPerTrk
0000001A  bpb32.numHeads
0000001C  bpb32.hiddSec
00000020  bpb32.totSec32
00000024  bpb32.FATsz32
00000028  bpb32.extFlags
0000002A  bpb32.FSver
0000002C  bpb32.RootClus
00000030  bpb32.FSinfo
00000032  bpb32.BkBootSec
00000034  bpb32.reserved
00000040  bpb32.drvNum
00000041  bpb32.reserved1
00000042  bpb32.bootSig
00000043  bpb32.volID
00000047  bpb32.volLab
00000052  bpb32.filSysType
0000005A  bpb32_size
00000000  fatDirEntry
00000000  fatDirEntry.name
0000000B  fatDirEntry.attribute
0000000C  fatDirEntry.ntRes
0000000D  fatDirEntry.crtTimeT
0000000E  fatDirEntry.crtTime
00000010  fatDirEntry.crtDate
00000012  fatDirEntry.lastAccDat
00000014  fatDirEntry.fstClusHi
00000016  fatDirEntry.wrtTime
00000018  fatDirEntry.wrtDate
0000001A  fatDirEntry.fstClusLo
0000001C  fatDirEntry.fileSize
00000020  fatDirEntry_size
00000001  dirReadOnly
00000002  dirHidden
00000004  dirSystem
00000008  dirVolumeID
00000010  dirDirectory
00000020  dirArchive
0000000F  dirLongName
00000000  bpbEx
00000000  bpbEx.jmpBoot
00000003  bpbEx.oemName
0000000B  bpbEx.MustBeZero
00000040  bpbEx.partitionOffset
00000048  bpbEx.volumeLength
00000050  bpbEx.FAToffset
00000054  bpbEx.FATlength
00000058  bpbEx.clusterHeapOffset
0000005C  bpbEx.clusterCount
00000060  bpbEx.firstClusterOfRootDir
00000064  bpbEx.volumeSerialNum
00000068  bpbEx.FSrevision
0000006A  bpbEx.volumeFlags
0000006C  bpbEx.bytesPerSectorShift
0000006D  bpbEx.sectorsPerClusterShift
0000006E  bpbEx.numberOfFATs
0000006F  bpbEx.driveSelect
00000070  bpbEx.percentInUse
00000071  bpbEx.reserved
00000078  bpbEx_size
00000000  FSInfo
00000000  FSInfo.leadSig
00000004  FSInfo.reserved1
000001E4  FSInfo.strucSig
000001E8  FSInfo.freeCount
000001EC  FSInfo.nextFree
000001F0  FSInfo.reserved2
000001FC  FSInfo.trailSig
00000200  FSInfo_size
00000000  dpb
00000000  dpb.bDriveNumber
00000001  dpb.bUnitNumber
00000002  dpb.bBytesPerSectorShift
00000003  dpb.bMaxSectorInCluster
00000004  dpb.bSectorsPerClusterShift
00000005  dpb.dFAToffset
00000009  dpb.bNumberOfFATs
0000000A  dpb.wNumberRootDirEntries
0000000C  dpb.dClusterHeapOffset
00000010  dpb.dClusterCount
00000014  dpb.dFATlength
00000018  dpb.dFirstClusterOfRootDir
0000001C  dpb.qDriverHeaderPtr
00000024  dpb.bMediaDescriptor
00000025  dpb.bAccessFlag
00000026  dpb.qNextDPBPtr
0000002E  dpb.dFirstFreeCluster
00000032  dpb.dNumberOfFreeClusters
00000036  dpb_size
00000000  cds
00000000  cds.sCurrentPath
00000043  cds.wFlags
00000045  cds.qDPBPtr
0000004D  cds.dStartCluster
00000051  cds.qReserved
00000059  cds.wBackslashOffset
0000005B  cds_size
00008000  cdsNetDrive
00004000  cdsPhysDrive
00002000  cdsJoinDrive
00001000  cdsSubstDrive
00000080  cdsRedirDrive
00000000  sfth
00000000  sfth.qNextSFTPtr
00000008  sfth.wNumFiles
0000000A  sfth_size
00000000  sft
00000000  sft.wNumHandles
00000002  sft.wOpenMode
00000004  sft.bFileAttrib
00000005  sft.wDeviceInfo
00000007  sft.qPtr
0000000F  sft.dStartClust
00000013  sft.wTime
00000015  sft.wDate
00000017  sft.dFileSize
0000001B  sft.dCurntOff
0000001F  sft.wRelClust
00000021  sft.dDirSect
00000025  sft.bNumDirEnt
00000026  sft.sFCBName
00000031  sft.qPSPOwner
00000039  sft.dAbsClusr
0000003D  sft_size
00000000  bufferHdr
00000000  bufferHdr.nextBufPtr
00000008  bufferHdr.driveNumber
00000009  bufferHdr.bufferFlags
0000000A  bufferHdr.bufferLBA
0000000E  bufferHdr.bufFATcopy
0000000F  bufferHdr.bufFAToff
00000010  bufferHdr.driveDPBPtr
00000018  bufferHdr_size
00000000  callerFrame
00000000  callerFrame.rax
00000008  callerFrame.rbx
00000010  callerFrame.rcx
00000018  callerFrame.rdx
00000020  callerFrame.rsi
00000028  callerFrame.rdi
00000030  callerFrame.rbp
00000038  callerFrame.r8
00000040  callerFrame.r9
00000048  callerFrame.rip
00000050  callerFrame.cs
00000058  callerFrame.flags
00000060  callerFrame_size
00000000  psp
00000000  psp.return
00000002  psp.startSeg
0000000A  psp.oldInt42h
00000012  psp.oldInt43h
0000001A  psp.oldInt44h
00000022  psp.parentPtr
0000002A  psp.fHandles
0000003E  psp.envPtr
00000046  psp.rspPtr
0000004E  psp.xtraHdlSz
00000050  psp.unixEntry
00000053  psp.prevPSP
0000005B  psp.xtraHdlPtr
00000063  psp.fcbPtr1
0000006B  psp.reserved
00000080  psp.charCount
00000081  psp.progTail
00000100  psp_size
00000000  mcb
00000000  mcb.mzbyte
00000001  mcb.processPtr
00000009  mcb.paragraphs
0000000D  mcb.reserved
00000010  mcb.program
00000010  mcb_size
00000350  dispatchTableL


---- Section .text ------------------------------------------------------------

Real              Virtual           Name
              78                78  adjDrivers
              B3                B3  adjInt41h
              C7                C7  adjInt41h.ai41h
              D5                D5  adjInts
              EC                EC  adjInts.ai0
             136               136  l1
             141               141  adjustDrvHdr
             154               154  startmsg
             16C               16C  intData
             1BC               1BC  nData

---- Section resSeg -----------------------------------------------------------

Real              Virtual           Name
             1DE              14A9  findLRUBuffer
             1F1              14BC  findLRUBuffer.flb1
             21A              14E5  findDPB
             221              14EC  findDPB.fd1
             236              1501  findDPB.fd2
             237              1502  callCritError
             237              1502  name2Clust
             237              1502  terminateProcess
             237              1502  functionDispatch
             273              153E  functionDispatch.fdInInt41
             2DF              15AA  functionDispatch.fddiskOp
             30B              15D6  functionDispatch.fdGoToFunction
             318              15E3  functionDispatch.fdExit
             345              1610  functionDispatch.fdExitBad
             349              1614  functionDispatch.simpleTerminate
             34A              1615  functionDispatch.stdinReadEcho
             351              161C  functionDispatch.stdoutWrite
             358              1623  functionDispatch.stdauxRead
             358              1623  functionDispatch.stdauxWrite
             358              1623  functionDispatch.stdprnWrite
             358              1623  functionDispatch.directCONIO
             358              1623  functionDispatch.waitDirectInNoEcho
             358              1623  functionDispatch.waitStdinNoEcho
             359              1624  functionDispatch.printString
             35B              1626  functionDispatch.ps0
             368              1633  functionDispatch.ps1
             374              163F  functionDispatch.buffStdinInput
             374              163F  functionDispatch.checkStdinStatus
             374              163F  functionDispatch.clearbuffDoFunc
             374              163F  functionDispatch.diskReset
             374              163F  functionDispatch.selectDisk
             374              163F  functionDispatch.openFileFCB
             374              163F  functionDispatch.closeFileFCB
             374              163F  functionDispatch.findFirstFileFCB
             374              163F  functionDispatch.findNextFileFCB
             374              163F  functionDispatch.deleteFileFCB
             374              163F  functionDispatch.sequentialReadFCB
             374              163F  functionDispatch.sequentialWriteFCB
             374              163F  functionDispatch.createFileFCB
             374              163F  functionDispatch.renameFileFCB
             374              163F  functionDispatch.getCurrentDisk
             374              163F  functionDispatch.setDTA
             374              163F  functionDispatch.FATinfoDefault
             374              163F  functionDispatch.FatinfoDevice
             374              163F  functionDispatch.getCurrentDPBptr
             374              163F  functionDispatch.randomReadFCB
             374              163F  functionDispatch.randomWriteFCB
             374              163F  functionDispatch.getFileSizeFCB
             374              163F  functionDispatch.setRelRecordFCB
             374              163F  functionDispatch.setIntVector
             374              163F  functionDispatch.createNewPSP
             374              163F  functionDispatch.randBlockReadFCB
             374              163F  functionDispatch.randBlockWriteFCB
             374              163F  functionDispatch.parseFilenameFCB
             374              163F  functionDispatch.getDate
             374              163F  functionDispatch.setDate
             374              163F  functionDispatch.getTime
             374              163F  functionDispatch.setTime
             374              163F  functionDispatch.setResetVerify
             374              163F  functionDispatch.getDTA
             374              163F  functionDispatch.getDOSversion
             374              163F  functionDispatch.terminateStayRes
             374              163F  functionDispatch.getDeviceDPBptr
             374              163F  functionDispatch.ctrlBreakCheck
             374              163F  functionDispatch.getInDOSflagPtr
             374              163F  functionDispatch.getIntVector
             374              163F  functionDispatch.getDiskFreeSpace
             374              163F  functionDispatch.getsetSwitchChar
             374              163F  functionDispatch.getsetCountryInfo
             374              163F  functionDispatch.makeDIR
             374              163F  functionDispatch.removeDIR
             374              163F  functionDispatch.changeCurrentDIR
             374              163F  functionDispatch.createFileHdl
             374              163F  functionDispatch.openFileHdl
             374              163F  functionDispatch.closeFileHdl
             374              163F  functionDispatch.readFileHdl
             374              163F  functionDispatch.writeFileHdl
             374              163F  functionDispatch.deleteFileHdl
             374              163F  functionDispatch.movFileReadPtr
             374              163F  functionDispatch.changeFileModeHdl
             374              163F  functionDispatch.ioctrl
             374              163F  functionDispatch.duplicateHandle
             374              163F  functionDispatch.forceDuplicateHdl
             374              163F  functionDispatch.getCurrentDIR
             374              163F  functionDispatch.allocateMemory
             374              163F  functionDispatch.freeMemory
             374              163F  functionDispatch.reallocMemory
             374              163F  functionDispatch.loadExecChild
             374              163F  functionDispatch.terminateClean
             374              163F  functionDispatch.getRetCodeChild
             374              163F  functionDispatch.findFirstFileHdl
             374              163F  functionDispatch.findNextFileHdl
             374              163F  functionDispatch.setCurrProcessID
             374              163F  functionDispatch.getCurrProcessID
             374              163F  functionDispatch.getSysVarsPtr
             374              163F  functionDispatch.createDPB
             374              163F  functionDispatch.getVerifySetting
             374              163F  functionDispatch.createPSP
             374              163F  functionDispatch.renameFile
             374              163F  functionDispatch.getSetFileDateTime
             374              163F  functionDispatch.getsetMallocStrat
             374              163F  functionDispatch.getExtendedError
             374              163F  functionDispatch.createUniqueFile
             374              163F  functionDispatch.createNewFile
             374              163F  functionDispatch.lockUnlockFile
             374              163F  functionDispatch.getCritErrorInfo
             374              163F  functionDispatch.networkServices
             374              163F  functionDispatch.networkRedirection
             374              163F  functionDispatch.trueName
             374              163F  functionDispatch.getPSPaddr
             374              163F  functionDispatch.setDriverLookahead
             374              163F  functionDispatch.getExtLocalInfo
             374              163F  functionDispatch.getsetGlobalCP
             374              163F  functionDispatch.setHandleCount
             374              163F  functionDispatch.commitFile
             374              163F  functionDispatch.getsetDiskSerial
             374              163F  functionDispatch.return
             375              1640  functionDispatch.dispatchTable
             6C5              1990  terminateHandler
             6C5              1990  ctrlCHandler
             6C5              1990  critErrorHandler
             73F              1A0A  critErrorHandler.userInput
             74A              1A15  critErrorHandler.userAbort
             755              1A20  critErrorHandler.userRetry
             770              1A3B  critErrorHandler.userIgnore
             78B              1A56  critErrorHandler.userFail
             7A6              1A71  critErrorHandler.userMsgEnd
             7C4              1A8F  critErrorHandler.uip1
             7D6              1AA1  critErrorHandler.validInput
             7E4              1AAF  critErrorHandler.viFail
             7EF              1ABA  critErrorHandler.viIgnore
             7FA              1AC5  critErrorHandler.viRetry
             803              1ACE  critErrorHandler.cehExit
             80A              1AD5  critErrorHandler.charError
             816              1AE1  critErrorHandler.ce1
             824              1AEF  critErrorHandler.errorMsgTable
             90E              1BD9  critErrorHandler.drive
             915              1BE0  critErrorHandler.readmsg
             924              1BEF  critErrorHandler.writemsg
             933              1BFE  critErrorHandler.crlf
             936              1C01  critErrorHandler.abortmsg
             93C              1C07  critErrorHandler.ignoremsg
             943              1C0E  critErrorHandler.retrymsg
             949              1C14  critErrorHandler.failmsg
             94E              1C19  critErrorHandler.betweenMsg
             951              1C1C  critErrorHandler.endMsg
             954              1C1F  critErrorHandler.responses
             958              1C23  absDiskRead
             96D              1C38  absDiskWrite
             982              1C4D  terminateResident
             982              1C4D  inDosHandler
             984              1C4F  fastOutput
             98C              1C57  passCommand
             98E              1C59  multiplex
             990              1C5B  drivers
             990              1C5B  conHdr
             9B2              1C7D  auxHdr
             9D4              1C9F  prnHdr
             9F6              1CC1  clkHdr
             A18              1CE3  msdHdr
             A3A              1D05  com1Hdr
             A5C              1D27  com2Hdr
             A7E              1D49  com3Hdr
             AA0              1D6B  com4Hdr
             AC2              1D8D  lpt1Hdr
             AE4              1DAF  lpt2Hdr
             B06              1DD1  lpt3Hdr
             B28              1DF3  commonStrat
             B30              1DFB  reqHdrPtr
             B38              1E03  nulStrat
             B3E              1E09  nulIntr
             B3F              1E0A  conDriver
             B67              1E32  conExit
             B70              1E3B  conInit
             B71              1E3C  conInit.ci0
             B7D              1E48  conInit.ci1
             B98              1E63  conIORead
             BA0              1E6B  conRead
             BA8              1E73  conRead.cr1
             BB6              1E81  conRead.cre2
             BBD              1E88  conNondestructiveRead
             BC8              1E93  conNondestructiveRead.cnr
             BD0              1E9B  conFlushInputBuffers
             BDC              1EA7  conWrite
             BE4              1EAF  conWrite.cw1
             BF0              1EBB  conWrite.cw2
             BFA              1EC5  clkDriver
             BFA              1EC5  comDriver
             BFA              1EC5  com1Intr
             C03              1ECE  com2Intr
             C0C              1ED7  com3Intr
             C15              1EE0  com4Intr
             C1C              1EE7  comIntr
             C3B              1F06  comExit
             C47              1F12  comRead
             C4E              1F19  comRead.cr1
             C66              1F31  comRead.cre2
             C6C              1F37  comNondestructiveRead
             C74              1F3F  comWrite
             C7A              1F45  comWrite.cw1
             C8F              1F5A  comWrite.cw2
             C94              1F5F  comDevice
             C95              1F60  lptDriver
             CA5              1F70  msdDriver
             D26              1FF1  msdDriver.msdError
             D26              1FF1  msdDriver.msdDriverExit
             D34              1FFF  msdDriver.msdInit
             D43              200E  msdDriver.mi1
             D67              2032  msdDriver.mi2
             D9F              206A  msdDriver.mi3
             DC9              2094  msdDriver.msdInitError
             DCF              209A  msdDriver.msdMedChk
             DF2              20BD  msdDriver.mmcChange
             DFE              20C9  msdDriver.mmcUnsure
             E07              20D2  msdDriver.mmcNoChange
             E10              20DB  msdDriver.msdBuildBPB
             E51              211C  msdDriver.mbbpbError
             E51              211C  msdDriver.msdIOCTLRead
             E56              2121  msdDriver.msdRead
             E68              2133  msdDriver.msdWrite
             E7A              2145  msdDriver.msdWriteVerify
             E93              215E  msdDriver.msdIOCTLWrite
             E98              2163  msdDriver.msdDevOpen
             EA8              2173  msdDriver.msdDevClose
             EB8              2183  msdDriver.msdRemovableMedia
             ED6              21A1  msdDriver.msdGenericIOCTL
             EDB              21A6  msdDriver.msdGetLogicalDev
             EE9              21B4  msdDriver.msdSetLogicalDev
             EF7              21C2  msdDriver.msdBlkIOCommon
             F10              21DB  msdDriver.msdDefLabel
             F19              21E4  msdDriver.msdCurDev
             F1A              21E5  msdDriver.msdBIOSmap
             F1F              21EA  msdDriver.msdHdlCnt
             F24              21EF  msdDriver.msdBPBTbl
             F4C              2217  msdDriver.msdBPBblks
            11A4              246F  driverDataPtr

---- Section dSeg -------------------------------------------------------------

Real              Virtual           Name
             1DE               1DE  dosSegPtr
             1E6               1E6  bootDrive
             1E7               1E7  charReqHdr
             211               211  diskReqHdr
             23B               23B  sysVarsPtr
             243               243  mcbChainPtr
             24B               24B  dpbHeadPtr
             253               253  sftHeadPtr
             25B               25B  clockPtr
             263               263  conPtr
             26B               26B  maxBytesSec
             26D               26D  bufHeadPtr
             275               275  cdsHeadPtr
             27D               27D  sfcbHeadPTr
             285               285  numSafeSFCB
             287               287  numMSDdrv
             288               288  lastdrvNum
             289               289  numJoinDrv
             28A               28A  nulDevHdr
             2AC               2AC  critErrFlag
             2AD               2AD  inDOS
             2AE               2AE  errorDrv
             2AF               2AF  errorLocus
             2B0               2B0  errorExt
             2B2               2B2  errorAction
             2B3               2B3  errorClass
             2B4               2B4  currentDTA
             2BC               2BC  currentPSP
             2C4               2C4  rdiErrorPtr
             2CC               2CC  xInt43hRSP
             2D4               2D4  lastRetCode
             2D6               2D6  currentDrv
             2D7               2D7  breakFlag
             2D8               2D8  xInt44hRSP
             2E0               2E0  int48Flag
             2E1               2E1  oldoldRSP
             2E9               2E9  oldRSP
             2F1               2F1  oldRBX
             2F9               2F9  critStack
             821               821  critStakTop
             829               829  IOStack
             E61               E61  IOStakTop
             E69               E69  DiskStack
            14A1              14A1  DiskStakTop
            14A9              14A9  dSegLen

