
- NASM Map file ---------------------------------------------------------------

Source file:  scpdos.asm
Output file:  scpdos.bin

-- Program origin -------------------------------------------------------------

00000000

-- Sections (summary) ---------------------------------------------------------

Vstart            Start             Stop              Length    Class     Name
               0                 0               12A  0000012A  progbits  .text
             FB1               12A               C21  00000AF7  progbits  resSeg
             12A               12A               FB1  00000E87  nobits    dSeg

-- Sections (detailed) --------------------------------------------------------

---- Section .text ------------------------------------------------------------

class:     progbits
length:                 12A
start:                    0
align:                    1
follows:   not defined
vstart:                   0
valign:    not defined
vfollows:  not defined

---- Section resSeg -----------------------------------------------------------

class:     progbits
length:                 AF7
start:                  12A
align:                    1
follows:   .text
vstart:                 FB1
valign:                   1
vfollows:  dSeg

---- Section dSeg -------------------------------------------------------------

class:     nobits
length:                 E87
start:                  12A
align:                    1
follows:   not defined
vstart:                 12A
valign:                   1
vfollows:  not defined

-- Symbols --------------------------------------------------------------------

---- No Section ---------------------------------------------------------------

Value     Name
00000000  drvHdr
00000000  drvHdr.nxtPtr
00000008  drvHdr.attrib
0000000A  drvHdr.strPtr
00000012  drvHdr.intPtr
0000001A  drvHdr.drvNam
00000022  drvHdr_size
00000000  drvReqHdr
00000000  drvReqHdr.hdrlen
00000001  drvReqHdr.unitnm
00000002  drvReqHdr.cmdcde
00000003  drvReqHdr.status
00000005  drvReqHdr.devptr
0000000D  drvReqHdr_size
00000000  initReqPkt
00000000  initReqPkt.hdrlen
00000001  initReqPkt.unitnm
00000002  initReqPkt.cmdcde
00000003  initReqPkt.status
00000005  initReqPkt.devptr
0000000D  initReqPkt.numunt
0000000E  initReqPkt.endptr
00000016  initReqPkt.optptr
0000001E  initReqPkt.drvnum
0000001F  initReqPkt_size
00000000  mediaCheckReqPkt
00000000  mediaCheckReqPkt.hdrlen
00000001  mediaCheckReqPkt.unitnm
00000002  mediaCheckReqPkt.cmdcde
00000003  mediaCheckReqPkt.status
00000005  mediaCheckReqPkt.devptr
0000000D  mediaCheckReqPkt.medesc
0000000E  mediaCheckReqPkt.medret
0000000F  mediaCheckReqPkt.desptr
00000017  mediaCheckReqPkt_size
00000000  bpbBuildReqPkt
00000000  bpbBuildReqPkt.hdrlen
00000001  bpbBuildReqPkt.unitnm
00000002  bpbBuildReqPkt.cmdcde
00000003  bpbBuildReqPkt.status
00000005  bpbBuildReqPkt.devptr
0000000D  bpbBuildReqPkt.medesc
0000000E  bpbBuildReqPkt.bufptr
00000016  bpbBuildReqPkt.bpbptr
0000001E  bpbBuildReqPkt_size
00000000  ioReqPkt
00000000  ioReqPkt.hdrlen
00000001  ioReqPkt.unitnm
00000002  ioReqPkt.cmdcde
00000003  ioReqPkt.status
00000005  ioReqPkt.devptr
0000000D  ioReqPkt.medesc
0000000E  ioReqPkt.bufptr
00000016  ioReqPkt.tfrlen
0000001A  ioReqPkt.strtsc
00000022  ioReqPkt.desptr
0000002A  ioReqPkt_size
00000000  nonDestInNoWaitReqPkt
00000000  nonDestInNoWaitReqPkt.hdrlen
00000001  nonDestInNoWaitReqPkt.unitnm
00000002  nonDestInNoWaitReqPkt.cmdcde
00000003  nonDestInNoWaitReqPkt.status
00000005  nonDestInNoWaitReqPkt.devptr
0000000D  nonDestInNoWaitReqPkt.retbyt
0000000E  nonDestInNoWaitReqPkt_size
00000000  statusReqPkt
00000000  statusReqPkt.hdrlen
00000001  statusReqPkt.unitnm
00000002  statusReqPkt.cmdcde
00000003  statusReqPkt.status
00000005  statusReqPkt.devptr
0000000D  statusReqPkt_size
00000000  flushReqPkt
00000000  flushReqPkt.hdrlen
00000001  flushReqPkt.unitnm
00000002  flushReqPkt.cmdcde
00000003  flushReqPkt.status
00000005  flushReqPkt.devptr
0000000D  flushReqPkt_size
00000000  openReqPkt
00000000  openReqPkt.hdrlen
00000001  openReqPkt.unitnm
00000002  openReqPkt.cmdcde
00000003  openReqPkt.status
00000005  openReqPkt.devptr
0000000D  openReqPkt_size
00000000  closeReqPkt
00000000  closeReqPkt.hdrlen
00000001  closeReqPkt.unitnm
00000002  closeReqPkt.cmdcde
00000003  closeReqPkt.status
00000005  closeReqPkt.devptr
0000000D  closeReqPkt_size
00000000  remMediaReqPkt
00000000  remMediaReqPkt.hdrlen
00000001  remMediaReqPkt.unitnm
00000002  remMediaReqPkt.cmdcde
00000003  remMediaReqPkt.status
00000005  remMediaReqPkt.devptr
0000000D  remMediaReqPkt_size
00000000  ioctlReqPkt
00000000  ioctlReqPkt.hdrlen
00000001  ioctlReqPkt.unitnm
00000002  ioctlReqPkt.cmdcde
00000003  ioctlReqPkt.status
00000005  ioctlReqPkt.devptr
0000000D  ioctlReqPkt.majfun
0000000E  ioctlReqPkt.minfun
0000000F  ioctlReqPkt.rsival
00000017  ioctlReqPkt.rdival
0000001F  ioctlReqPkt.ctlptr
00000027  ioctlReqPkt_size
00000000  getDevReqPkt
00000000  getDevReqPkt.hdrlen
00000001  getDevReqPkt.unitnm
00000002  getDevReqPkt.cmdcde
00000003  getDevReqPkt.status
00000005  getDevReqPkt.devptr
0000000D  getDevReqPkt_size
00000000  setDevReqPkt
00000000  setDevReqPkt.hdrlen
00000001  setDevReqPkt.unitnm
00000002  setDevReqPkt.cmdcde
00000003  setDevReqPkt.status
00000005  setDevReqPkt.devptr
0000000D  setDevReqPkt_size
00000000  bpb
00000000  bpb.jmpBoot
00000003  bpb.oemName
0000000B  bpb.bytsPerSec
0000000D  bpb.secPerClus
0000000E  bpb.revdSecCnt
00000010  bpb.numFATs
00000011  bpb.rootEntCnt
00000013  bpb.totSec16
00000015  bpb.media
00000016  bpb.FATsz16
00000018  bpb.secPerTrk
0000001A  bpb.numHeads
0000001C  bpb.hiddSec
00000020  bpb.totSec32
00000024  bpb.drvNum
00000025  bpb.reserved1
00000026  bpb.bootSig
00000027  bpb.volID
0000002B  bpb.volLab
00000036  bpb.filSysType
0000003E  bpb_size
00000000  bpb32
00000000  bpb32.jmpBoot
00000003  bpb32.oemName
0000000B  bpb32.bytsPerSec
0000000D  bpb32.secPerClus
0000000E  bpb32.revdSecCnt
00000010  bpb32.numFATs
00000011  bpb32.rootEntCnt
00000013  bpb32.totSec16
00000015  bpb32.media
00000016  bpb32.FATsz16
00000018  bpb32.secPerTrk
0000001A  bpb32.numHeads
0000001C  bpb32.hiddSec
00000020  bpb32.totSec32
00000024  bpb32.FATsz32
00000028  bpb32.extFlags
0000002A  bpb32.FSver
0000002C  bpb32.RootClus
00000030  bpb32.FSinfo
00000032  bpb32.BkBootSec
00000034  bpb32.reserved
00000040  bpb32.drvNum
00000041  bpb32.reserved1
00000042  bpb32.bootSig
00000043  bpb32.volID
00000047  bpb32.volLab
00000052  bpb32.filSysType
0000005A  bpb32_size
00000000  fatDirEntry
00000000  fatDirEntry.name
0000000B  fatDirEntry.attribute
0000000C  fatDirEntry.ntRes
0000000D  fatDirEntry.crtTimeT
0000000E  fatDirEntry.crtTime
00000010  fatDirEntry.crtDate
00000012  fatDirEntry.lastAccDat
00000014  fatDirEntry.fstClusHi
00000016  fatDirEntry.wrtTime
00000018  fatDirEntry.wrtDate
0000001A  fatDirEntry.fstClusLo
0000001C  fatDirEntry.fileSize
00000020  fatDirEntry_size
00000001  dirReadOnly
00000002  dirHidden
00000004  dirSystem
00000008  dirVolumeID
00000010  dirDirectory
00000020  dirArchive
0000000F  dirLongName
00000000  bpbEx
00000000  bpbEx.jmpBoot
00000003  bpbEx.oemName
0000000B  bpbEx.MustBeZero
00000040  bpbEx.partitionOffset
00000048  bpbEx.volumeLength
00000050  bpbEx.FAToffset
00000054  bpbEx.FATlength
00000058  bpbEx.clusterHeapOffset
0000005C  bpbEx.clusterCount
00000060  bpbEx.firstClusterOfRootDir
00000064  bpbEx.volumeSerialNum
00000068  bpbEx.FSrevision
0000006A  bpbEx.volumeFlags
0000006C  bpbEx.bytesPerSectorShift
0000006D  bpbEx.sectorsPerClusterShift
0000006E  bpbEx.numberOfFATs
0000006F  bpbEx.driveSelect
00000070  bpbEx.percentInUse
00000071  bpbEx.reserved
00000078  bpbEx_size
00000000  FSInfo
00000000  FSInfo.leadSig
00000004  FSInfo.reserved1
000001E4  FSInfo.strucSig
000001E8  FSInfo.freeCount
000001EC  FSInfo.nextFree
000001F0  FSInfo.reserved2
000001FC  FSInfo.trailSig
00000200  FSInfo_size
00000000  dpb
00000000  dpb.bDriveNumber
00000001  dpb.bUnitNumber
00000002  dpb.bBytesPerSectorShift
00000003  dpb.bMaxSectorInCluster
00000004  dpb.bSectorsPerClusterShift
00000005  dpb.dFAToffset
00000009  dpb.bNumberOfFATs
0000000A  dpb.wNumberRootDirEntries
0000000C  dpb.dClusterHeapOffset
00000010  dpb.dClusterCount
00000014  dpb.dFATlength
00000018  dpb.dFirstClusterOfRootDir
0000001C  dpb.qDriverHeaderPtr
00000024  dpb.bMediaDescriptor
00000025  dpb.bAccessFlag
00000026  dpb.qNextDPBPtr
0000002E  dpb.dFirstFreeCluster
00000032  dpb.dNumberOfFreeClusters
00000036  dpb_size
00000000  cds
00000000  cds.sCurrentPath
00000043  cds.wFlags
00000045  cds.qDPBPtr
0000004D  cds.dStartCluster
00000051  cds.qReserved
00000059  cds.wBackslashOffset
0000005B  cds_size
00008000  cdsNetDrive
00004000  cdsPhysDrive
00002000  cdsJoinDrive
00001000  cdsSubstDrive
00000080  cdsRedirDrive
00000000  sfth
00000000  sfth.qNextSFTPtr
00000008  sfth.wNumFiles
0000000A  sfth_size
00000000  sft
00000000  sft.wNumHandles
00000002  sft.wOpenMode
00000004  sft.bFileAttrib
00000005  sft.wDeviceInfo
00000007  sft.qPtr
0000000F  sft.dStartClust
00000013  sft.wTime
00000015  sft.wDate
00000017  sft.dFileSize
0000001B  sft.dCurntOff
0000001F  sft.wRelClust
00000021  sft.dDirSect
00000025  sft.bNumDirEnt
00000026  sft.sFCBName
00000031  sft.qPSPOwner
00000039  sft.dAbsClusr
0000003D  sft_size
00000000  bufferHdr
00000000  bufferHdr.nextBufPtr
00000008  bufferHdr.driveNumber
00000009  bufferHdr.bufferFlags
0000000A  bufferHdr.bufferLBA
0000000E  bufferHdr.bufFATcopy
0000000F  bufferHdr.bufFAToff
00000010  bufferHdr.driveDPBPtr
00000018  bufferHdr_size


---- Section .text ------------------------------------------------------------

Real              Virtual           Name
              78                78  adjDrivers
              D4                D4  l1
              DF                DF  adjustDrvHdr
              F2                F2  startmsg
             108               108  nData

---- Section resSeg -----------------------------------------------------------

Real              Virtual           Name
             12A               FB1  findLRUBuffer
             13D               FC4  findLRUBuffer.flb1
             166               FED  findDPB
             16D               FF4  findDPB.fd1
             182              1009  findDPB.fd2
             183              100A  fatProc
             183              100A  terminateProcess
             183              100A  functionDispatch
             183              100A  terminateHandler
             183              100A  ctrlCHandler
             183              100A  critErrorHandler
             1EE              1075  critErrorHandler.userInput
             1F9              1080  critErrorHandler.userAbort
             204              108B  critErrorHandler.userRetry
             21F              10A6  critErrorHandler.userIgnore
             23A              10C1  critErrorHandler.userFail
             255              10DC  critErrorHandler.userMsgEnd
             260              10E7  critErrorHandler.userInputPhase
             273              10FA  critErrorHandler.uip1
             282              1109  critErrorHandler.validInput
             284              110B  critErrorHandler.cehExit
             28B              1112  critErrorHandler.charError
             297              111E  critErrorHandler.ce1
             2A5              112C  critErrorHandler.errorMsgTable
             38F              1216  critErrorHandler.drive
             396              121D  critErrorHandler.readmsg
             3A5              122C  critErrorHandler.writemsg
             3B4              123B  critErrorHandler.crlf
             3B7              123E  critErrorHandler.abortmsg
             3BD              1244  critErrorHandler.ignoremsg
             3C4              124B  critErrorHandler.retrymsg
             3CA              1251  critErrorHandler.failmsg
             3CF              1256  critErrorHandler.betweenMsg
             3D2              1259  critErrorHandler.endMsg
             3D5              125C  critErrorHandler.responses
             3D9              1260  absDiskRead
             3EE              1275  absDiskWrite
             403              128A  terminateResident
             403              128A  inDosHandler
             405              128C  fastOutput
             40D              1294  passCommand
             40D              1294  multiplex
             40D              1294  drivers
             40D              1294  conHdr
             42F              12B6  auxHdr
             451              12D8  prnHdr
             473              12FA  clkHdr
             495              131C  msdHdr
             4B7              133E  com1Hdr
             4D9              1360  com2Hdr
             4FB              1382  com3Hdr
             51D              13A4  com4Hdr
             53F              13C6  lpt1Hdr
             561              13E8  lpt2Hdr
             583              140A  lpt3Hdr
             5A5              142C  commonStrat
             5AD              1434  reqHdrPtr
             5B5              143C  nulStrat
             5BB              1442  nulIntr
             5BC              1443  conDriver
             5E4              146B  conExit
             5ED              1474  conInit
             5EE              1475  conInit.ci0
             5FA              1481  conInit.ci1
             615              149C  conIORead
             61D              14A4  conRead
             625              14AC  conRead.cr1
             633              14BA  conRead.cre2
             63A              14C1  conNondestructiveRead
             645              14CC  conNondestructiveRead.cnr
             64D              14D4  conFlushInputBuffers
             659              14E0  conWrite
             661              14E8  conWrite.cw1
             66D              14F4  conWrite.cw2
             677              14FE  clkDriver
             677              14FE  comDriver
             677              14FE  com1Intr
             680              1507  com2Intr
             689              1510  com3Intr
             692              1519  com4Intr
             699              1520  comIntr
             6B8              153F  comExit
             6C4              154B  comRead
             6CB              1552  comRead.cr1
             6E3              156A  comRead.cre2
             6E9              1570  comNondestructiveRead
             6F1              1578  comWrite
             6F7              157E  comWrite.cw1
             70C              1593  comWrite.cw2
             711              1598  comDevice
             712              1599  lptDriver
             722              15A9  msdDriver
             7A3              162A  msdDriver.msdError
             7A3              162A  msdDriver.msdDriverExit
             7B1              1638  msdDriver.msdInit
             7C0              1647  msdDriver.mi1
             7E4              166B  msdDriver.mi2
             81C              16A3  msdDriver.mi3
             846              16CD  msdDriver.msdInitError
             84C              16D3  msdDriver.msdMedChk
             86F              16F6  msdDriver.mmcChange
             87B              1702  msdDriver.mmcUnsure
             884              170B  msdDriver.mmcNoChange
             88D              1714  msdDriver.msdBuildBPB
             8CE              1755  msdDriver.mbbpbError
             8CE              1755  msdDriver.msdIOCTLRead
             8D3              175A  msdDriver.msdRead
             8E5              176C  msdDriver.msdWrite
             8F7              177E  msdDriver.msdWriteVerify
             910              1797  msdDriver.msdIOCTLWrite
             915              179C  msdDriver.msdDevOpen
             925              17AC  msdDriver.msdDevClose
             935              17BC  msdDriver.msdRemovableMedia
             953              17DA  msdDriver.msdGenericIOCTL
             958              17DF  msdDriver.msdGetLogicalDev
             966              17ED  msdDriver.msdSetLogicalDev
             974              17FB  msdDriver.msdBlkIOCommon
             98D              1814  msdDriver.msdDefLabel
             996              181D  msdDriver.msdCurDev
             997              181E  msdDriver.msdBIOSmap
             99C              1823  msdDriver.msdHdlCnt
             9A1              1828  msdDriver.msdBPBTbl
             9C9              1850  msdDriver.msdBPBblks
             C21              1AA8  driverDataPtr

---- Section dSeg -------------------------------------------------------------

Real              Virtual           Name
             12A               12A  dosSegPtr
             132               132  bootDrive
             133               133  requestHdr
             15D               15D  sysVarsPtr
             165               165  mcbChainPtr
             16D               16D  dpbHeadPtr
             175               175  sftHeadPtr
             17D               17D  clockPtr
             185               185  conPtr
             18D               18D  maxBytesSec
             18F               18F  bufHeadPtr
             197               197  cdsHeadPtr
             19F               19F  sfcbHeadPTr
             1A7               1A7  numSafeSFCB
             1A9               1A9  numMSDdrv
             1AA               1AA  lastdrvNum
             1AB               1AB  numJoinDrv
             1AC               1AC  nulDevHdr
             1CE               1CE  inDOS
             1CF               1CF  breakFlag
             1D0               1D0  defaultDrv
             1D1               1D1  currentPSP
             1D9               1D9  oldRSP
             1E1               1E1  critStack
             329               329  critStakTop
             331               331  IOStack
             969               969  IOStakTop
             971               971  DiskStack
             FA9               FA9  DiskStakTop
             FB1               FB1  dSegLen

