
Memory Configuration

Name             Origin             Length             Attributes
*default*        0x0000000000000000 0xffffffffffffffff

Linker script and memory map

LOAD ./bin/tmp/oem.obj
LOAD ./bin/tmp/sys.obj
LOAD ./bin/tmp/krn.obj
LOAD ./bin/tmp/drv.obj
                0x0000000000000000                __image_base__ = 0x0
                0x0000000000000000                __dll__ = 0x0
                0x0000000000000000                __ImageBase = 0x0
                0x0000000000000001                __section_alignment__ = 0x1
                0x0000000000000001                __file_alignment__ = 0x1
                0x0000000000000004                __major_os_version__ = 0x4
                0x0000000000000000                __minor_os_version__ = 0x0
                0x0000000000000000                __major_image_version__ = 0x0
                0x0000000000000000                __minor_image_version__ = 0x0
                0x0000000000000005                __major_subsystem_version__ = 0x5
                0x0000000000000002                __minor_subsystem_version__ = 0x2
                0x0000000000000003                __subsystem__ = 0x3
                0x0000000000200000                __size_of_stack_reserve__ = 0x200000
                0x0000000000001000                __size_of_stack_commit__ = 0x1000
                0x0000000000100000                __size_of_heap_reserve__ = 0x100000
                0x0000000000001000                __size_of_heap_commit__ = 0x1000
                0x0000000000000000                __loader_flags__ = 0x0
                0x0000000000000100                __dll_characteristics__ = 0x100

.text           0x0000000000000000        0x0
 .text          0x0000000000000000        0x0 ./bin/tmp/sys.obj
 .text          0x0000000000000000        0x0 ./bin/tmp/krn.obj
 .text          0x0000000000000000        0x0 ./bin/tmp/drv.obj

oem$            0x0000000000000000      0x680
 ./bin/tmp/oem.obj()
 .text          0x0000000000000000        0x0 ./bin/tmp/oem.obj
 otext          0x0000000000000000      0x67c ./bin/tmp/oem.obj
                0x0000000000000367                OEMMCBINIT
                0x0000000000000615                OEMHALT
                0x0000000000000659                OEMCALLBK
 odata          0x000000000000067c        0x0 ./bin/tmp/oem.obj

sys$            0x000000000000067c     0x162c
 ./bin/tmp/sys.obj(stext)
 stext          0x000000000000067c     0x1306 ./bin/tmp/sys.obj
                0x000000000000067c                SYSENTRY
 ./bin/tmp/sys.obj(sdata)
 sdata          0x0000000000001982      0x324 ./bin/tmp/sys.obj
                0x0000000000001b3e                FINALDOSPTR
                0x0000000000001b46                MCBANCHOR
                0x0000000000001b4e                FILES
                0x0000000000001b4f                BUFFERS
                0x0000000000001b50                DFLTDRIVE
                0x0000000000001b51                LASTDRIVE
                0x0000000000001b52                OEMBIOS
                0x0000000000001b53                OEMMEMPTR
                0x0000000000001b53                OEMDRVCHAIN
                0x0000000000001b5b                OEMPTR
                0x0000000000001b63                OEMVERSION

dos$            0x0000000000000000     0x7f3c load address 0x0000000000001ca6
 ./bin/tmp/krn.obj(COMMON)
 ./bin/tmp/krn.obj(dtext)
 dtext          0x0000000000000000     0x7f3b ./bin/tmp/krn.obj
                0x0000000000000002                dosBIOSName
                0x0000000000000032                extKeyFunc
                0x00000000000001d5                charTableArray.ucTable
                0x00000000000001d5                charTableArray
                0x00000000000001de                charTableArray.filenameUCTable
                0x00000000000001e7                charTableArray.filenameTerminatingTable
                0x00000000000001f0                charTableArray.collatingTable
                0x0000000000000200                ctryTbl
                0x000000000000068f                serverDispTbl
                0x0000000000002d89                editKeys
                0x0000000000005b0d                terminateProcess
                0x0000000000005b14                terminateRes
                0x00000000000066dd                caseMapFunc
                0x000000000000694a                i0
                0x0000000000006951                i1
                0x000000000000695b                i2
                0x0000000000006965                i3
                0x000000000000696f                i4
                0x0000000000006979                i5
                0x0000000000006980                i6
                0x0000000000006987                i7
                0x000000000000698e                i8
                0x0000000000006995                i9
                0x000000000000699c                i10
                0x00000000000069a3                i11
                0x00000000000069aa                i12
                0x00000000000069b1                i13
                0x00000000000069b8                i14
                0x00000000000069bf                i15
                0x00000000000069c6                i16
                0x00000000000069cd                i17
                0x00000000000069d4                i18
                0x00000000000069db                i19
                0x00000000000069e2                i20
                0x00000000000069e9                i21
                0x0000000000006d48                dosDefCritErrHdlr
                0x0000000000006d61                nulStrat
                0x0000000000006d67                nulIntr
                0x0000000000006e02                absDiskWrite
                0x0000000000006e21                absDiskRead
                0x00000000000074e8                functionDispatch
                0x0000000000007640                defaultIretq
                0x0000000000007670                dosCrit1Enter
                0x000000000000767a                dosCrit1Exit
                0x0000000000007684                dosCrit2Enter
                0x000000000000768e                dosCrit2Exit
                0x0000000000007d94                multiplexHdlr
                0x0000000000007e87                badDfltShareHook
                0x0000000000007e8d                goodDfltShareHook

drv$            0x0000000000007f3b     0x1110 load address 0x0000000000009be1
 ./bin/tmp/drv.obj(kDrvText)
 kDrvText       0x0000000000007f3b     0x110f ./bin/tmp/drv.obj
                0x0000000000007f3b                driverChain
 ./bin/tmp/drv.obj(kDrvDat)
 kDrvDat        0x000000000000904a        0x0 ./bin/tmp/drv.obj
                0x000000000000904a                dosResLen = .
 ./bin/tmp/drv.obj(COMMON)
                0x0000000000001ca6                dosResStart = LOADADDR (dos$)
                0x000000000000904a                dosEnd = .
OUTPUT(./bin/tmp/dos.exe pei-x86-64)

dBSS            0x000000000000904a     0x1a87 load address 0x000000000000acf0
 *fill*         0x000000000000904a        0x6 
 dBSS           0x0000000000009050     0x1a81 ./bin/tmp/krn.obj
                0x0000000000009050                anchorMcb
                0x0000000000009060                bootDrive
                0x0000000000009061                biosVers
                0x0000000000009065                biosPtr
                0x000000000000906f                shareCount
                0x0000000000009071                shareDelay
                0x0000000000009083                mcbChainPtr
                0x000000000000908b                dpbHeadPtr
                0x0000000000009093                sftHeadPtr
                0x000000000000909b                clockPtr
                0x00000000000090a3                vConPtr
                0x00000000000090ab                maxBytesSec
                0x00000000000090ad                bufHeadPtr
                0x00000000000090b5                cdsHeadPtr
                0x00000000000090bd                fcbsHeadPtr
                0x00000000000090c7                numPhysVol
                0x00000000000090c8                lastdrvNum
                0x00000000000090c9                numBuffers
                0x00000000000090ca                nulDevHdr
                0x00000000000090ed                numFiles
                0x00000000000090ee                dosMgrHooks
                0x00000000000090ff                dllHooks
                0x000000000000910f                shareHooks
                0x0000000000009187                firstSftHeader
                0x0000000000009421                switchChar
                0x0000000000009426                machineName
                0x0000000000009436                critPtchTbl
                0x0000000000009459                errorDrv
                0x0000000000009467                currentDTA
                0x000000000000946f                currentPSP
                0x00000000000094de                dayOfMonth
                0x00000000000094df                monthOfYear
                0x000000000000978a                currentNdx
                0x000000000000aa32                serverDispTblPtr

kDrvBSS         0x000000000000aad1     0x101f load address 0x000000000000c777
 *fill*         0x000000000000aad1        0xf 
 kDrvBSS        0x000000000000aae0     0x1010 ./bin/tmp/drv.obj
