
Memory Configuration

Name             Origin             Length             Attributes
*default*        0x0000000000000000 0xffffffffffffffff

Linker script and memory map

LOAD ./bin/tmp/oem.obj
LOAD ./bin/tmp/sys.obj
LOAD ./bin/tmp/krn.obj
LOAD ./bin/tmp/drv.obj
                0x0000000000000000                __image_base__ = 0x0
                0x0000000000000000                __dll__ = 0x0
                0x0000000000000000                __ImageBase = 0x0
                0x0000000000000001                __section_alignment__ = 0x1
                0x0000000000000001                __file_alignment__ = 0x1
                0x0000000000000004                __major_os_version__ = 0x4
                0x0000000000000000                __minor_os_version__ = 0x0
                0x0000000000000000                __major_image_version__ = 0x0
                0x0000000000000000                __minor_image_version__ = 0x0
                0x0000000000000005                __major_subsystem_version__ = 0x5
                0x0000000000000002                __minor_subsystem_version__ = 0x2
                0x0000000000000003                __subsystem__ = 0x3
                0x0000000000200000                __size_of_stack_reserve__ = 0x200000
                0x0000000000001000                __size_of_stack_commit__ = 0x1000
                0x0000000000100000                __size_of_heap_reserve__ = 0x100000
                0x0000000000001000                __size_of_heap_commit__ = 0x1000
                0x0000000000000000                __loader_flags__ = 0x0
                0x0000000000000100                __dll_characteristics__ = 0x100

.text           0x0000000000000000        0x0
 .text          0x0000000000000000        0x0 ./bin/tmp/sys.obj
 .text          0x0000000000000000        0x0 ./bin/tmp/krn.obj
 .text          0x0000000000000000        0x0 ./bin/tmp/drv.obj

oem$            0x0000000000000000      0x680
 ./bin/tmp/oem.obj()
 .text          0x0000000000000000        0x0 ./bin/tmp/oem.obj
 otext          0x0000000000000000      0x67c ./bin/tmp/oem.obj
                0x0000000000000367                OEMMCBINIT
                0x0000000000000615                OEMHALT
                0x0000000000000659                OEMCALLBK
 odata          0x000000000000067c        0x0 ./bin/tmp/oem.obj

sys$            0x000000000000067c     0x162c
 ./bin/tmp/sys.obj(stext)
 stext          0x000000000000067c     0x1306 ./bin/tmp/sys.obj
                0x000000000000067c                SYSENTRY
 ./bin/tmp/sys.obj(sdata)
 sdata          0x0000000000001982      0x324 ./bin/tmp/sys.obj
                0x0000000000001b3e                FINALDOSPTR
                0x0000000000001b46                MCBANCHOR
                0x0000000000001b4e                FILES
                0x0000000000001b4f                BUFFERS
                0x0000000000001b50                DFLTDRIVE
                0x0000000000001b51                LASTDRIVE
                0x0000000000001b52                OEMBIOS
                0x0000000000001b53                OEMMEMPTR
                0x0000000000001b53                OEMDRVCHAIN
                0x0000000000001b5b                OEMPTR
                0x0000000000001b63                OEMVERSION

dos$bss         0x0000000000000000     0x1a81 load address 0x0000000000001ca6
 ./bin/tmp/krn.obj(dBSS)
 dBSS           0x0000000000000000     0x1a81 ./bin/tmp/krn.obj
                0x0000000000000000                anchorMcb
                0x0000000000000010                bootDrive
                0x0000000000000011                biosVers
                0x0000000000000015                biosPtr
                0x000000000000001f                shareCount
                0x0000000000000021                shareDelay
                0x0000000000000033                mcbChainPtr
                0x000000000000003b                dpbHeadPtr
                0x0000000000000043                sftHeadPtr
                0x000000000000004b                clockPtr
                0x0000000000000053                vConPtr
                0x000000000000005b                maxBytesSec
                0x000000000000005d                bufHeadPtr
                0x0000000000000065                cdsHeadPtr
                0x000000000000006d                fcbsHeadPtr
                0x0000000000000077                numPhysVol
                0x0000000000000078                lastdrvNum
                0x0000000000000079                numBuffers
                0x000000000000007a                nulDevHdr
                0x000000000000009d                numFiles
                0x000000000000009e                dosMgrHooks
                0x00000000000000af                dllHooks
                0x00000000000000bf                shareHooks
                0x0000000000000137                firstSftHeader
                0x00000000000003d1                switchChar
                0x00000000000003d6                machineName
                0x00000000000003e6                critPtchTbl
                0x0000000000000409                errorDrv
                0x0000000000000417                currentDTA
                0x000000000000041f                currentPSP
                0x000000000000048e                dayOfMonth
                0x000000000000048f                monthOfYear
                0x000000000000073a                currentNdx
                0x00000000000019e2                serverDispTblPtr

dos$            0x0000000000001a81     0x7f3c load address 0x0000000000001ca6
 ./bin/tmp/krn.obj(dtext)
 dtext          0x0000000000001a81     0x7f3b ./bin/tmp/krn.obj
                0x0000000000001a83                dosBIOSName
                0x0000000000001ab3                extKeyFunc
                0x0000000000001c56                charTableArray.ucTable
                0x0000000000001c56                charTableArray
                0x0000000000001c5f                charTableArray.filenameUCTable
                0x0000000000001c68                charTableArray.filenameTerminatingTable
                0x0000000000001c71                charTableArray.collatingTable
                0x0000000000001c81                ctryTbl
                0x0000000000002110                serverDispTbl
                0x000000000000480a                editKeys
                0x000000000000758e                terminateProcess
                0x0000000000007595                terminateRes
                0x000000000000815e                caseMapFunc
                0x00000000000083cb                i0
                0x00000000000083d2                i1
                0x00000000000083dc                i2
                0x00000000000083e6                i3
                0x00000000000083f0                i4
                0x00000000000083fa                i5
                0x0000000000008401                i6
                0x0000000000008408                i7
                0x000000000000840f                i8
                0x0000000000008416                i9
                0x000000000000841d                i10
                0x0000000000008424                i11
                0x000000000000842b                i12
                0x0000000000008432                i13
                0x0000000000008439                i14
                0x0000000000008440                i15
                0x0000000000008447                i16
                0x000000000000844e                i17
                0x0000000000008455                i18
                0x000000000000845c                i19
                0x0000000000008463                i20
                0x000000000000846a                i21
                0x00000000000087c9                dosDefCritErrHdlr
                0x00000000000087e2                nulStrat
                0x00000000000087e8                nulIntr
                0x0000000000008883                absDiskWrite
                0x00000000000088a2                absDiskRead
                0x0000000000008f69                functionDispatch
                0x00000000000090c1                defaultIretq
                0x00000000000090f1                dosCrit1Enter
                0x00000000000090fb                dosCrit1Exit
                0x0000000000009105                dosCrit2Enter
                0x000000000000910f                dosCrit2Exit
                0x0000000000009815                multiplexHdlr
                0x0000000000009908                badDfltShareHook
                0x000000000000990e                goodDfltShareHook

drv$            0x00000000000099bc     0x1110 load address 0x0000000000009be1
 ./bin/tmp/drv.obj(kDrvText)
 kDrvText       0x00000000000099bc     0x110f ./bin/tmp/drv.obj
                0x00000000000099bc                driverChain
 ./bin/tmp/drv.obj(kDrvDat)
 kDrvDat        0x000000000000aacb        0x0 ./bin/tmp/drv.obj
                0x000000000000aacb                dosResLen = .

drv$bss         0x000000000000aad0     0x1010 load address 0x000000000000acf0
 ./bin/tmp/drv.obj(kDrvBSS)
 kDrvBSS        0x000000000000aad0     0x1010 ./bin/tmp/drv.obj
                0x0000000000001ca6                dosResStart = LOADADDR (dos$)
                0x000000000000bae0                dosEnd = .
OUTPUT(./bin/tmp/dos.exe pei-x86-64)
