
Memory Configuration

Name             Origin             Length             Attributes
*default*        0x0000000000000000 0xffffffffffffffff

Linker script and memory map

LOAD ./bin/tmp/oem.obj
LOAD ./bin/tmp/sys.obj
LOAD ./bin/tmp/krn.obj
LOAD ./bin/tmp/drv.obj
                0x0000000140000000                __image_base__ = 0x140000000
                0x0000000000000000                __dll__ = 0x0
                0x0000000140000000                __ImageBase = 0x140000000
                0x0000000000001000                __section_alignment__ = 0x1000
                0x0000000000000200                __file_alignment__ = 0x200
                0x0000000000000004                __major_os_version__ = 0x4
                0x0000000000000000                __minor_os_version__ = 0x0
                0x0000000000000000                __major_image_version__ = 0x0
                0x0000000000000000                __minor_image_version__ = 0x0
                0x0000000000000005                __major_subsystem_version__ = 0x5
                0x0000000000000002                __minor_subsystem_version__ = 0x2
                0x0000000000000003                __subsystem__ = 0x3
                0x0000000000200000                __size_of_stack_reserve__ = 0x200000
                0x0000000000001000                __size_of_stack_commit__ = 0x1000
                0x0000000000100000                __size_of_heap_reserve__ = 0x100000
                0x0000000000001000                __size_of_heap_commit__ = 0x1000
                0x0000000000000000                __loader_flags__ = 0x0
                0x0000000000000160                __dll_characteristics__ = 0x160

oem$            0x0000000000000000      0x800
 ./bin/tmp/oem.obj()
 .text          0x0000000000000000        0x0 ./bin/tmp/oem.obj
 otext          0x0000000000000000      0x640 ./bin/tmp/oem.obj
                0x0000000000000362                OEMMCBINIT
                0x00000000000005d9                OEMHALT
                0x000000000000061d                OEMCALLBK
 odata          0x0000000000000640        0x0 ./bin/tmp/oem.obj

sys$            0x0000000000000640     0x1600
 ./bin/tmp/sys.obj()
 .text          0x0000000000000640        0x0 ./bin/tmp/sys.obj
 stext          0x0000000000000640     0x1249 ./bin/tmp/sys.obj
                0x0000000000000640                SYSENTRY
 sdata          0x0000000000001889      0x324 ./bin/tmp/sys.obj
                0x0000000000001a45                FINALDOSPTR
                0x0000000000001a4d                MCBANCHOR
                0x0000000000001a55                FILES
                0x0000000000001a56                BUFFERS
                0x0000000000001a57                DFLTDRIVE
                0x0000000000001a58                LASTDRIVE
                0x0000000000001a59                OEMBIOS
                0x0000000000001a5a                OEMMEMPTR
                0x0000000000001a5a                OEMDRVCHAIN
                0x0000000000001a62                OEMPTR
                0x0000000000001a6a                OEMVERSION

dos$            0x0000000000001bad     0x9803
 ./bin/tmp/krn.obj()
 *fill*         0x0000000000001bad        0x3 
 .text          0x0000000000001bb0        0x0 ./bin/tmp/krn.obj
 dBSS           0x0000000000001bb0     0x1a81 ./bin/tmp/krn.obj
                0x0000000000001bb0                anchorMcb
                0x0000000000001bc0                bootDrive
                0x0000000000001bc1                biosVers
                0x0000000000001bc5                biosPtr
                0x0000000000001bcf                shareCount
                0x0000000000001bd1                shareDelay
                0x0000000000001be3                mcbChainPtr
                0x0000000000001beb                dpbHeadPtr
                0x0000000000001bf3                sftHeadPtr
                0x0000000000001bfb                clockPtr
                0x0000000000001c03                vConPtr
                0x0000000000001c0b                maxBytesSec
                0x0000000000001c0d                bufHeadPtr
                0x0000000000001c15                cdsHeadPtr
                0x0000000000001c1d                fcbsHeadPtr
                0x0000000000001c27                numPhysVol
                0x0000000000001c28                lastdrvNum
                0x0000000000001c29                numBuffers
                0x0000000000001c2a                nulDevHdr
                0x0000000000001c4d                numFiles
                0x0000000000001c4e                dosMgrHooks
                0x0000000000001c5f                dllHooks
                0x0000000000001c6f                shareHooks
                0x0000000000001ce7                firstSftHeader
                0x0000000000001f81                switchChar
                0x0000000000001f86                machineName
                0x0000000000001f96                critPtchTbl
                0x0000000000001fb9                errorDrv
                0x0000000000001fc7                currentDTA
                0x0000000000001fcf                currentPSP
                0x000000000000203e                dayOfMonth
                0x000000000000203f                monthOfYear
                0x00000000000022ea                currentNdx
                0x0000000000003592                serverDispTblPtr
 dtext          0x0000000000003631     0x7cb3 ./bin/tmp/krn.obj
                0x0000000000003633                dosBIOSName
                0x0000000000003663                extKeyFunc
                0x0000000000003806                charTableArray.ucTable
                0x0000000000003806                charTableArray
                0x000000000000380f                charTableArray.filenameUCTable
                0x0000000000003818                charTableArray.filenameTerminatingTable
                0x0000000000003821                charTableArray.collatingTable
                0x0000000000003831                ctryTbl
                0x0000000000003cc0                serverDispTbl
                0x00000000000062ed                editKeys
                0x0000000000008f62                terminateProcess
                0x0000000000008f69                terminateRes
                0x0000000000009acc                caseMapFunc
                0x0000000000009d34                i0
                0x0000000000009d3b                i1
                0x0000000000009d45                i2
                0x0000000000009d4f                i3
                0x0000000000009d59                i4
                0x0000000000009d63                i5
                0x0000000000009d6a                i6
                0x0000000000009d71                i7
                0x0000000000009d78                i8
                0x0000000000009d7f                i9
                0x0000000000009d86                i10
                0x0000000000009d8d                i11
                0x0000000000009d94                i12
                0x0000000000009d9b                i13
                0x0000000000009da2                i14
                0x0000000000009da9                i15
                0x0000000000009db0                i16
                0x0000000000009db7                i17
                0x0000000000009dbe                i18
                0x0000000000009dc5                i19
                0x0000000000009dcc                i20
                0x0000000000009dd3                i21
                0x000000000000a12f                dosDefCritErrHdlr
                0x000000000000a148                nulStrat
                0x000000000000a14e                nulIntr
                0x000000000000a1e9                absDiskWrite
                0x000000000000a208                absDiskRead
                0x000000000000a8b0                functionDispatch
                0x000000000000aa08                defaultIretq
                0x000000000000aa38                dosCrit1Enter
                0x000000000000aa42                dosCrit1Exit
                0x000000000000aa4c                dosCrit2Enter
                0x000000000000aa56                dosCrit2Exit
                0x000000000000b13d                multiplexHdlr
                0x000000000000b230                badDfltShareHook
                0x000000000000b236                goodDfltShareHook

drv$            0x000000000000b2e4     0x1200
 ./bin/tmp/drv.obj(kDrvText)
 kDrvText       0x000000000000b2e4     0x10f1 ./bin/tmp/drv.obj
                0x000000000000b2e4                driverChain
 ./bin/tmp/drv.obj(kDrvDat)
 kDrvDat        0x000000000000c3d5        0x0 ./bin/tmp/drv.obj
                0x000000000000c3d5                __drvEnd__ = .
 ./bin/tmp/drv.obj(COMMON)
                0x0000000000001bad                dosFileS = LOADADDR (dos$)
                0x000000000000a828                dosLen = (__drvEnd__ - dosFileS)
                0x000000000000c3d5                dosEnd = .
OUTPUT(./bin/dos.exe pei-x86-64)
LOAD dll stuff

.text           0x000000000000d000        0x0
 .text          0x000000000000d000        0x0 ./bin/tmp/drv.obj

.reloc          0x000000000000d000      0x200
 .reloc         0x000000000000d000      0x170 dll stuff

kDrvBSS         0x000000000000e000     0x1010
 kDrvBSS        0x000000000000e000     0x1010 ./bin/tmp/drv.obj
