
- NASM Map file ---------------------------------------------------------------

Source file:  ./Source/scpdos.asm
Output file:  ./Binaries/scpdos.sys

-- Program origin -------------------------------------------------------------

00000000

-- Sections (summary) ---------------------------------------------------------

Vstart            Start             Stop              Length    Class     Name
               0                 0               F1A  00000F1A  progbits  .text
           3D4D8               F1A              37C1  000028A7  progbits  resSeg
               0                 0             3D4D8  0003D4D8  nobits    dSeg
           3FD80             3FD80             4104A  000012CA  nobits    dynamicDataArea

-- Sections (detailed) --------------------------------------------------------

---- Section .text ------------------------------------------------------------

class:     progbits
length:                 F1A
start:                    0
align:                    1
follows:   not defined
vstart:                   0
valign:    not defined
vfollows:  not defined

---- Section resSeg -----------------------------------------------------------

class:     progbits
length:                28A7
start:                  F1A
align:                    1
follows:   .text
vstart:               3D4D8
valign:                   1
vfollows:  dSeg

---- Section dSeg -------------------------------------------------------------

class:     nobits
length:               3D4D8
start:                    0
align:     not defined
follows:   not defined
vstart:                   0
valign:    not defined
vfollows:  not defined

---- Section dynamicDataArea --------------------------------------------------

class:     nobits
length:                12CA
start:                3FD80
align:     not defined
follows:   not defined
vstart:               3FD80
valign:                  10
vfollows:  resSeg

-- Symbols --------------------------------------------------------------------

---- No Section ---------------------------------------------------------------

Value     Name
00000000  drvHdr
00000000  drvHdr.nxtPtr
00000008  drvHdr.attrib
0000000A  drvHdr.strPtr
00000012  drvHdr.intPtr
0000001A  drvHdr.drvNam
00000022  drvHdr_size
00000000  drvINIT
00000001  drvMEDCHK
00000002  drvBUILDBPB
00000003  drvIOCTLREAD
00000004  drvREAD
00000005  drvNONDESTREAD
00000006  drvINSTATUS
00000007  drvFLUSHINBUF
00000008  drvWRITE
00000009  drvWRITEVERIFY
0000000A  drvOUTSTATUS
0000000B  drvFLUSHOUTBUF
0000000C  drvIOCTLWRITE
0000000D  drvOPEN
0000000E  drvCLOSE
0000000F  drvREMMEDCHECK
00000010  drvOUTTILBUSY
00000013  drvIOCTL
00000017  drvGETDRVMAP
00000018  drvSETDRVMAP
00000000  drvWPErr
00000001  drvBadUnit
00000002  drvNotReady
00000003  drvBadCmd
00000004  drvCRCErr
00000005  drvBadDrvReq
00000006  drvBadSeek
00000007  drvBadMed
00000008  drvSecNotFnd
00000009  drvNoPaper
0000000A  drvWriteFault
0000000B  drvReadFault
0000000C  drvGenFault
0000000F  drvBadDskChnge
00000000  drvReqHdr
00000000  drvReqHdr.hdrlen
00000001  drvReqHdr.unitnm
00000002  drvReqHdr.cmdcde
00000003  drvReqHdr.status
00000005  drvReqHdr.devptr
0000000D  drvReqHdr_size
00000000  initReqPkt
00000000  initReqPkt.hdrlen
00000001  initReqPkt.unitnm
00000002  initReqPkt.cmdcde
00000003  initReqPkt.status
00000005  initReqPkt.devptr
0000000D  initReqPkt.numunt
0000000E  initReqPkt.endptr
00000016  initReqPkt.optptr
0000001E  initReqPkt.drvnum
0000001F  initReqPkt_size
00000000  mediaCheckReqPkt
00000000  mediaCheckReqPkt.hdrlen
00000001  mediaCheckReqPkt.unitnm
00000002  mediaCheckReqPkt.cmdcde
00000003  mediaCheckReqPkt.status
00000005  mediaCheckReqPkt.devptr
0000000D  mediaCheckReqPkt.medesc
0000000E  mediaCheckReqPkt.medret
0000000F  mediaCheckReqPkt.desptr
00000017  mediaCheckReqPkt_size
00000000  bpbBuildReqPkt
00000000  bpbBuildReqPkt.hdrlen
00000001  bpbBuildReqPkt.unitnm
00000002  bpbBuildReqPkt.cmdcde
00000003  bpbBuildReqPkt.status
00000005  bpbBuildReqPkt.devptr
0000000D  bpbBuildReqPkt.medesc
0000000E  bpbBuildReqPkt.bufptr
00000016  bpbBuildReqPkt.bpbptr
0000001E  bpbBuildReqPkt_size
00000000  ioReqPkt
00000000  ioReqPkt.hdrlen
00000001  ioReqPkt.unitnm
00000002  ioReqPkt.cmdcde
00000003  ioReqPkt.status
00000005  ioReqPkt.devptr
0000000D  ioReqPkt.medesc
0000000E  ioReqPkt.bufptr
00000016  ioReqPkt.tfrlen
0000001A  ioReqPkt.strtsc
00000022  ioReqPkt.desptr
0000002A  ioReqPkt_size
00000000  nonDestInNoWaitReqPkt
00000000  nonDestInNoWaitReqPkt.hdrlen
00000001  nonDestInNoWaitReqPkt.unitnm
00000002  nonDestInNoWaitReqPkt.cmdcde
00000003  nonDestInNoWaitReqPkt.status
00000005  nonDestInNoWaitReqPkt.devptr
0000000D  nonDestInNoWaitReqPkt.retbyt
0000000E  nonDestInNoWaitReqPkt_size
00000000  statusReqPkt
00000000  statusReqPkt.hdrlen
00000001  statusReqPkt.unitnm
00000002  statusReqPkt.cmdcde
00000003  statusReqPkt.status
00000005  statusReqPkt.devptr
0000000D  statusReqPkt_size
00000000  flushReqPkt
00000000  flushReqPkt.hdrlen
00000001  flushReqPkt.unitnm
00000002  flushReqPkt.cmdcde
00000003  flushReqPkt.status
00000005  flushReqPkt.devptr
0000000D  flushReqPkt_size
00000000  openReqPkt
00000000  openReqPkt.hdrlen
00000001  openReqPkt.unitnm
00000002  openReqPkt.cmdcde
00000003  openReqPkt.status
00000005  openReqPkt.devptr
0000000D  openReqPkt_size
00000000  closeReqPkt
00000000  closeReqPkt.hdrlen
00000001  closeReqPkt.unitnm
00000002  closeReqPkt.cmdcde
00000003  closeReqPkt.status
00000005  closeReqPkt.devptr
0000000D  closeReqPkt_size
00000000  remMediaReqPkt
00000000  remMediaReqPkt.hdrlen
00000001  remMediaReqPkt.unitnm
00000002  remMediaReqPkt.cmdcde
00000003  remMediaReqPkt.status
00000005  remMediaReqPkt.devptr
0000000D  remMediaReqPkt_size
00000000  ioctlReqPkt
00000000  ioctlReqPkt.hdrlen
00000001  ioctlReqPkt.unitnm
00000002  ioctlReqPkt.cmdcde
00000003  ioctlReqPkt.status
00000005  ioctlReqPkt.devptr
0000000D  ioctlReqPkt.majfun
0000000E  ioctlReqPkt.minfun
0000000F  ioctlReqPkt.rsival
00000017  ioctlReqPkt.rdival
0000001F  ioctlReqPkt.ctlptr
00000027  ioctlReqPkt_size
00000000  getDevReqPkt
00000000  getDevReqPkt.hdrlen
00000001  getDevReqPkt.unitnm
00000002  getDevReqPkt.cmdcde
00000003  getDevReqPkt.status
00000005  getDevReqPkt.devptr
0000000D  getDevReqPkt_size
00000000  setDevReqPkt
00000000  setDevReqPkt.hdrlen
00000001  setDevReqPkt.unitnm
00000002  setDevReqPkt.cmdcde
00000003  setDevReqPkt.status
00000005  setDevReqPkt.devptr
0000000D  setDevReqPkt_size
00000000  bpb
00000000  bpb.jmpBoot
00000003  bpb.oemName
0000000B  bpb.bytsPerSec
0000000D  bpb.secPerClus
0000000E  bpb.revdSecCnt
00000010  bpb.numFATs
00000011  bpb.rootEntCnt
00000013  bpb.totSec16
00000015  bpb.media
00000016  bpb.FATsz16
00000018  bpb.secPerTrk
0000001A  bpb.numHeads
0000001C  bpb.hiddSec
00000020  bpb.totSec32
00000024  bpb.drvNum
00000025  bpb.reserved1
00000026  bpb.bootSig
00000027  bpb.volID
0000002B  bpb.volLab
00000036  bpb.filSysType
0000003E  bpb_size
00000000  bpb32
00000000  bpb32.jmpBoot
00000003  bpb32.oemName
0000000B  bpb32.bytsPerSec
0000000D  bpb32.secPerClus
0000000E  bpb32.revdSecCnt
00000010  bpb32.numFATs
00000011  bpb32.rootEntCnt
00000013  bpb32.totSec16
00000015  bpb32.media
00000016  bpb32.FATsz16
00000018  bpb32.secPerTrk
0000001A  bpb32.numHeads
0000001C  bpb32.hiddSec
00000020  bpb32.totSec32
00000024  bpb32.FATsz32
00000028  bpb32.extFlags
0000002A  bpb32.FSver
0000002C  bpb32.RootClus
00000030  bpb32.FSinfo
00000032  bpb32.BkBootSec
00000034  bpb32.reserved
00000040  bpb32.drvNum
00000041  bpb32.reserved1
00000042  bpb32.bootSig
00000043  bpb32.volID
00000047  bpb32.volLab
00000052  bpb32.filSysType
0000005A  bpb32_size
00000000  mbr
00000000  mbr.bsCode
000001B8  mbr.diskID
000001BC  mbr.reserved
000001BE  mbr.mbrEntry1
000001CE  mbr.mbrEntry2
000001DE  mbr.mbrEntry3
000001EE  mbr.mbrEntry4
000001FE  mbr.mbrSig
00000200  mbr_size
00000000  mbrEntry
00000000  mbrEntry.ptnAtrib
00000001  mbrEntry.chsStart
00000004  mbrEntry.ptnType
00000005  mbrEntry.chsEnd
00000008  mbrEntry.lbaStart
0000000C  mbrEntry.numSectors
00000010  mbrEntry_size
00000000  ebr
00000000  ebr.bsCode
000001BE  ebr.ebrVolHdr
000001CE  ebr.ebrLinkHdr
000001DE  ebr.reserved
000001FE  ebr.mbrSig
00000200  ebr_size
00000000  fatDirEntry
00000000  fatDirEntry.name
0000000B  fatDirEntry.attribute
0000000C  fatDirEntry.ntRes
0000000D  fatDirEntry.crtTimeT
0000000E  fatDirEntry.crtTime
00000010  fatDirEntry.crtDate
00000012  fatDirEntry.lastAccDat
00000014  fatDirEntry.fstClusHi
00000016  fatDirEntry.wrtTime
00000018  fatDirEntry.wrtDate
0000001A  fatDirEntry.fstClusLo
0000001C  fatDirEntry.fileSize
00000020  fatDirEntry_size
00000001  dirReadOnly
00000002  dirHidden
00000004  dirSystem
00000008  dirVolumeID
00000010  dirDirectory
00000020  dirArchive
0000000F  dirLongName
00000000  bpbEx
00000000  bpbEx.jmpBoot
00000003  bpbEx.oemName
0000000B  bpbEx.MustBeZero
00000040  bpbEx.partitionOffset
00000048  bpbEx.volumeLength
00000050  bpbEx.FAToffset
00000054  bpbEx.FATlength
00000058  bpbEx.clusterHeapOffset
0000005C  bpbEx.clusterCount
00000060  bpbEx.firstClusterOfRootDir
00000064  bpbEx.volumeSerialNum
00000068  bpbEx.FSrevision
0000006A  bpbEx.volumeFlags
0000006C  bpbEx.bytesPerSectorShift
0000006D  bpbEx.sectorsPerClusterShift
0000006E  bpbEx.numberOfFATs
0000006F  bpbEx.driveSelect
00000070  bpbEx.percentInUse
00000071  bpbEx.reserved
00000078  bpbEx_size
00000000  FSInfo
00000000  FSInfo.leadSig
00000004  FSInfo.reserved1
000001E4  FSInfo.strucSig
000001E8  FSInfo.freeCount
000001EC  FSInfo.nextFree
000001F0  FSInfo.reserved2
000001FC  FSInfo.trailSig
00000200  FSInfo_size
00000000  dpb
00000000  dpb.bDriveNumber
00000001  dpb.bUnitNumber
00000002  dpb.bBytesPerSectorShift
00000003  dpb.bMaxSectorInCluster
00000004  dpb.bSectorsPerClusterShift
00000005  dpb.wFAToffset
00000007  dpb.bNumberOfFATs
00000008  dpb.wNumberRootDirSectors
0000000A  dpb.dClusterHeapOffset
0000000E  dpb.dClusterCount
00000012  dpb.dFATlength
00000016  dpb.dFirstUnitOfRootDir
0000001A  dpb.qDriverHeaderPtr
00000022  dpb.bMediaDescriptor
00000023  dpb.bAccessFlag
00000024  dpb.qNextDPBPtr
0000002C  dpb.dFirstFreeCluster
00000030  dpb.dNumberOfFreeClusters
00000034  dpb_size
00000FF5  fat12MaxClustCnt
0000FFF5  fat16MaxClustCnt
00000000  cds
00000000  cds.sCurrentPath
00000043  cds.wFlags
00000045  cds.qDPBPtr
0000004D  cds.dStartCluster
00000051  cds.qReserved
00000059  cds.wBackslashOffset
0000005B  cds_size
00008000  cdsNetDrive
00004000  cdsPhysDrive
00002000  cdsJoinDrive
00001000  cdsSubstDrive
00000080  cdsRedirDrive
00000000  sfth
00000000  sfth.qNextSFTPtr
00000008  sfth.wNumFiles
0000000A  sfth_size
00000000  sft
00000000  sft.wNumHandles
00000002  sft.wOpenMode
00000004  sft.bFileAttrib
00000005  sft.wDeviceInfo
00000007  sft.qPtr
0000000F  sft.dStartClust
00000013  sft.wTime
00000015  sft.wDate
00000017  sft.dFileSize
0000001B  sft.dCurntOff
0000001F  sft.wRelSect
00000021  sft.dDirSect
00000025  sft.bNumDirEnt
00000026  sft.sFileName
00000031  sft.qPSPOwner
00000039  sft.dAbsClusr
0000003D  sft_size
00000000  ReadAccess
00000001  WriteAccess
00000002  RWAccess
00000000  CompatShare
00000010  denyRWShare
00000020  denyWriteShare
00000030  denyReadShare
00000040  denyNoneShare
00002000  critErrHdl
00004000  noBufferWrites
00008000  FCBopenedFile
00000001  readOnlyFile
00000002  hiddenFile
00000004  systemFile
00000008  volumeLabel
00000010  directoryFile
00000020  archiveFile
00000001  charDevConIn
00000002  charDevConOut
00000004  charDevNulDev
00000008  charDevClockDev
00000010  charDevFastOut
00000020  devBinary
00000040  charDevNoEOF
00000040  blokDevNotFlush
00000080  devCharDev
00000800  charDevNetSpool
00001000  devNoInherit
00002000  charDevNamePipe
00004000  blokDevDTSet
00008000  devRedirDev
00000000  bufferHdr
00000000  bufferHdr.nextBufPtr
00000008  bufferHdr.driveNumber
00000009  bufferHdr.bufferFlags
0000000A  bufferHdr.bufferLBA
00000012  bufferHdr.bufFATcopy
00000013  bufferHdr.bufFATsize
00000017  bufferHdr.driveDPBPtr
0000001F  bufferHdr.reserved
00000020  bufferHdr.dataarea
00000020  bufferHdr_size
00000001  dosBuffer
00000002  fatBuffer
00000004  dirBuffer
00000008  dataBuffer
00000020  refBuffer
00000040  dirtyBuffer
00000000  mcb
00000000  mcb.marker
00000001  mcb.owner
00000009  mcb.blockSize
0000000D  mcb.reserved
00000010  mcb.program
00000010  mcb_size
00000007  mcbOwnerHole
00000000  mcbOwnerFree
00000008  mcbOwnerDOS
0000004D  mcbMarkCtn
0000005A  mcbMarkEnd
00000000  memFirstFit
00000001  memBestFit
00000002  memLastFit
00000000  callerFrame
00000000  callerFrame.rax
00000008  callerFrame.rbx
00000010  callerFrame.rcx
00000018  callerFrame.rdx
00000020  callerFrame.rsi
00000028  callerFrame.rdi
00000030  callerFrame.rbp
00000038  callerFrame.r8
00000040  callerFrame.r9
00000048  callerFrame.rip
00000050  callerFrame.cs
00000058  callerFrame.flags
00000060  callerFrame_size
00000000  fcb
00000000  fcb.driveNum
00000001  fcb.filename
00000009  fcb.fileext
0000000C  fcb.curBlock
0000000E  fcb.recordSize
00000010  fcb.fileSize
00000014  fcb.fileDate
00000016  fcb.fileTime
00000018  fcb.fcbByte
00000019  fcb.cluster
0000001D  fcb.reserved
00000020  fcb.recordNum
00000021  fcb.randRecrd
00000025  fcb_size
00000000  psp
00000000  psp.return
00000002  psp.startSeg
0000000A  psp.oldInt42h
00000012  psp.oldInt43h
0000001A  psp.oldInt44h
00000022  psp.parentPtr
0000002A  psp.jobFileTbl
0000003E  psp.envPtr
00000046  psp.rspPtr
0000004E  psp.xtraHdlSz
00000050  psp.unixEntry
00000053  psp.prevPSP
0000005B  psp.xtraHdlNum
0000005C  psp.fcb1
0000006C  psp.fcb2
00000080  psp.dta
00000080  psp.parmList
00000081  psp.progTail
00000100  psp_size
00000000  clkStruc
00000000  clkStruc.dateWord
00000002  clkStruc.minutes
00000003  clkStruc.hours
00000004  clkStruc.hseconds
00000005  clkStruc.seconds
00000006  clkStruc_size
0003C000  dosAPTsize
00000001  errInvFnc
00000002  errFnf
00000003  errPnf
00000004  errNhl
00000005  errAccDen
00000006  errBadHdl
00000007  errMCBbad
00000008  errNoMem
00000009  errMemAddr
0000000A  errBadEnv
0000000B  errBadFmt
0000000C  errAccCde
0000000D  errInvDat
0000000F  errBadDrv
00000010  errDelCD
00000011  errDevUnk
00000012  errNoFil
00000013  drvErrShft
00000013  errWpd
00000014  errUnkUnt
00000015  errDrvNR
00000016  errUnkCmd
00000017  errCRCerr
00000018  errBadRLn
00000019  errSekErr
0000001A  errUnkMed
0000001B  errSecNF
0000001C  errNoPap
0000001D  errWF
0000001E  errRF
0000001F  errGF
00000022  errIDC
00000023  errNoFCB
00000053  errFI24
00000001  eLocUnk
00000002  eLocDsk
00000003  eLocNet
00000004  eLocSer
00000005  eLocMem
00000001  eActRet
00000002  eActDRet
00000003  eActUsr
00000004  eActAbt
00000005  eActKil
00000006  eActIgn
00000007  eActRetUsr
00000001  eClsOoR
00000002  eClsTS
00000003  eClsAuth
00000004  eClsInt
00000005  eClsHrdFlt
00000006  eClsSysFlt
00000007  eClsAppFlt
00000008  eClsNotFnd
00000009  eClsBadFmt
0000000A  eClsLocked
0000000B  eClsMedia
0000000C  eClsClash
0000000D  eClsUnk
000000D4  kDispTblL
000012CA  dynamicDataAreaLength


---- Section .text ------------------------------------------------------------

Real              Virtual           Name
               0                 0  tempPSP
             1C9               1C9  pdtLoop
             1F5               1F5  pdptLoop
             207               207  mcbInit
             241               241  mcbInit.worst
             25E               25E  mcbInit.mcbi1
             2CC               2CC  mcbInit.skipISA
             31B               31B  mcbInit.mcbFindAddress
             31E               31E  mcbInit.mfa0
             32E               32E  mcbInit.mcbNoAddressFound
             333               333  mcbInit.mcbAddressFound
             33B               33B  mcbInit.mcbFail
             34E               34E  mcbInit.mcbFailmsg
             368               368  mcbBuild
             42A               42A  mcbBuild.skipISA
             4A8               4A8  mcbBuild.exit
             4AF               4AF  adjInts
             4C6               4C6  adjInts.ai0
             4D1               4D1  adjInts.ai1
             53D               53D  adjDrivers
             55E               55E  conInit
             55E               55E  conInit.ci0
             56A               56A  conInit.ci1
             5A2               5A2  tempBufferInit
             5BE               5BE  storageInits
             5F0               5F0  storageInits.si0
             626               626  storageInits.si1
             631               631  sectorSizeSearch
             63D               63D  sectorSizeSearch.findLargest
             65E               65E  tempCDS
             77F               77F  defaultFileHandles
             866               866  defaultFileHandles.dfhCon
             871               871  defaultFileHandles.dfhAux
             87C               87C  defaultFileHandles.dfhPrn
             887               887  defaultFileHandles.dfhExit
             8B0               8B0  debugFinal
             A05               A05  debugFinal.msg
             B8B               B8B  debugFinal.msg2
             BA3               BA3  l1
             BAD               BAD  l2
             BB5               BB5  l3
             C40               C40  l3.clkHexToBCD
             C5B               C5B  l3.chtb0
             C6D               C6D  l3.chtb1
             C7D               C7D  adjustDrvHdr
             C90               C90  errorInit
             C9E               C9E  errorInit.ei0
             CA1               CA1  strtmsg
             CB7               CB7  hltmsg
             CE8               CE8  conName
             CEC               CEC  auxName
             CF0               CF0  prnName
             CF4               CF4  intData
             D74               D74  nData
             D96               D96  diskInit
             DB8               DB8  diskInit.primary
             DF3               DF3  diskInit.checkPrimary
             E1B               E1B  diskInit.primaryFound
             E5D               E5D  diskInit.primaryEpilog
             E72               E72  diskInit.extended
             E72               E72  diskInit.remInit
             E7A               E7A  diskInit.removables
             EBB               EBB  diskInit.removableEpilogue
             ED3               ED3  diskInit.re0
             ED9               ED9  diskInit.end
             EE5               EE5  diskInit.singleRemDev
             F0C               F0C  diskInit.initReadSector

---- Section resSeg -----------------------------------------------------------

Real              Virtual           Name
             F1A             3D4D8  dosMajor
             F1B             3D4D9  dosMinor
             F1C             3D4DA  dosBIOSName
             F28             3D4E6  dosKernName
             F34             3D4F2  switchchar
             F35             3D4F3  kDispTbl
            1009             3D5C7  debOldRSP
            1011             3D5CF  debascii
            1021             3D5DF  debMakeDebuggerRespond
            1032             3D5F0  debMakeDebuggerRespond.waiting
            1042             3D600  debMakeDebuggerRespond.timeout
            104E             3D60C  debMakeDebuggerRespond.msg
            1090             3D64E  debMakeDebuggerRespond.msg2
            10A9             3D667  debPrintHexByte
            10CC             3D68A  debPrintHexByte.wrchar
            10DC             3D69A  debPrintNullString
            10E4             3D6A2  debPrintNullString.getChar
            10EF             3D6AD  debPrintNullString.exit
            10F3             3D6B1  debPrintDOSStack
            11BB             3D779  debPrintDOSStack.a0
            129F             3D85D  debPrintDOSStack.a1
            12BC             3D87A  debDPBptr
            12D8             3D896  debDPBptr.dpb
            12F7             3D8B5  debDPBBPBptr
            1322             3D8E0  debDPBBPBptr.dpb
            1362             3D920  overlayByte
            1391             3D94F  overlayWord
            13AE             3D96C  overlayWord.ow0
            13D4             3D992  overlayDword
            13F1             3D9AF  overlayDword.od0
            1417             3D9D5  overlayQword
            1434             3D9F2  overlayQword.oq0
            145A             3DA18  debPrintFunctionName
            1487             3DA45  debPrintFunctionName.dosString
            149F             3DA5D  debPrintFunctionName.number
            14A5             3DA63  testDirtyBufferForDrive
            14AD             3DA6B  testDirtyBufferForDrive.tdbfdCheckBuffer
            14B9             3DA77  testDirtyBufferForDrive.tdbfdExit
            14BB             3DA79  testDirtyBufferForDrive.tdbfdGotoNextBuffer
            14C9             3DA87  readBuffer
            14E3             3DAA1  readBuffer.rbExit
            14E4             3DAA2  readBuffer.rbExitNoFlag
            14E8             3DAA6  readBuffer.rbReadNewSector
            1516             3DAD4  readBuffer.rbNonFATbuffer
            152E             3DAEC  readSectorBuffer
            1533             3DAF1  readSectorBuffer.rsRequest0
            1538             3DAF6  readSectorBuffer.rsRequest1
            154F             3DB0D  readSectorBuffer.rsExit
            1550             3DB0E  readSectorBuffer.rsExitBad
            1556             3DB14  readSectorBuffer.rsFail
            1560             3DB1E  flushBuffer
            156B             3DB29  flushBuffer.fbRequest0
            1570             3DB2E  flushBuffer.fbRequest1
            159E             3DB5C  flushBuffer.fbFreeExit
            15A3             3DB61  flushBuffer.fbExitBad
            15A9             3DB67  flushBuffer.fbFail
            15B3             3DB71  findLRUBuffer
            15CA             3DB88  findLRUBuffer.flbWalk
            15E6             3DBA4  findLRUBuffer.flbHeadLink
            15F7             3DBB5  findLRUBuffer.flbExit
            15F9             3DBB7  findLRUBuffer.flbFreeLink
            1603             3DBC1  findSectorInBuffer
            160A             3DBC8  findSectorInBuffer.fsiCheckBuffer
            1615             3DBD3  findSectorInBuffer.fsiExit
            1616             3DBD4  findSectorInBuffer.fsiGotoNextBuffer
            1624             3DBE2  findDirtyBufferForDrive
            162B             3DBE9  findDirtyBufferForDrive.fdbfdCheckBuffer
            1636             3DBF4  findDirtyBufferForDrive.fdbfdExit
            1637             3DBF5  findDirtyBufferForDrive.fdbfdGotoNextBuffer
            1645             3DC03  makeDIR
            1645             3DC03  removeDIR
            1645             3DC03  changeCurrentDIR
            1645             3DC03  getCurrentDIR
            1645             3DC03  getSetFileDateTime
            1645             3DC03  trueName
            1646             3DC04  name2Clust
            165D             3DC1B  name2Clust.localFileNoRoot
            165D             3DC1B  name2Clust.relPath
            165D             3DC1B  name2Clust.fullPath
            165D             3DC1B  name2Clust.exit
            1662             3DC20  searchDirectorySectorForEntry
            1673             3DC31  searchDirectorySectorForEntry.searchDir
            167A             3DC38  searchDirectorySectorForEntry.searchLoop
            1690             3DC4E  searchDirectorySectorForEntry.specRet
            1697             3DC55  searchDirectorySectorForEntry.skipChar
            16A8             3DC66  searchDirectorySectorForEntry.specialCase
            16AC             3DC6A  searchDirectorySectorForEntry.dotCase
            16B4             3DC72  searchDirectorySectorForEntry.nameNotFound
            16C6             3DC84  searchDirectorySectorForEntry.exitNotOK
            16C7             3DC85  searchDirectorySectorForEntry.exitOk
            16CA             3DC88  searchDirectorySectorForEntry.nameFound
            16CF             3DC8D  getFATtype
            16EF             3DCAD  getFATtype.exit
            16F1             3DCAF  clust2FATEntry
            170E             3DCCC  clust2FATEntry.fat12
            171B             3DCD9  clust2FATEntry.fat32
            1723             3DCE1  clust2FATEntry.common
            173C             3DCFA  getStartSectorOfCluster
            174E             3DD0C  getNextSectorOfFile
            1763             3DD21  getNextSectorOfFile.getSector
            179D             3DD5B  getNextSectorOfFile.getSectorRead
            17AE             3DD6C  getNextSectorOfFile.getSectorExit
            17B4             3DD72  getNextSectorOfFile.OSFile
            17B8             3DD76  getNextSectorOfFile.getSectorFailed
            17BD             3DD7B  getNextSectorOfFile.gotoNextCluster
            17EE             3DDAC  getNextSectorOfFile.goToNextClusterCommonFat32
            17F7             3DDB5  getNextSectorOfFile.goToNextClusterCommon
            1807             3DDC5  getNextSectorOfFile.gotoNextClusterFat12
            183C             3DDFA  getNextSectorOfFile.gotoNextClusterFat12NoCross
            1846             3DE04  getNextSectorOfFile.gotoNextClusterFat12Even
            1852             3DE10  stdinReadEcho
            18BF             3DE7D  stdinReadEcho.stdireexit
            18C6             3DE84  stdoutWrite
            1906             3DEC4  stdoutWrite.stdoutWriteBuffer
            1907             3DEC5  stdauxRead
            1907             3DEC5  stdauxWrite
            1907             3DEC5  stdprnWrite
            1907             3DEC5  directCONIO
            1907             3DEC5  waitDirectInNoEcho
            1947             3DF05  waitStdinNoEcho
            1948             3DF06  printString
            1952             3DF10  printString.ps0
            1959             3DF17  printString.ps1
            1991             3DF4F  buffStdinInput
            1991             3DF4F  checkStdinStatus
            1991             3DF4F  clearbuffDoFunc
            1991             3DF4F  getDate
            1991             3DF4F  setDate
            1991             3DF4F  getTime
            1991             3DF4F  setTime
            1992             3DF50  openFileFCB
            1992             3DF50  closeFileFCB
            1992             3DF50  findFirstFileFCB
            1992             3DF50  findNextFileFCB
            1992             3DF50  deleteFileFCB
            1992             3DF50  sequentialReadFCB
            1992             3DF50  sequentialWriteFCB
            1992             3DF50  createFileFCB
            1992             3DF50  renameFileFCB
            1993             3DF51  setDTA
            19A6             3DF64  randomReadFCB
            19A6             3DF64  randomWriteFCB
            19A6             3DF64  getFileSizeFCB
            19A6             3DF64  setRelRecordFCB
            19A6             3DF64  randBlockReadFCB
            19A6             3DF64  randBlockWriteFCB
            19A6             3DF64  parseFilenameFCB
            19A7             3DF65  getDTA
            19BA             3DF78  createFileHdl
            19BB             3DF79  openFileHdl
            19BC             3DF7A  closeFileHdl
            19BD             3DF7B  readFileHdl
            19BE             3DF7C  writeFileHdl
            19BF             3DF7D  deleteFileHdl
            19BF             3DF7D  movFileReadPtr
            19BF             3DF7D  changeFileModeHdl
            19BF             3DF7D  ioctrl
            19BF             3DF7D  duplicateHandle
            19BF             3DF7D  forceDuplicateHdl
            19BF             3DF7D  findFirstFileHdl
            19BF             3DF7D  findNextFileHdl
            19BF             3DF7D  renameFile
            19BF             3DF7D  createUniqueFile
            19BF             3DF7D  createNewFile
            19BF             3DF7D  lockUnlockFile
            19BF             3DF7D  setHandleCount
            19BF             3DF7D  commitFile
            19C0             3DF7E  getSFTPtr
            19DC             3DF9A  getSFTPtr.gsp0
            19F2             3DFB0  getSFTPtr.gsp1
            1A02             3DFC0  getSFTPtr.gsp11
            1A0D             3DFCB  getSFTPtr.gsp12
            1A15             3DFD3  getSFTPtr.gspExit
            1A1A             3DFD8  getSFTPtr.gspFail
            1A1D             3DFDB  allocateMemory
            1A3F             3DFFD  allocateMemory.walk
            1A50             3E00E  allocateMemory.walk1
            1A6F             3E02D  allocateMemory.cons0
            1A84             3E042  allocateMemory.cons1
            1AAD             3E06B  allocateMemory.det0
            1AD1             3E08F  allocateMemory.det1
            1AE0             3E09E  allocateMemory.walk2
            1AFD             3E0BB  allocateMemory.allocate
            1B67             3E125  allocateMemory.bfCommon
            1BE4             3E1A2  allocateMemory.allocFail
            1BED             3E1AB  allocateMemory.af0
            1BFB             3E1B9  allocateMemory.af1
            1C0F             3E1CD  allocateMemory.af2
            1C24             3E1E2  allocateMemory.afExit
            1C3A             3E1F8  freeMemory
            1C5E             3E21C  freeMemory.mainLoop
            1C6E             3E22C  freeMemory.valid
            1C8F             3E24D  freeMemory.blockFound
            1CCD             3E28B  freeMemory.blockFoundCheckFollowing
            1D0B             3E2C9  freeMemory.blockFoundExit
            1D1C             3E2DA  freeMemory.blockNotFound
            1D25             3E2E3  freeMemory.blockHole
            1D2C             3E2EA  freeMemory.blockError
            1D63             3E321  reallocMemory
            1D83             3E341  reallocMemory.ctn
            1DFB             3E3B9  reallocMemory.shrinkAbsorb
            1E23             3E3E1  reallocMemory.growth
            1E50             3E40E  reallocMemory.growthOK
            1EB7             3E475  reallocMemory.exit
            1EC8             3E486  reallocMemory.notEnuffMem2
            1ECC             3E48A  reallocMemory.notEnuffMem
            1ECE             3E48C  reallocMemory.notEnuffMem1
            1EDF             3E49D  reallocMemory.badAddrGiven
            1EEB             3E4A9  reallocMemory.bad
            1F14             3E4D2  getsetMallocStrat
            1F37             3E4F5  getsetMallocStrat.get
            1F53             3E511  getsetMallocStrat.bad
            1F8A             3E548  verifyIntegrityOfMCBChain
            1F93             3E551  verifyIntegrityOfMCBChain.ok
            1F9D             3E55B  verifyIntegrityOfMCBChain.exit
            1FA0             3E55E  verifyIntegrityOfMCBChain.ok1
            1FB5             3E573  memSysHalt
            1FE8             3E5A6  memSysHalt.sysHltString
            2024             3E5E2  terminateProcess
            2026             3E5E4  terminateRes
            2028             3E5E6  simpleTerminate
            2029             3E5E7  terminateStayRes
            202A             3E5E8  loadExecChild
            202B             3E5E9  terminateClean
            202C             3E5EA  getsetSwitchChar
            202C             3E5EA  getsetCountryInfo
            202C             3E5EA  getExtLocalInfo
            202C             3E5EA  getsetGlobalCP
            202D             3E5EB  goDriver
            2047             3E605  goDriver.exit
            2049             3E607  absDiskWrite
            2057             3E615  absDiskRead
            205D             3E61B  absDiskReadWriteCommon
            20C0             3E67E  absDiskReadWriteCommon.absDiskError
            20E6             3E6A4  absDiskReadWriteCommon.absExit
            20E8             3E6A6  getCDS
            2105             3E6C3  getUserRegs
            210D             3E6CB  getCurrentDPBptr
            210F             3E6CD  getDeviceDPBptr
            211B             3E6D9  getDeviceDPBptr.gddpskipdefault
            211D             3E6DB  getDeviceDPBptr.gddpcommon
            2145             3E703  getDeviceDPBptr.gddpMediaCheck
            21AD             3E76B  getDeviceDPBptr.gddpBuildBPB
            21B7             3E775  getDeviceDPBptr.gddpBuildBPBFlush
            21CB             3E789  getDeviceDPBptr.gddpBuildBPBInvalidateBuffer
            223F             3E7FD  getDeviceDPBptr.gddpretdbp
            224F             3E80D  getDeviceDPBptr.gddpretdpbFail
            2266             3E824  getDeviceDPBptr.gddpError
            2281             3E83F  getDeviceDPBptr.gddpE0
            2283             3E841  getDeviceDPBptr.gddpE1
            22DA             3E898  getDeviceDPBptr.gddpErrorType2
            22F6             3E8B4  getDeviceDPBptr.gddpErrorType2main
            2363             3E921  getDeviceDPBptr.gddpErrorType2FatDir
            237D             3E93B  createDPB
            239E             3E95C  createDPB.cd0
            23A7             3E965  createDPB.cd1
            23B6             3E974  createDPB.cd2
            23BE             3E97C  createDPB.cd3
            2412             3E9D0  createDPB.cd4
            2453             3EA11  createDPB.cd5
            2460             3EA1E  criticalDOSError
            2488             3EA46  findDPB
            248F             3EA4D  findDPB.fd1
            24A5             3EA63  findDPB.fd2
            24A6             3EA64  fastOutput
            24AE             3EA6C  functionDispatch
            24EA             3EAA8  functionDispatch.fsbegin
            251E             3EADC  functionDispatch.fsb1
            256E             3EB2C  functionDispatch.fddiskOp
            25A0             3EB5E  functionDispatch.fdGoToFunction
            25AD             3EB6B  functionDispatch.fdExit
            25D3             3EB91  functionDispatch.fdExitBad
            25D5             3EB93  defaultIretq
            25D7             3EB95  dosPopRegs
            25EE             3EBAC  dosPushRegs
            2605             3EBC3  dosCrit1Enter
            260F             3EBCD  dosCrit1Exit
            2619             3EBD7  dosCrit2Enter
            2623             3EBE1  dosCrit2Exit
            262D             3EBEB  diskReset
            2634             3EBF2  diskReset.drCheckBuffer
            263A             3EBF8  diskReset.drFlushBuffer
            2641             3EBFF  diskReset.drGotoNextBuffer
            264F             3EC0D  diskReset.drError
            2669             3EC27  diskReset.drErrorMain
            26BA             3EC78  diskReset.drIgnore
            26C3             3EC81  selectDisk
            26E3             3ECA1  selectDisk.error
            2712             3ECD0  getCurrentDisk
            2719             3ECD7  FATinfoDefault
            271B             3ECD9  FATinfoDevice
            2727             3ECE5  FATinfoDevice.fidSkipdefault
            2729             3ECE7  FATinfoDevice.fidMain
            2763             3ED21  FATinfoDevice.fidDPBFound
            278D             3ED4B  setIntVector
            27BA             3ED78  createNewPSP
            27BB             3ED79  setResetVerify
            27C9             3ED87  getDOSversion
            27DE             3ED9C  ctrlBreakCheck
            27EA             3EDA8  ctrlBreakCheck.cbcget
            27FD             3EDBB  ctrlBreakCheck.cbcxchg
            2808             3EDC6  ctrlBreakCheck.cbcBad
            280C             3EDCA  getInDOSflagPtr
            281D             3EDDB  getIntVector
            2832             3EDF0  getDiskFreeSpace
            283E             3EDFC  getDiskFreeSpace.gdfsSkipdefault
            2840             3EDFE  getDiskFreeSpace.gdfsMain
            287A             3EE38  getDiskFreeSpace.gdfsDPBFound
            28A3             3EE61  getRetCodeChild
            28B5             3EE73  setCurrProcessID
            28BE             3EE7C  getCurrProcessID
            28C7             3EE85  getSysVarsPtr
            28D8             3EE96  getVerifySetting
            28DF             3EE9D  createPSP
            28E0             3EE9E  getExtendedError
            2909             3EEC7  getCritErrorInfo
            2909             3EEC7  networkServices
            2909             3EEC7  networkRedirection
            290A             3EEC8  getPSPaddr
            2913             3EED1  setDriverLookahead
            2915             3EED3  getsetDiskSerial
            2915             3EED3  return
            2916             3EED4  multiplexHdlr
            2918             3EED6  critErrorHandler
            2992             3EF50  critErrorHandler.userInput
            299D             3EF5B  critErrorHandler.userAbort
            29A8             3EF66  critErrorHandler.userRetry
            29C3             3EF81  critErrorHandler.userIgnore
            29DE             3EF9C  critErrorHandler.userFail
            29F9             3EFB7  critErrorHandler.userMsgEnd
            2A17             3EFD5  critErrorHandler.uip1
            2A29             3EFE7  critErrorHandler.validInput
            2A37             3EFF5  critErrorHandler.viFail
            2A42             3F000  critErrorHandler.viIgnore
            2A4D             3F00B  critErrorHandler.viRetry
            2A56             3F014  critErrorHandler.cehExit
            2A5D             3F01B  critErrorHandler.charError
            2A69             3F027  critErrorHandler.ce1
            2A77             3F035  critErrorHandler.errorMsgTable
            2B61             3F11F  critErrorHandler.drive
            2B68             3F126  critErrorHandler.readmsg
            2B77             3F135  critErrorHandler.writemsg
            2B86             3F144  critErrorHandler.crlf
            2B89             3F147  critErrorHandler.abortmsg
            2B8F             3F14D  critErrorHandler.ignoremsg
            2B96             3F154  critErrorHandler.retrymsg
            2B9C             3F15A  critErrorHandler.failmsg
            2BA1             3F15F  critErrorHandler.betweenMsg
            2BA4             3F162  critErrorHandler.endMsg
            2BA7             3F165  critErrorHandler.responses
            2BAB             3F169  drivers
            2BAB             3F169  conHdr
            2BCD             3F18B  auxHdr
            2BEF             3F1AD  prnHdr
            2C11             3F1CF  clkHdr
            2C33             3F1F1  msdHdr
            2C55             3F213  com1Hdr
            2C77             3F235  com2Hdr
            2C99             3F257  com3Hdr
            2CBB             3F279  com4Hdr
            2CDD             3F29B  lpt1Hdr
            2CFF             3F2BD  lpt2Hdr
            2D21             3F2DF  lpt3Hdr
            2D43             3F301  reqHdrPtr
            2D4B             3F309  commonStrat
            2D53             3F311  nulStrat
            2D59             3F317  nulIntr
            2D5A             3F318  conDriver
            2DA0             3F35E  conDriver.conWriteErrorCode
            2DA6             3F364  conDriver.conExit
            2DAF             3F36D  conDriver.conRead
            2DBE             3F37C  conDriver.cre1
            2DD0             3F38E  conDriver.cre11
            2DDB             3F399  conDriver.cre12
            2DDF             3F39D  conDriver.cre2
            2DE6             3F3A4  conDriver.cre3
            2DF5             3F3B3  conDriver.conNondestructiveRead
            2E0B             3F3C9  conDriver.cnr0
            2E13             3F3D1  conDriver.cnr1
            2E1E             3F3DC  conDriver.cnr2
            2E26             3F3E4  conDriver.conInputStatus
            2E36             3F3F4  conDriver.conFlushInputBuffers
            2E48             3F406  conDriver.cfib0
            2E58             3F416  conDriver.conWrite
            2E6B             3F429  conDriver.cw1
            2E77             3F435  conDriver.cw2
            2E81             3F43F  conDriver.conOutputStatus
            2E91             3F44F  conDriver.conBuf
            2E92             3F450  clkDriver
            2ED0             3F48E  clkDriver.clkNotFunctioning
            2ED2             3F490  clkDriver.clkWriteErrorCode
            2ED8             3F496  clkDriver.clkExit
            2EE5             3F4A3  clkDriver.clkRead
            2F13             3F4D1  clkDriver.clkr1
            2F4A             3F508  clkDriver.clkInputStatus
            2F56             3F514  clkDriver.clkFlushInputBuffers
            2F66             3F524  clkDriver.clkWrite
            2FBE             3F57C  clkDriver.clkBCDtoHex
            2FD2             3F590  clkDriver.cbth0
            2FDB             3F599  clkDriver.clkHexToBCD
            2FE1             3F59F  clkDriver.chtb0
            2FF1             3F5AF  clkDriver.chtb1
            2FF8             3F5B6  clkDriver.clkDate
            2FFA             3F5B8  clkDriver.clkLeapYears
            3013             3F5D1  clkDriver.clkMonths
            301F             3F5DD  com1Intr
            3028             3F5E6  com2Intr
            3031             3F5EF  com3Intr
            303A             3F5F8  com4Intr
            3041             3F5FF  comIntr
            308F             3F64D  comIntr.comErrorNoCount
            3093             3F651  comIntr.comReadError
            3098             3F656  comIntr.comWriteError
            309D             3F65B  comIntr.comError
            30AC             3F66A  comIntr.comWriteErrorCode
            30B2             3F670  comIntr.comExit
            30BF             3F67D  comIntr.comRead
            30CC             3F68A  comIntr.cr1
            30D1             3F68F  comIntr.cr11
            30EC             3F6AA  comIntr.cre2
            30F1             3F6AF  comIntr.comReadInputStatus
            3100             3F6BE  comIntr.comNondestructiveRead
            3107             3F6C5  comIntr.cndr1
            3126             3F6E4  comIntr.cndr2
            312E             3F6EC  comIntr.comFlushInputBuffers
            3139             3F6F7  comIntr.cfib0
            3158             3F716  comIntr.comWrite
            3169             3F727  comIntr.cw1
            3185             3F743  comIntr.cw2
            318D             3F74B  comIntr.comOutputStatus
            31C3             3F781  comIntr.comDevice
            31C4             3F782  msdDriver
            3218             3F7D6  msdDriver.msdDriverExit
            3228             3F7E6  msdDriver.msdIOError
            3233             3F7F1  msdDriver.msdGenDiskError
            329E             3F85C  msdDriver.msdWriteErrorCode
            32A5             3F863  msdDriver.msdTable
            32D7             3F895  msdDriver.msdMedChk
            330F             3F8CD  msdDriver.mmcNoChangeLine
            331C             3F8DA  msdDriver.mmcChange
            332C             3F8EA  msdDriver.mmcUnsure
            3331             3F8EF  msdDriver.mmcNoChange
            3336             3F8F4  msdDriver.msdBuildBPB
            3387             3F945  msdDriver.mbbpb0
            33AA             3F968  msdDriver.msdIOCTLRead
            33B6             3F974  msdDriver.msdRead
            33C6             3F984  msdDriver.msdr0
            33EE             3F9AC  msdDriver.msdWrite
            33FE             3F9BC  msdDriver.msdw0
            3426             3F9E4  msdDriver.msdWriteVerify
            3436             3F9F4  msdDriver.msdwv0
            346B             3FA29  msdDriver.msdIOCTLWrite
            3477             3FA35  msdDriver.msdDevOpen
            3492             3FA50  msdDriver.msdDevClose
            34AD             3FA6B  msdDriver.msdRemovableMedia
            34D8             3FA96  msdDriver.msdGenericIOCTL
            34E4             3FAA2  msdDriver.msdGetLogicalDev
            34F9             3FAB7  msdDriver.msdSetLogicalDev
            350E             3FACC  msdDriver.msdBlkIOCommon
            352D             3FAEB  msdDriver.msdDefLabel
            3536             3FAF4  msdDriver.msdCurDev
            3537             3FAF5  msdDriver.msdBIOSmap
            353C             3FAFA  msdDriver.msdHdlCnt
            3541             3FAFF  msdDriver.msdBPBTbl
            3569             3FB27  msdDriver.msdBPBblks
            37C1             3FD7F  endptr

---- Section dSeg -------------------------------------------------------------

Real              Virtual           Name
               0                 0  dosAPT
           3C000             3C000  dosDataArea
           3C000             3C000  dosSegPtr
           3C008             3C008  biosUBase
           3C010             3C010  bootDrive
           3C011             3C011  numRemDrv
           3C012             3C012  numFixDrv
           3C013             3C013  numLogDrv
           3C014             3C014  loProtMem
           3C018             3C018  hiProtMem
           3C01C             3C01C  longMem
           3C024             3C024  charReqHdr
           3C04E             3C04E  diskReqHdr
           3C078             3C078  mcbChainPtr
           3C080             3C080  sysVarsPtr
           3C080             3C080  dpbHeadPtr
           3C088             3C088  sftHeadPtr
           3C090             3C090  clockPtr
           3C098             3C098  conPtr
           3C0A0             3C0A0  maxBytesSec
           3C0A2             3C0A2  bufHeadPtr
           3C0AA             3C0AA  cdsHeadPtr
           3C0B2             3C0B2  lastdrvNum
           3C0B3             3C0B3  numBuffers
           3C0B4             3C0B4  numFiles
           3C0B5             3C0B5  sfcbHeadPtr
           3C0BD             3C0BD  numSafeSFCB
           3C0BF             3C0BF  numJoinDrv
           3C0C0             3C0C0  nulDevHdr
           3C0E2             3C0E2  critPtchTbl
           3C0EB             3C0EB  sda
           3C0EB             3C0EB  critErrFlag
           3C0EC             3C0EC  inDOS
           3C0ED             3C0ED  errorDrv
           3C0EE             3C0EE  errorLocus
           3C0EF             3C0EF  errorExCde
           3C0F1             3C0F1  errorAction
           3C0F2             3C0F2  errorClass
           3C0F3             3C0F3  dosReturn
           3C0FB             3C0FB  currentDTA
           3C103             3C103  currentPSP
           3C10B             3C10B  rdiErrorPtr
           3C113             3C113  xInt43hRSP
           3C11B             3C11B  errorLevel
           3C11D             3C11D  allocStrat
           3C11E             3C11E  currentDrv
           3C11F             3C11F  singleDrv
           3C120             3C120  breakFlag
           3C121             3C121  verifyFlag
           3C122             3C122  firstMCB
           3C12A             3C12A  bestMCB
           3C132             3C132  lastMCB
           3C13A             3C13A  xInt44hRSP
           3C142             3C142  Int44RetVal
           3C143             3C143  Int44bitfld
           3C144             3C144  int48Flag
           3C145             3C145  oldoldRSP
           3C14D             3C14D  oldRSP
           3C155             3C155  oldRBX
           3C15D             3C15D  drvrPtr
           3C165             3C165  dayOfMonth
           3C166             3C166  monthOfYear
           3C167             3C167  years
           3C168             3C168  daysOffset
           3C16A             3C16A  dayOfWeek
           3C16B             3C16B  filename1
           3C1EB             3C1EB  filename2
           3C26B             3C26B  CLOCKrecrd
           3C271             3C271  singleIObyt
           3C272             3C272  rwFlag
           3C273             3C273  fileFDflg
           3C274             3C274  fileOpenMd
           3C275             3C275  typePSPcopy
           3C276             3C276  spliceFlag
           3C277             3C277  curDrvDPB
           3C27F             3C27F  curCDSPtr
           3C287             3C287  curDrvCDS
           3C2E2             3C2E2  currentJFT
           3C2EA             3C2EA  currentSFT
           3C2F2             3C2F2  currBuff
           3C2FA             3C2FA  currClust
           3C2FE             3C2FE  currClustA
           3C302             3C302  clustFact
           3C303             3C303  currSect
           3C304             3C304  currSectA
           3C30C             3C30C  currByte
           3C30E             3C30E  currByteA
           3C312             3C312  lastClust
           3C316             3C316  lastClustA
           3C31A             3C31A  bytesAdded
           3C31E             3C31E  dirClust
           3C322             3C322  dirClustA
           3C326             3C326  dirSect
           3C327             3C327  dirEntry
           3C328             3C328  critStack
           3C850             3C850  critStakTop
           3C858             3C858  IOStack
           3CE90             3CE90  IOStakTop
           3CE98             3CE98  DiskStack
           3D4D0             3D4D0  DiskStakTop
           3D4D8             3D4D8  dSegLen

---- Section dynamicDataArea --------------------------------------------------

Real              Virtual           Name
           3FD80             3FD80  ddaStart
           3FD80             3FD80  dosMCB
           3FD90             3FD90  firstSftHeader
           3FD9A             3FD9A  firstSft
           3FDD7             3FDD7  secondSft
           3FE14             3FE14  thirdSft
           3FE51             3FE51  fourthSft
           3FE8E             3FE8E  fifthSft
           3FECB             3FECB  firstDPB
           3FEFF             3FEFF  secondDPB
           3FF33             3FF33  DOSENDPTR
           3FF33             3FF33  thirdDPB
           3FF67             3FF67  fourthDPB
           3FF9B             3FF9B  fifthDPB
           3FFCF             3FFCF  initCDS
           4002A             4002A  tmpBufHdr
           4004A             4004A  msdTempBuffer

