
- NASM Map file ---------------------------------------------------------------

Source file:  ./Source/scpdos.asm
Output file:  ./Binaries/scpdos.sys

-- Program origin -------------------------------------------------------------

00000000

-- Sections (summary) ---------------------------------------------------------

Vstart            Start             Stop              Length    Class     Name
               0                 0               F12  00000F12  progbits  .text
           3D857               F12              46A5  00003793  progbits  resSeg
               0                 0             3D857  0003D857  nobits    dSeg
           40FF0             40FF0             42129  00001139  nobits    dynamicDataArea

-- Sections (detailed) --------------------------------------------------------

---- Section .text ------------------------------------------------------------

class:     progbits
length:                 F12
start:                    0
align:                    1
follows:   not defined
vstart:                   0
valign:    not defined
vfollows:  not defined

---- Section resSeg -----------------------------------------------------------

class:     progbits
length:                3793
start:                  F12
align:                    1
follows:   .text
vstart:               3D857
valign:                   1
vfollows:  dSeg

---- Section dSeg -------------------------------------------------------------

class:     nobits
length:               3D857
start:                    0
align:     not defined
follows:   not defined
vstart:                   0
valign:    not defined
vfollows:  not defined

---- Section dynamicDataArea --------------------------------------------------

class:     nobits
length:                1139
start:                40FF0
align:     not defined
follows:   not defined
vstart:               40FF0
valign:                  10
vfollows:  resSeg

-- Symbols --------------------------------------------------------------------

---- No Section ---------------------------------------------------------------

Value     Name
00000000  drvHdr
00000000  drvHdr.nxtPtr
00000008  drvHdr.attrib
0000000A  drvHdr.strPtr
00000012  drvHdr.intPtr
0000001A  drvHdr.drvNam
00000022  drvHdr_size
00000000  drvINIT
00000001  drvMEDCHK
00000002  drvBUILDBPB
00000003  drvIOCTLREAD
00000004  drvREAD
00000005  drvNONDESTREAD
00000006  drvINSTATUS
00000007  drvFLUSHINBUF
00000008  drvWRITE
00000009  drvWRITEVERIFY
0000000A  drvOUTSTATUS
0000000B  drvFLUSHOUTBUF
0000000C  drvIOCTLWRITE
0000000D  drvOPEN
0000000E  drvCLOSE
0000000F  drvREMMEDCHECK
00000010  drvOUTTILBUSY
00000013  drvIOCTL
00000017  drvGETDRVMAP
00000018  drvSETDRVMAP
00000000  drvWPErr
00000001  drvBadUnit
00000002  drvNotReady
00000003  drvBadCmd
00000004  drvCRCErr
00000005  drvBadDrvReq
00000006  drvBadSeek
00000007  drvBadMed
00000008  drvSecNotFnd
00000009  drvNoPaper
0000000A  drvWriteFault
0000000B  drvReadFault
0000000C  drvGenFault
0000000F  drvBadDskChnge
00008000  drvErrStatus
00000100  drvDonStatus
00000200  drvBsyStatus
00000001  devDrvConIn
00000002  devDrvConOut
00000004  devDrvNulDev
00000008  devDrvClockDev
00000010  devDrvFastOut
00000040  devDrvExtFun
00000080  devDrvIOCTL2
00000800  devDrvHdlCTL
00004000  devDrvIOCTL
00008000  devDrvChar
00000000  drvReqHdr
00000000  drvReqHdr.hdrlen
00000001  drvReqHdr.unitnm
00000002  drvReqHdr.cmdcde
00000003  drvReqHdr.status
00000005  drvReqHdr.devptr
0000000D  drvReqHdr_size
00000000  initReqPkt
00000000  initReqPkt.hdrlen
00000001  initReqPkt.unitnm
00000002  initReqPkt.cmdcde
00000003  initReqPkt.status
00000005  initReqPkt.devptr
0000000D  initReqPkt.numunt
0000000E  initReqPkt.endptr
00000016  initReqPkt.optptr
0000001E  initReqPkt.drvnum
0000001F  initReqPkt_size
00000000  mediaCheckReqPkt
00000000  mediaCheckReqPkt.hdrlen
00000001  mediaCheckReqPkt.unitnm
00000002  mediaCheckReqPkt.cmdcde
00000003  mediaCheckReqPkt.status
00000005  mediaCheckReqPkt.devptr
0000000D  mediaCheckReqPkt.medesc
0000000E  mediaCheckReqPkt.medret
0000000F  mediaCheckReqPkt.desptr
00000017  mediaCheckReqPkt_size
00000000  bpbBuildReqPkt
00000000  bpbBuildReqPkt.hdrlen
00000001  bpbBuildReqPkt.unitnm
00000002  bpbBuildReqPkt.cmdcde
00000003  bpbBuildReqPkt.status
00000005  bpbBuildReqPkt.devptr
0000000D  bpbBuildReqPkt.medesc
0000000E  bpbBuildReqPkt.bufptr
00000016  bpbBuildReqPkt.bpbptr
0000001E  bpbBuildReqPkt_size
00000000  ioReqPkt
00000000  ioReqPkt.hdrlen
00000001  ioReqPkt.unitnm
00000002  ioReqPkt.cmdcde
00000003  ioReqPkt.status
00000005  ioReqPkt.devptr
0000000D  ioReqPkt.medesc
0000000E  ioReqPkt.bufptr
00000016  ioReqPkt.tfrlen
0000001A  ioReqPkt.strtsc
00000022  ioReqPkt.desptr
0000002A  ioReqPkt_size
00000000  ndInNoWaitPkt
00000000  ndInNoWaitPkt.hdrlen
00000001  ndInNoWaitPkt.unitnm
00000002  ndInNoWaitPkt.cmdcde
00000003  ndInNoWaitPkt.status
00000005  ndInNoWaitPkt.devptr
0000000D  ndInNoWaitPkt.retbyt
0000000E  ndInNoWaitPkt_size
00000000  statusReqPkt
00000000  statusReqPkt.hdrlen
00000001  statusReqPkt.unitnm
00000002  statusReqPkt.cmdcde
00000003  statusReqPkt.status
00000005  statusReqPkt.devptr
0000000D  statusReqPkt_size
00000000  flushReqPkt
00000000  flushReqPkt.hdrlen
00000001  flushReqPkt.unitnm
00000002  flushReqPkt.cmdcde
00000003  flushReqPkt.status
00000005  flushReqPkt.devptr
0000000D  flushReqPkt_size
00000000  openReqPkt
00000000  openReqPkt.hdrlen
00000001  openReqPkt.unitnm
00000002  openReqPkt.cmdcde
00000003  openReqPkt.status
00000005  openReqPkt.devptr
0000000D  openReqPkt_size
00000000  closeReqPkt
00000000  closeReqPkt.hdrlen
00000001  closeReqPkt.unitnm
00000002  closeReqPkt.cmdcde
00000003  closeReqPkt.status
00000005  closeReqPkt.devptr
0000000D  closeReqPkt_size
00000000  remMediaReqPkt
00000000  remMediaReqPkt.hdrlen
00000001  remMediaReqPkt.unitnm
00000002  remMediaReqPkt.cmdcde
00000003  remMediaReqPkt.status
00000005  remMediaReqPkt.devptr
0000000D  remMediaReqPkt_size
00000000  ioctlReqPkt
00000000  ioctlReqPkt.hdrlen
00000001  ioctlReqPkt.unitnm
00000002  ioctlReqPkt.cmdcde
00000003  ioctlReqPkt.status
00000005  ioctlReqPkt.devptr
0000000D  ioctlReqPkt.majfun
0000000E  ioctlReqPkt.minfun
0000000F  ioctlReqPkt.rsival
00000017  ioctlReqPkt.rdival
0000001F  ioctlReqPkt.ctlptr
00000027  ioctlReqPkt_size
00000000  getDevReqPkt
00000000  getDevReqPkt.hdrlen
00000001  getDevReqPkt.unitnm
00000002  getDevReqPkt.cmdcde
00000003  getDevReqPkt.status
00000005  getDevReqPkt.devptr
0000000D  getDevReqPkt_size
00000000  setDevReqPkt
00000000  setDevReqPkt.hdrlen
00000001  setDevReqPkt.unitnm
00000002  setDevReqPkt.cmdcde
00000003  setDevReqPkt.status
00000005  setDevReqPkt.devptr
0000000D  setDevReqPkt_size
00000000  bpb
00000000  bpb.jmpBoot
00000003  bpb.oemName
0000000B  bpb.bytsPerSec
0000000D  bpb.secPerClus
0000000E  bpb.revdSecCnt
00000010  bpb.numFATs
00000011  bpb.rootEntCnt
00000013  bpb.totSec16
00000015  bpb.media
00000016  bpb.FATsz16
00000018  bpb.secPerTrk
0000001A  bpb.numHeads
0000001C  bpb.hiddSec
00000020  bpb.totSec32
00000024  bpb.drvNum
00000025  bpb.reserved1
00000026  bpb.bootSig
00000027  bpb.volID
0000002B  bpb.volLab
00000036  bpb.filSysType
0000003E  bpb_size
00000000  bpb32
00000000  bpb32.jmpBoot
00000003  bpb32.oemName
0000000B  bpb32.bytsPerSec
0000000D  bpb32.secPerClus
0000000E  bpb32.revdSecCnt
00000010  bpb32.numFATs
00000011  bpb32.rootEntCnt
00000013  bpb32.totSec16
00000015  bpb32.media
00000016  bpb32.FATsz16
00000018  bpb32.secPerTrk
0000001A  bpb32.numHeads
0000001C  bpb32.hiddSec
00000020  bpb32.totSec32
00000024  bpb32.FATsz32
00000028  bpb32.extFlags
0000002A  bpb32.FSver
0000002C  bpb32.RootClus
00000030  bpb32.FSinfo
00000032  bpb32.BkBootSec
00000034  bpb32.reserved
00000040  bpb32.drvNum
00000041  bpb32.reserved1
00000042  bpb32.bootSig
00000043  bpb32.volID
00000047  bpb32.volLab
00000052  bpb32.filSysType
0000005A  bpb32_size
00000000  mbr
00000000  mbr.bsCode
000001B8  mbr.diskID
000001BC  mbr.reserved
000001BE  mbr.mbrEntry1
000001CE  mbr.mbrEntry2
000001DE  mbr.mbrEntry3
000001EE  mbr.mbrEntry4
000001FE  mbr.mbrSig
00000200  mbr_size
00000000  mbrEntry
00000000  mbrEntry.ptnAtrib
00000001  mbrEntry.chsStart
00000004  mbrEntry.ptnType
00000005  mbrEntry.chsEnd
00000008  mbrEntry.lbaStart
0000000C  mbrEntry.numSectors
00000010  mbrEntry_size
00000000  ebr
00000000  ebr.bsCode
000001BE  ebr.ebrVolHdr
000001CE  ebr.ebrLinkHdr
000001DE  ebr.reserved
000001FE  ebr.mbrSig
00000200  ebr_size
00000000  fatDirEntry
00000000  fatDirEntry.name
0000000B  fatDirEntry.attribute
0000000C  fatDirEntry.ntRes
0000000D  fatDirEntry.crtTimeT
0000000E  fatDirEntry.crtTime
00000010  fatDirEntry.crtDate
00000012  fatDirEntry.lastAccDat
00000014  fatDirEntry.fstClusHi
00000016  fatDirEntry.wrtTime
00000018  fatDirEntry.wrtDate
0000001A  fatDirEntry.fstClusLo
0000001C  fatDirEntry.fileSize
00000020  fatDirEntry_size
00000001  dirReadOnly
00000002  dirHidden
00000004  dirSystem
00000008  dirVolumeID
00000010  dirDirectory
00000020  dirArchive
0000000F  dirLongName
00000000  bpbEx
00000000  bpbEx.jmpBoot
00000003  bpbEx.oemName
0000000B  bpbEx.MustBeZero
00000040  bpbEx.partitionOffset
00000048  bpbEx.volumeLength
00000050  bpbEx.FAToffset
00000054  bpbEx.FATlength
00000058  bpbEx.clusterHeapOffset
0000005C  bpbEx.clusterCount
00000060  bpbEx.firstClusterOfRootDir
00000064  bpbEx.volumeSerialNum
00000068  bpbEx.FSrevision
0000006A  bpbEx.volumeFlags
0000006C  bpbEx.bytesPerSectorShift
0000006D  bpbEx.sectorsPerClusterShift
0000006E  bpbEx.numberOfFATs
0000006F  bpbEx.driveSelect
00000070  bpbEx.percentInUse
00000071  bpbEx.reserved
00000078  bpbEx_size
00000000  FSInfo
00000000  FSInfo.leadSig
00000004  FSInfo.reserved1
000001E4  FSInfo.strucSig
000001E8  FSInfo.freeCount
000001EC  FSInfo.nextFree
000001F0  FSInfo.reserved2
000001FC  FSInfo.trailSig
00000200  FSInfo_size
00000000  dpb
00000000  dpb.bDriveNumber
00000001  dpb.bUnitNumber
00000002  dpb.wBytesPerSector
00000004  dpb.bMaxSectorInCluster
00000005  dpb.bSectorsPerClusterShift
00000006  dpb.wFAToffset
00000008  dpb.bNumberOfFATs
00000009  dpb.wNumberRootDirSectors
0000000B  dpb.dClusterHeapOffset
0000000F  dpb.dClusterCount
00000013  dpb.dFATlength
00000017  dpb.dFirstUnitOfRootDir
0000001B  dpb.qDriverHeaderPtr
00000023  dpb.bMediaDescriptor
00000024  dpb.bAccessFlag
00000025  dpb.qNextDPBPtr
0000002D  dpb.dFirstFreeCluster
00000031  dpb.dNumberOfFreeClusters
00000035  dpb_size
00000FF5  fat12MaxClustCnt
0000FFF5  fat16MaxClustCnt
00000000  cds
00000000  cds.sCurrentPath
00000043  cds.wFlags
00000045  cds.qDPBPtr
0000004D  cds.dStartCluster
00000051  cds.qReserved
00000059  cds.wBackslashOffset
0000005B  cds_size
00008000  cdsRedirDrive
00004000  cdsPhysDrive
00002000  cdsJoinDrive
00001000  cdsSubstDrive
00000080  cdsRdirLocDrive
00000000  sfth
00000000  sfth.qNextSFTPtr
00000008  sfth.wNumFiles
0000000A  sfth_size
00000000  sft
00000000  sft.wNumHandles
00000002  sft.wOpenMode
00000004  sft.bFileAttrib
00000005  sft.wDeviceInfo
00000007  sft.qPtr
0000000F  sft.dStartClust
00000013  sft.wTime
00000015  sft.wDate
00000017  sft.dFileSize
0000001B  sft.dCurntOff
0000001F  sft.dRelClust
00000023  sft.dAbsClusr
00000027  sft.qDirSect
0000002F  sft.bNumDirEnt
00000030  sft.sFileName
0000003B  sft.qSharePtr
00000043  sft.wMachNum
00000045  sft.qPSPOwner
0000004D  sft.wShareRec
0000004F  sft_size
00000000  ReadAccess
00000001  WriteAccess
00000002  RWAccess
00000000  CompatShare
00000010  denyRWShare
00000020  denyWriteShare
00000030  denyReadShare
00000040  denyNoneShare
00002000  critErrHdl
00004000  noBufferWrites
00008000  FCBopenedFile
00000001  readOnlyFile
00000002  hiddenFile
00000004  systemFile
00000008  volumeLabel
00000010  directoryFile
00000020  archiveFile
00000001  charDevConIn
00000002  charDevConOut
00000004  charDevNulDev
00000008  charDevClockDev
00000010  charDevFastOut
00000020  charDevBinary
00000040  charDevNoEOF
00000040  blokDevNotFlush
00000080  devCharDev
00000800  charDevNetSpool
00001000  devNoInherit
00002000  charDevNamePipe
00004000  blokDevDTSet
00008000  devRedirDev
00000000  bufferHdr
00000000  bufferHdr.nextBufPtr
00000008  bufferHdr.driveNumber
00000009  bufferHdr.bufferFlags
0000000A  bufferHdr.bufferLBA
00000012  bufferHdr.bufFATcopy
00000013  bufferHdr.bufFATsize
00000017  bufferHdr.driveDPBPtr
0000001F  bufferHdr.reserved
00000020  bufferHdr.dataarea
00000020  bufferHdr_size
00000001  dosBuffer
00000002  fatBuffer
00000004  dirBuffer
00000008  dataBuffer
00000020  refBuffer
00000040  dirtyBuffer
00000000  mcb
00000000  mcb.marker
00000001  mcb.owner
00000009  mcb.blockSize
0000000D  mcb.reserved
00000010  mcb.program
00000010  mcb_size
00000007  mcbOwnerHole
00000000  mcbOwnerFree
00000008  mcbOwnerDOS
0000004D  mcbMarkCtn
0000005A  mcbMarkEnd
00000000  memFirstFit
00000001  memBestFit
00000002  memLastFit
00000000  callerFrame
00000000  callerFrame.rax
00000008  callerFrame.rbx
00000010  callerFrame.rcx
00000018  callerFrame.rdx
00000020  callerFrame.rsi
00000028  callerFrame.rdi
00000030  callerFrame.rbp
00000038  callerFrame.r8
00000040  callerFrame.r9
00000048  callerFrame.rip
00000050  callerFrame.cs
00000058  callerFrame.flags
00000060  callerFrame_size
00000000  fcb
00000000  fcb.driveNum
00000001  fcb.filename
00000009  fcb.fileext
0000000C  fcb.curBlock
0000000E  fcb.recordSize
00000010  fcb.fileSize
00000014  fcb.fileDate
00000016  fcb.fileTime
00000018  fcb.fcbByte
00000019  fcb.cluster
0000001D  fcb.reserved
00000020  fcb.recordNum
00000021  fcb.randRecrd
00000025  fcb_size
00000000  ffBlock
00000000  ffBlock.driveNum
00000001  ffBlock.template
0000000C  ffBlock.attrib
0000000D  ffBlock.dirOffset
00000011  ffBlock.parCluster
00000015  ffBlock.atrribFnd
00000016  ffBlock.fileTime
00000018  ffBlock.fileDate
0000001A  ffBlock.fileSize
0000001E  ffBlock.asciizName
0000002B  ffBlock_size
00000000  psp
00000000  psp.return
00000002  psp.startSeg
0000000A  psp.oldInt42h
00000012  psp.oldInt43h
0000001A  psp.oldInt44h
00000022  psp.parentPtr
0000002A  psp.jobFileTbl
0000003E  psp.envPtr
00000046  psp.rspPtr
0000004E  psp.xtraHdlSz
00000050  psp.unixEntry
00000053  psp.prevPSP
0000005B  psp.xtraHdlNum
0000005C  psp.fcb1
0000006C  psp.fcb2
00000080  psp.dta
00000080  psp.parmList
00000081  psp.progTail
00000100  psp_size
00000000  clkStruc
00000000  clkStruc.dateWord
00000002  clkStruc.minutes
00000003  clkStruc.hours
00000004  clkStruc.hseconds
00000005  clkStruc.seconds
00000006  clkStruc_size
0003C000  dosAPTsize
00000000  critRead
00000001  critWrite
00000000  critDOS
00000002  critFAT
00000004  critDir
00000006  critData
00000008  critFailOK
00000010  critRetryOK
00000020  critIgnorOK
00000080  critCharDev
00000000  critIgnore
00000001  critRetry
00000002  critAbort
00000003  critFail
00000000  NUL
00000003  ETX
00000006  ACK
00000007  BEL
00000008  BSP
00000009  TAB
0000000A  LF
0000000D  CR
00000010  DLE
00000013  DC3
00000014  DC4
00000015  NAK
00000017  ETB
0000001A  EOF
00000020  SPC
0000007F  DEL
00000020  asciiCaret
0000003B  eF1
0000003C  eF2
0000003D  eF3
0000003E  eF4
0000003F  eF5
00000040  eF6
00000041  eF7
0000004B  eCursL
0000004D  eCursR
00000052  eIns
00000053  eDel
00000001  errInvFnc
00000002  errFnf
00000003  errPnf
00000004  errNhl
00000005  errAccDen
00000006  errBadHdl
00000007  errMCBbad
00000008  errNoMem
00000009  errMemAddr
0000000A  errBadEnv
0000000B  errBadFmt
0000000C  errAccCde
0000000D  errInvDat
0000000F  errBadDrv
00000010  errDelCD
00000011  errDevUnk
00000012  errNoFil
00000013  drvErrShft
00000013  errWpd
00000014  errUnkUnt
00000015  errDrvNR
00000016  errUnkCmd
00000017  errCRCerr
00000018  errBadRLn
00000019  errSekErr
0000001A  errUnkMed
0000001B  errSecNF
0000001C  errNoPap
0000001D  errWF
0000001E  errRF
0000001F  errGF
00000022  errIDC
00000023  errNoFCB
00000032  errNoNet
00000053  errFI44
00000001  eLocUnk
00000002  eLocDsk
00000003  eLocNet
00000004  eLocChr
00000005  eLocMem
00000001  eActRet
00000002  eActDRet
00000003  eActUsr
00000004  eActAbt
00000005  eActKil
00000006  eActIgn
00000007  eActRetUsr
00000001  eClsOoR
00000002  eClsTS
00000003  eClsAuth
00000004  eClsInt
00000005  eClsHrdFlt
00000006  eClsSysFlt
00000007  eClsAppFlt
00000008  eClsNotFnd
00000009  eClsBadFmt
0000000A  eClsLocked
0000000B  eClsMedia
0000000C  eClsClash
0000000D  eClsUnk
000014F3  sdaLen
000014F3  sdaMSLen
0000000B  extKeyTbl_len
000000D4  kDispTblL
00000002  mDispTblL
00001139  dynamicDataAreaLength


---- Section .text ------------------------------------------------------------

Real              Virtual           Name
               0                 0  tempPSP
             1CE               1CE  pdtLoop
             1FA               1FA  pdptLoop
             20C               20C  mcbInit
             246               246  mcbInit.worst
             263               263  mcbInit.mcbi1
             2D1               2D1  mcbInit.skipISA
             31C               31C  mcbInit.mcbFindAddress
             31F               31F  mcbInit.mfa0
             32F               32F  mcbInit.mcbNoAddressFound
             334               334  mcbInit.mcbAddressFound
             33C               33C  mcbInit.mcbFail
             34F               34F  mcbBuild
             411               411  mcbBuild.skipISA
             48F               48F  mcbBuild.exit
             496               496  adjInts
             4AD               4AD  adjInts.ai0
             4B8               4B8  adjInts.ai1
             524               524  adjDrivers
             52B               52B  conInit
             547               547  conInit.ci0
             553               553  conInit.ci1
             59B               59B  tempBufferInit
             5B7               5B7  storageInits
             5E9               5E9  storageInits.si0
             61F               61F  storageInits.si1
             62A               62A  sectorSizeSearch
             636               636  sectorSizeSearch.findLargest
             657               657  tempCDS
             766               766  defaultFileHandles
             8A7               8A7  debugFinal
             9FC               9FC  debugFinal.msg
             B82               B82  debugFinal.msg2
             B9A               B9A  l1
             BB8               BB8  l1.str
             BBD               BBD  adjustDrvHdr
             BD0               BD0  errorInit
             BDE               BDE  errorInit.ei0
             BE1               BE1  strtmsg
             BF7               BF7  mcbFailmsg
             C11               C11  hltmsg
             C42               C42  conName
             C46               C46  auxName
             C4A               C4A  prnName
             C4E               C4E  aexec
             C5E               C5E  cfgspec
             C6C               C6C  intData
             CEC               CEC  nData
             D0E               D0E  diskInit
             D30               D30  diskInit.primary
             D6B               D6B  diskInit.checkPrimary
             D93               D93  diskInit.primaryFound
             DD5               DD5  diskInit.primaryEpilog
             DEA               DEA  diskInit.extended
             DEA               DEA  diskInit.remInit
             DF2               DF2  diskInit.removables
             E33               E33  diskInit.removableEpilogue
             E4B               E4B  diskInit.re0
             E51               E51  diskInit.end
             E5D               E5D  diskInit.singleRemDev
             E84               E84  diskInit.initReadSector
             E92               E92  tmpBuffer

---- Section resSeg -----------------------------------------------------------

Real              Virtual           Name
             F12             3D857  dosMajor
             F13             3D858  dosMinor
             F14             3D859  dosBIOSName
             F20             3D865  dosKernName
             F2C             3D871  extKeyFunc
             F34             3D879  extESC
             F35             3D87A  extBreak
             F36             3D87B  extKeyTbl
             F57             3D89C  kDispTbl
            102B             3D970  mDispTbl
            102D             3D972  ioRqCmdErrTbl
            1045             3D98A  debOldRSP
            104D             3D992  debascii
            105D             3D9A2  debMakeDebuggerRespond
            106E             3D9B3  debMakeDebuggerRespond.waiting
            107E             3D9C3  debMakeDebuggerRespond.timeout
            108A             3D9CF  debMakeDebuggerRespond.msg
            10CC             3DA11  debMakeDebuggerRespond.msg2
            10E5             3DA2A  debPrintHexByte
            1108             3DA4D  debPrintHexByte.wrchar
            1118             3DA5D  debPrintNullString
            1120             3DA65  debPrintNullString.getChar
            112B             3DA70  debPrintNullString.exit
            112F             3DA74  debPrintDOSStack
            11F7             3DB3C  debPrintDOSStack.a0
            12DB             3DC20  debPrintDOSStack.a1
            12F8             3DC3D  debDPBptr
            1314             3DC59  debDPBptr.dpb
            1333             3DC78  debDPBBPBptr
            135E             3DCA3  debDPBBPBptr.dpb
            139E             3DCE3  overlayByte
            13CD             3DD12  overlayWord
            13EA             3DD2F  overlayWord.ow0
            1410             3DD55  overlayDword
            142D             3DD72  overlayDword.od0
            1453             3DD98  overlayQword
            1470             3DDB5  overlayQword.oq0
            1496             3DDDB  debPrintFunctionName
            14C3             3DE08  debPrintFunctionName.dosString
            14DB             3DE20  debPrintFunctionName.number
            14E1             3DE26  makeBufferMostRecentlyUsed
            14F2             3DE37  makeBufferMostRecentlyUsed.mainlp
            14FC             3DE41  makeBufferMostRecentlyUsed.fnd
            1512             3DE57  makeBufferMostRecentlyUsed.exit
            1513             3DE58  flushAndFreeBuffer
            1520             3DE65  flushAndFreeBuffer.exit
            1521             3DE66  markBuffersAsUnreferenced
            1529             3DE6E  markBuffersAsUnreferenced.lp
            153B             3DE80  makeBufferMostRecentlyUsedGetNext
            154B             3DE90  findUnreferencedBuffer
            155D             3DEA2  findUnreferencedBuffer.exit
            155E             3DEA3  flushBuffer
            156A             3DEAF  flushBuffer.fbRequest0
            157B             3DEC0  flushBuffer.fbRequest1
            15B2             3DEF7  flushBuffer.fbFreeExit1
            15B8             3DEFD  flushBuffer.fbFreeExit
            15B9             3DEFE  flushBuffer.fbExitFail
            15C0             3DF05  flushBuffer.fbFail
            15EA             3DF2F  flushBuffer.fbFail0
            15F3             3DF38  flushBuffer.fbFail1
            15FC             3DF41  flushBuffer.fbFail2
            15FE             3DF43  flushBuffer.fbFailMain
            1632             3DF77  testDirtyBufferForDrive
            163A             3DF7F  testDirtyBufferForDrive.tdbfdCheckBuffer
            1646             3DF8B  testDirtyBufferForDrive.tdbfdExit
            1648             3DF8D  testDirtyBufferForDrive.tdbfdGotoNextBuffer
            1656             3DF9B  freeBuffersForDPB
            165E             3DFA3  freeBuffersForDPB.i0
            166A             3DFAF  freeBuffersForDPB.i1
            1676             3DFBB  freeBuffersForDPB.exit
            1678             3DFBD  getBuffer
            1693             3DFD8  getBuffer.rbExit
            1694             3DFD9  getBuffer.rbExitNoFlag
            16A0             3DFE5  getBuffer.rbReadNewSector
            16B4             3DFF9  getBuffer.flush
            16BB             3E000  getBuffer.skipFlush
            16CF             3E014  getBuffer.rbNonFATbuffer
            16E7             3E02C  readSectorBuffer
            16ED             3E032  readSectorBuffer.rsRequest0
            16FE             3E043  readSectorBuffer.rsRequest1
            171E             3E063  readSectorBuffer.rsExit
            171F             3E064  readSectorBuffer.rsExitFail
            1726             3E06B  readSectorBuffer.rsFail
            1750             3E095  readSectorBuffer.rsFail0
            1759             3E09E  readSectorBuffer.rsFail1
            1762             3E0A7  readSectorBuffer.rsFail2
            1764             3E0A9  readSectorBuffer.rsFailMain
            1798             3E0DD  findLRUBuffer
            17AF             3E0F4  findLRUBuffer.flbWalk
            17CB             3E110  findLRUBuffer.flbHeadLink
            17DC             3E121  findLRUBuffer.flbExit
            17E5             3E12A  findLRUBuffer.flbFreeLink
            17EF             3E134  findSectorInBuffer
            17F6             3E13B  findSectorInBuffer.fsiCheckBuffer
            1801             3E146  findSectorInBuffer.fsiExit
            1802             3E147  findSectorInBuffer.fsiGotoNextBuffer
            1810             3E155  makeDIR
            1810             3E155  removeDIR
            1810             3E155  setCurrentDIR
            1810             3E155  getCurrentDIR
            1810             3E155  getSetFileDateTime
            1810             3E155  trueName
            1811             3E156  getFATtype
            1831             3E176  getFATtype.exit
            1833             3E178  clust2FATEntry
            1858             3E19D  clust2FATEntry.fat12
            1865             3E1AA  clust2FATEntry.fat32
            186D             3E1B2  clust2FATEntry.common
            187F             3E1C4  getStartSectorOfCluster
            1898             3E1DD  findFreeCluster
            18D0             3E215  findFreeCluster.fat32Search
            18FE             3E243  findFreeCluster.fat32Found
            1904             3E249  findFreeCluster.computeEntry
            1929             3E26E  findFreeCluster.exit
            192A             3E26F  findFreeCluster.exitFail
            1930             3E275  findFreeCluster.noFreeClusters
            1937             3E27C  findFreeCluster.fat16
            1940             3E285  findFreeCluster.fat16Search
            196F             3E2B4  findFreeCluster.fat16Found
            1977             3E2BC  findFreeCluster.fat12
            19A1             3E2E6  findFreeCluster.fat12SearchNewSector
            19A8             3E2ED  findFreeCluster.fat12Search
            19FC             3E341  findFreeCluster.fat12EntryFound
            1A01             3E346  getDataSector
            1A1B             3E360  getDataSector.getSectorRead
            1A24             3E369  getNextSectorOfFile
            1A43             3E388  getNextSectorOfFile.exitOK
            1A44             3E389  getNextSectorOfFile.exitFail
            1A45             3E38A  getNextSectorOfFile.gotoNextCluster
            1A7A             3E3BF  walkFAT
            1AB3             3E3F8  walkFAT.goToNextClusterFat32
            1AC3             3E408  walkFAT.exit
            1AC4             3E409  walkFAT.exitFail
            1ACA             3E40F  walkFAT.gotoNextClusterFat12
            1AFA             3E43F  walkFAT.gotoNextClusterFat12NoCross
            1B04             3E449  walkFAT.gotoNextClusterFat12Even
            1B0E             3E453  walkFAT.checkIfLastFAT12Cluster
            1B1E             3E463  genericFindFirst
            1B1F             3E464  genericFindNext
            1B20             3E465  mainCharIO
            1B81             3E4C6  mainCharIO.skipBsySet
            1BA3             3E4E8  mainCharIO.ignoreRet
            1BB8             3E4FD  mainCharIO.notNDRead
            1BCF             3E514  ..@120._ret
            1BD0             3E515  mainCharIO.error
            1BE5             3E52A  mainCharIO.errorIgnore
            1BEE             3E533  mainCharIO.notChar
            1BF4             3E539  ..@121._ret
            1BF5             3E53A  openSFT
            1BFE             3E543  closeSFT
            1C05             3E54A  openCloseCommon
            1C29             3E56E  openCloseCommon.charDev
            1C3E             3E583  openCloseCommon.retryEP
            1C65             3E5AA  openCloseCommon.blockError
            1C69             3E5AE  openCloseCommon.errorCmn
            1C75             3E5BA  openCloseCommon.exitPop
            1C76             3E5BB  openCloseCommon.exit
            1C7B             3E5C0  ..@122._ret
            1C7C             3E5C1  charIn_BE
            1C88             3E5CD  ..@123._ret
            1C89             3E5CE  charOut_B
            1C8B             3E5D0  charOut_B.in
            1C99             3E5DE  charOut_B.skipCurs
            1CB0             3E5F5  charOut_B.skipErrorCheck
            1CBD             3E602  ..@125._base
            1CFC             3E641  charOut_B.netSpool
            1D03             3E648  charOut_B.exitPrintEcho
            1D05             3E64A  ..@126._ret
            1D06             3E64B  charOut_B.control
            1D12             3E657  charOut_B.tab
            1D22             3E667  charOut_B.tabloop
            1D2D             3E672  charOut_B.stopTab
            1D2E             3E673  ..@127._ret
            1D2F             3E674  charOut_B.newline
            1D3B             3E680  charOut_B.back
            1D46             3E68B  auxIn_B
            1D55             3E69A  ..@129._base
            1D57             3E69C  auxIn_B.auxloop
            1D67             3E6AC  ..@130._ret
            1D68             3E6AD  auxIn_B.signalLoop
            1D6F             3E6B4  auxOut_B
            1D77             3E6BC  prnOut_B
            1D7D             3E6C2  auxOutCmn
            1D8E             3E6D3  ..@131._ret
            1D8F             3E6D4  directConIO
            1DA0             3E6E5  ..@133._base
            1DBD             3E702  ..@134._ret
            1DBE             3E703  directConIO.readChar
            1DC2             3E707  charIn
            1DC9             3E70E  ..@136._base
            1DDF             3E724  charIn.getChar
            1DE6             3E72B  ..@137._ret
            1DE7             3E72C  charIn_B
            1DE8             3E72D  charIn_B.readAgain
            1DFF             3E744  charIn_B.skiplookahead
            1E05             3E74A  charIn_B.pullChar
            1E18             3E75D  charIn_B.exit
            1E18             3E75D  ..@138._ret
            1E19             3E75E  printString_B
            1E1C             3E761  printString_B.ps0
            1E1F             3E764  ..@140._base
            1E28             3E76D  checkStdinStatus
            1E2F             3E774  ..@142._base
            1E33             3E778  ..@143._ret
            1E34             3E779  clearbuffDoFunc
            1E46             3E78B  clearbuffDoFunc.skipFlush
            1E55             3E79A  clearbuffDoFunc.others
            1E65             3E7AA  clearbuffDoFunc.bad
            1E67             3E7AC  ..@144._ret
            1E68             3E7AD  clearbuffDoFunc.callFunction
            1E6E             3E7B3  outputOnStdout
            1E91             3E7D6  outputOnStdout.exitOk
            1E92             3E7D7  outputOnStdout.exit
            1E93             3E7D8  ..@145._ret
            1E94             3E7D9  outputOnStdout.notCharDevOrFast
            1E9A             3E7DF  ..@146._ret
            1E9B             3E7E0  outputToHandle
            1EA0             3E7E5  ..@148._base
            1EA2             3E7E7  outputOnSFT
            1EB5             3E7FA  ..@149._ret
            1EB6             3E7FB  outputOnSFT.signalLoop
            1EBD             3E802  callInt48h
            1EDE             3E823  callInt48h.exit
            1EDF             3E824  ..@150._ret
            1EE0             3E825  vConCtrlCheck
            1EEE             3E833  ..@152._base
            1F09             3E84E  vConCtrlCheck.checkPrintOrExit
            1F11             3E856  ..@153._ret
            1F12             3E857  vConCtrlCheck.printToggle
            1F24             3E869  ..@155._base
            1F4F             3E894  vConCtrlCheck.notNet
            1F5F             3E8A4  vConCtrlCheck.echoOn
            1F64             3E8A9  vConCtrlCheck.printExit
            1F65             3E8AA  ..@156._ret
            1F66             3E8AB  vConCtrlCheck.sigNextChar
            1F6B             3E8B0  vConCtrlCheck.waitNextChar
            1F74             3E8B9  vConCtrlCheck.readCharNoWait
            1F7D             3E8C2  ..@158._base
            1F9E             3E8E3  vConCtrlCheck.checkBreak2
            1FA0             3E8E5  ..@160._base
            1FA7             3E8EC  getCharDevSFT
            1FB0             3E8F5  getCharDevSFT.getSFT
            1FBA             3E8FF  ..@161._ret
            1FBB             3E900  getCharDevSFT.swap
            1FCB             3E910  ..@162._ret
            1FCC             3E911  printCaretASCII
            1FFC             3E941  printCRLF
            200A             3E94F  checkBreak
            2011             3E956  ..@164._base
            2044             3E989  checkBreak.exit
            2048             3E98D  ..@165._ret
            2049             3E98E  checkBreak.charFound
            2086             3E9CB  vConSwapDriver
            209D             3E9E2  ..@166._ret
            209E             3E9E3  buffCharInput_BE
            20A5             3E9EA  ..@168._base
            20B4             3E9F9  buffCharInput_BE.avoidcheck
            20B6             3E9FB  buffCharInput_BE.functionKeyOk
            20BB             3EA00  buffCharInput_BE.breakEP
            20D6             3EA1B  buffCharInput_BE.mainLoop
            20DF             3EA24  buffCharInput_BE.mainLoop2
            20E4             3EA29  buffCharInput_BE.checkControlChars
            2122             3EA67  buffCharInput_BE.checkIfCanInsert
            2142             3EA87  buffCharInput_BE.bufOflw
            214B             3EA90  buffCharInput_BE.break
            2153             3EA98  buffCharInput_BE.breakAlt
            2162             3EAA7  buffCharInput_BE.carriageReturn
            216E             3EAB3  buffCharInput_BE.carriageReturnAlt
            217A             3EABF  ..@169._ret
            217B             3EAC0  buffCharInput_BE.lineFeed
            2185             3EACA  buffCharInput_BE.delete
            218F             3EAD4  buffCharInput_BE.removeChar
            21AF             3EAF4  buffCharInput_BE.normalChar
            21B6             3EAFB  ..@171._base
            21BA             3EAFF  ..@173._base
            21C1             3EB06  ..@174._ret
            21C2             3EB07  buffCharInput_BE.eraTab
            21D5             3EB1A  buffCharInput_BE.scanString
            21E0             3EB25  buffCharInput_BE.notChar
            21E2             3EB27  buffCharInput_BE.onTabstop
            21E8             3EB2D  buffCharInput_BE.tabChar
            21F4             3EB39  buffCharInput_BE.vConDelTab
            2200             3EB45  buffCharInput_BE.vConErase
            2205             3EB4A  buffCharInput_BE.vConEraseNoDec
            221A             3EB5F  buffCharInput_BE.escape
            2220             3EB65  buffCharInput_BE.f2
            2227             3EB6C  buffCharInput_BE.f3
            222E             3EB73  buffCharInput_BE.f1
            2233             3EB78  buffCharInput_BE.fCommon
            225C             3EBA1  buffCharInput_BE.f4
            226B             3EBB0  buffCharInput_BE.fCommon2
            227D             3EBC2  buffCharInput_BE.fforceExit
            2283             3EBC8  buffCharInput_BE.fnotEscape
            22A0             3EBE5  ..@175._ret
            22A1             3EBE6  buffCharInput_BE.f5
            22B7             3EBFC  buffCharInput_BE.f6
            22BE             3EC03  buffCharInput_BE.f7
            22C9             3EC0E  buffCharInput_BE.toggleIns
            22CF             3EC14  ..@176._ret
            22D0             3EC15  buffCharInput_BE.eDel
            22E2             3EC27  editKeys
            22F5             3EC3A  editKeys.lp
            2309             3EC4E  editKeys.charFound
            2314             3EC59  getDate
            2314             3EC59  setDate
            2314             3EC59  getTime
            2314             3EC59  setTime
            2315             3EC5A  openFileFCB
            2315             3EC5A  closeFileFCB
            2315             3EC5A  findFirstFileFCB
            2315             3EC5A  findNextFileFCB
            2315             3EC5A  deleteFileFCB
            2315             3EC5A  sequentialReadFCB
            2315             3EC5A  sequentialWriteFCB
            2315             3EC5A  createFileFCB
            2315             3EC5A  renameFileFCB
            2316             3EC5B  setDTA
            2329             3EC6E  randomReadFCB
            2329             3EC6E  randomWriteFCB
            2329             3EC6E  getFileSizeFCB
            2329             3EC6E  setRelRecordFCB
            2329             3EC6E  randBlockReadFCB
            2329             3EC6E  randBlockWriteFCB
            2329             3EC6E  parseFilenameFCB
            232A             3EC6F  getDTA
            233D             3EC82  createFileHdl
            233D             3EC82  ..@177._ret
            233E             3EC83  openFileHdl
            233E             3EC83  ..@178._ret
            233F             3EC84  closeFileHdl
            233F             3EC84  ..@179._ret
            2340             3EC85  readFileHdl
            2347             3EC8C  readFileHdl.common
            236E             3ECB3  ..@180._ret
            236F             3ECB4  readFileHdl.error
            236F             3ECB4  readFileHdl.errorFromDataTransfer
            2378             3ECBD  ..@181._ret
            2379             3ECBE  writeFileHdl
            2385             3ECCA  deleteFileHdl
            2385             3ECCA  ..@182._ret
            2386             3ECCB  lseekHdl
            2394             3ECD9  lseekHdl.exitBad
            23B2             3ECF7  ..@183._ret
            23B3             3ECF8  lseekHdl.sftValid
            23BD             3ED02  lseekHdl.validFunction
            23C6             3ED0B  lseekHdl.seekset
            23D3             3ED18  ..@184._ret
            23D4             3ED19  lseekHdl.seekend
            23DC             3ED21  lseekHdl.proceedDisk
            23E1             3ED26  lseekHdl.netCheck
            2400             3ED45  lseekHdl.netSeek
            2407             3ED4C  ..@185._ret
            2408             3ED4D  changeFileModeHdl
            2408             3ED4D  ioctrl
            2408             3ED4D  duplicateHandle
            2408             3ED4D  forceDuplicateHdl
            2408             3ED4D  findFirstFileHdl
            2408             3ED4D  findNextFileHdl
            2408             3ED4D  renameFile
            2408             3ED4D  createUniqueFile
            2408             3ED4D  createNewFile
            2408             3ED4D  lockUnlockFile
            2408             3ED4D  setHandleCount
            2408             3ED4D  commitFile
            2408             3ED4D  ..@186._ret
            2409             3ED4E  readBytes
            2425             3ED6A  ..@187._ret
            2426             3ED6B  readBytes.readable
            243D             3ED82  ..@188._ret
            243E             3ED83  readBytes.exitOk
            243F             3ED84  ..@189._ret
            2440             3ED85  readBytes.notRedir
            2457             3ED9C  ..@190._ret
            2458             3ED9D  readCharDev
            247F             3EDC4  readCharDev.notNul
            2489             3EDCE  readCharDev.consoleInput
            248E             3EDD3  readCharDev.binary
            24C9             3EE0E  readCharDev.failExit
            24C9             3EE0E  readCharDev.binNoError
            24E0             3EE25  readCharDev.generalASCII
            24F9             3EE3E  readCharDev.asciiReadChar
            2533             3EE78  readCharDev.asciiNoError
            2544             3EE89  readCharDev.asciiIgnoreEP
            255D             3EEA2  readDiskFile
            2564             3EEA9  writeBytes
            2580             3EEC5  ..@191._ret
            2581             3EEC6  writeBytes.writeable
            2586             3EECB  rwExitOk
            2597             3EEDC  rwExitOk.skipbitClear
            259C             3EEE1  ..@192._ret
            259D             3EEE2  rwExitBad
            259D             3EEE2  setCurrentSFT
            25A4             3EEE9  ..@193._ret
            25A5             3EEEA  getCurrentSFT
            25AC             3EEF1  ..@194._ret
            25AD             3EEF2  updateCurrentSFT
            25E3             3EF28  updateCurrentSFT.exit
            25E5             3EF2A  ..@195._ret
            25E6             3EF2B  setupVarsForTransfer
            260F             3EF54  ..@196._ret
            2610             3EF55  setupVarsForDiskTransfer
            2656             3EF9B  ..@197._ret
            2657             3EF9C  getSFTPtrfromSFTNdx
            265E             3EFA3  getSFTPtrfromSFTNdx.walk
            2675             3EFBA  ..@198._ret
            2676             3EFBB  getSFTPtrfromSFTNdx.thisTable
            268B             3EFD0  ..@199._ret
            268C             3EFD1  getJFTPtr
            269B             3EFE0  ..@200._ret
            269C             3EFE1  getJFTPtr.ok
            26A9             3EFEE  ..@201._ret
            26AA             3EFEF  getSFTPtr
            26AF             3EFF4  ..@203._base
            26BE             3F003  ..@205._base
            26C3             3F008  ..@206._ret
            26C4             3F009  derefSFTPtr
            26D0             3F015  derefSFTPtr.fail
            26D3             3F018  ..@207._ret
            26D4             3F019  derefSFTPtr.ok
            26DE             3F023  ..@208._ret
            26DF             3F024  getBytesTransferred
            26ED             3F032  ..@209._ret
            26EE             3F033  readWriteBytesBinary
            26FB             3F040  readWriteBytesBinary.noSwap
            270A             3F04F  ..@210._ret
            270B             3F050  allocateMemory
            272D             3F072  allocateMemory.walk
            273E             3F083  allocateMemory.walk1
            275D             3F0A2  allocateMemory.cons0
            2772             3F0B7  allocateMemory.cons1
            279B             3F0E0  allocateMemory.det0
            27BF             3F104  allocateMemory.det1
            27CE             3F113  allocateMemory.walk2
            27EB             3F130  allocateMemory.allocate
            2855             3F19A  allocateMemory.bfCommon
            28D2             3F217  allocateMemory.allocFail
            28DB             3F220  allocateMemory.af0
            28E9             3F22E  allocateMemory.af1
            28FD             3F242  allocateMemory.af2
            2912             3F257  allocateMemory.afExit
            2928             3F26D  freeMemory
            294C             3F291  freeMemory.mainLoop
            295C             3F2A1  freeMemory.valid
            297D             3F2C2  freeMemory.blockFound
            29BB             3F300  freeMemory.blockFoundCheckFollowing
            29F9             3F33E  freeMemory.blockFoundExit
            2A0A             3F34F  freeMemory.blockNotFound
            2A13             3F358  freeMemory.blockHole
            2A1A             3F35F  freeMemory.blockError
            2A51             3F396  reallocMemory
            2A71             3F3B6  reallocMemory.ctn
            2AE9             3F42E  reallocMemory.shrinkAbsorb
            2B11             3F456  reallocMemory.growth
            2B3E             3F483  reallocMemory.growthOK
            2BA5             3F4EA  reallocMemory.exit
            2BB6             3F4FB  reallocMemory.notEnuffMem2
            2BBA             3F4FF  reallocMemory.notEnuffMem
            2BBC             3F501  reallocMemory.notEnuffMem1
            2BCD             3F512  reallocMemory.badAddrGiven
            2BD9             3F51E  reallocMemory.bad
            2C02             3F547  getsetMallocStrat
            2C25             3F56A  getsetMallocStrat.get
            2C41             3F586  getsetMallocStrat.bad
            2C78             3F5BD  verifyIntegrityOfMCBChain
            2C81             3F5C6  verifyIntegrityOfMCBChain.ok
            2C8B             3F5D0  verifyIntegrityOfMCBChain.exit
            2C8E             3F5D3  verifyIntegrityOfMCBChain.ok1
            2CA3             3F5E8  memSysHalt
            2CD6             3F61B  memSysHalt.sysHltString
            2D12             3F657  terminateProcess
            2D14             3F659  terminateRes
            2D16             3F65B  simpleTerminate
            2D17             3F65C  terminateStayRes
            2D18             3F65D  loadExecChild
            2D19             3F65E  terminateClean
            2D1A             3F65F  getsetSwitchChar
            2D1A             3F65F  getsetCountryInfo
            2D1A             3F65F  getExtLocalInfo
            2D1A             3F65F  getsetGlobalCP
            2D1B             3F660  diskErr
            2D20             3F665  charDevErr
            2D23             3F668  criticalErrorSetup
            2D36             3F67B  criticalDOSError
            2D43             3F688  criticalDOSError.noIntError
            2D77             3F6BC  criticalDOSError.checkResponse
            2D8A             3F6CF  criticalDOSError.exit
            2D91             3F6D6  ..@211._ret
            2D92             3F6D7  criticalDOSError.checkIgnore
            2D9D             3F6E2  criticalDOSError.checkRetry
            2DA6             3F6EB  criticalDOSError.setFail
            2DB0             3F6F5  criticalDOSError.abort
            2DB0             3F6F5  ctrlBreakHdlr
            2DC3             3F708  ctrlBreakHdlr.avoidCON
            2DED             3F732  ctrlBreakHdlr.returnToDOS
            2DF9             3F73E  ctrlBreakHdlr.checkCF
            2E15             3F75A  dosDefCritErrHdlr
            2E19             3F75E  goDriverChar
            2E1D             3F762  goDriver
            2E2D             3F772  ..@212._ret
            2E2E             3F773  setupPhysicalDiskRequest
            2E65             3F7AA  ..@213._ret
            2E66             3F7AB  setupPhysicalDiskRequest.netError
            2E71             3F7B6  setupPhysicalDiskRequest.diskError
            2E7A             3F7BF  setupPhysicalDiskRequest.error
            2E90             3F7D5  ..@214._ret
            2E91             3F7D6  setupAbsDiskEntry
            2EC3             3F808  setupAbsDiskEntry.exit
            2EC5             3F80A  ..@215._ret
            2EC6             3F80B  absDiskWrite
            2EE5             3F82A  absDiskRead
            2F02             3F847  absDiskReadWriteCommon
            2F2F             3F874  absDiskReadWriteCommon.absExit
            2F30             3F875  absDiskExit
            2F41             3F886  ..@216._ret
            2F42             3F887  absDiskDriverCall
            2F66             3F8AB  ..@217._ret
            2F67             3F8AC  getDiskDPB
            2F9B             3F8E0  getDiskDPB.checkCDS
            2FAA             3F8EF  getDiskDPB.next
            2FB5             3F8FA  getDiskDPB.exit
            2FB6             3F8FB  getDiskDPB.exitBad
            2FB6             3F8FB  ..@218._ret
            2FB7             3F8FC  ensureDiskValid
            2FB7             3F8FC  ensureDiskValid.medChk
            2FD1             3F916  ensureDiskValid.medChkIgnore
            2FEB             3F930  ensureDiskValid.exit
            2FEB             3F930  ..@219._ret
            2FEC             3F931  ensureDiskValid.invalidateBuffers
            3006             3F94B  ensureDiskValid.repeatEP
            303C             3F981  ..@220._ret
            303D             3F982  ensureDiskValid.diskDrvCritErrMedChk
            3083             3F9C8  ..@221._ret
            3084             3F9C9  ensureDiskValid.diskDrvCritErrBPB
            30C4             3FA09  ..@222._ret
            30C5             3FA0A  primReqWriteSetup
            30D0             3FA15  primReqReadSetup
            30D3             3FA18  primReqRWCommon
            3110             3FA55  primReqCommonExit
            3118             3FA5D  ..@223._ret
            3119             3FA5E  primReqMedCheckSetup
            3145             3FA8A  primReqGetBPBSetup
            317C             3FAC1  secdReqCharIOReq
            3196             3FADB  ..@224._ret
            3197             3FADC  setWorkingDPB
            319E             3FAE3  ..@225._ret
            319F             3FAE4  getUserRegs
            31A6             3FAEB  ..@226._ret
            31A7             3FAEC  walkDPBchain
            31AE             3FAF3  walkDPBchain.walk
            31C1             3FB06  walkDPBchain.exitBad
            31C2             3FB07  walkDPBchain.exit
            31C2             3FB07  ..@227._ret
            31C3             3FB08  setDrive
            31DC             3FB21  setDrive.exit
            31DC             3FB21  ..@228._ret
            31DD             3FB22  buildNewCDS
            3229             3FB6E  buildNewCDS.skipSettingDPB
            322B             3FB70  buildNewCDS.exit
            322B             3FB70  ..@229._ret
            322C             3FB71  getCDS
            3238             3FB7D  getCDS.skip
            326E             3FBB3  getCDS.physDrive
            327D             3FBC2  getCDS.exitBad
            3284             3FBC9  getCDS.exitBad1
            3285             3FBCA  getCDS.exitOk
            3286             3FBCB  ..@230._ret
            3287             3FBCC  getCDSforDrive
            3290             3FBD5  ..@231._ret
            3291             3FBD6  getCDSforDrive.ctn
            32B8             3FBFD  ..@232._ret
            32B9             3FBFE  swapPathSeparator
            32C3             3FC08  swapPathSeparator.exit
            32C3             3FC08  ..@233._ret
            32C4             3FC09  uppercaseChar
            32CE             3FC13  uppercaseChar.exit
            32CE             3FC13  ..@234._ret
            32CF             3FC14  functionDispatch
            330B             3FC50  functionDispatch.fsbegin
            3356             3FC9B  functionDispatch.fsb1
            3358             3FC9D  functionDispatch.charFun0CEP
            33B2             3FCF7  functionDispatch.fddiskOp
            33F2             3FD37  functionDispatch.fdGoToFunction
            33FF             3FD44  functionDispatch.fdExit
            3425             3FD6A  functionDispatch.fdExitBad
            3427             3FD6C  defaultIretq
            3429             3FD6E  dosPopRegs
            3440             3FD85  dosPushRegs
            3457             3FD9C  dosCrit1Enter
            3461             3FDA6  dosCrit1Exit
            346B             3FDB0  dosCrit2Enter
            3475             3FDBA  dosCrit2Exit
            347F             3FDC4  ctrlBreakCheck
            348B             3FDD0  ctrlBreakCheck.cbcget
            349E             3FDE3  ctrlBreakCheck.cbcxchg
            34A9             3FDEE  ctrlBreakCheck.cbcBad
            34AD             3FDF2  setCurrProcessID
            34B6             3FDFB  getCurrProcessID
            34BF             3FE04  getPSPaddr
            34C8             3FE0D  setDriverLookahead
            34CA             3FE0F  diskReset
            34D1             3FE16  diskReset.drCheckBuffer
            34D7             3FE1C  diskReset.drFlushBuffer
            34DE             3FE23  diskReset.drGotoNextBuffer
            34EA             3FE2F  diskReset.drExit
            34EB             3FE30  selectDisk
            34FC             3FE41  selectDisk.skipSettingCurrent
            3504             3FE49  getCurrentDisk
            350B             3FE50  FATinfoDefault
            350D             3FE52  FATinfoDevice
            3519             3FE5E  FATinfoDevice.fidSkipdefault
            3555             3FE9A  FATinfoDevice.fidDPBFound
            3577             3FEBC  setIntVector
            35A4             3FEE9  createNewPSP
            35A5             3FEEA  setResetVerify
            35B3             3FEF8  getDOSversion
            35C8             3FF0D  getCurrentDPBptr
            35CA             3FF0F  getDeviceDPBptr
            35D6             3FF1B  getDeviceDPBptr.gddpskipdefault
            360D             3FF52  getDeviceDPBptr.bad
            3610             3FF55  getInDOSflagPtr
            3621             3FF66  getIntVector
            3636             3FF7B  getDiskFreeSpace
            3642             3FF87  getDiskFreeSpace.gdfsSkipdefault
            367E             3FFC3  getDiskFreeSpace.gdfsDPBFound
            369F             3FFE4  getRetCodeChild
            36B1             3FFF6  getSysVarsPtr
            36C2             40007  createDPB
            36EA             4002F  createDPB.cd2
            36F2             40037  createDPB.cd3
            3746             4008B  createDPB.cd4
            3787             400CC  createDPB.cd5
            3794             400D9  getVerifySetting
            379B             400E0  createPSP
            379C             400E1  getExtendedError
            37C5             4010A  getCritErrorInfo
            37C5             4010A  networkServices
            37C5             4010A  networkRedirection
            37C6             4010B  getsetDiskSerial
            37C6             4010B  noOp
            37C7             4010C  multiplexHdlr
            37E6             4012B  multiplexHdlr.exit
            37E8             4012D  multiplexTest
            37EB             40130  critErrorHandler
            3865             401AA  critErrorHandler.userInput
            3870             401B5  critErrorHandler.userAbort
            387B             401C0  critErrorHandler.userRetry
            3896             401DB  critErrorHandler.userIgnore
            38B1             401F6  critErrorHandler.userFail
            38CC             40211  critErrorHandler.userMsgEnd
            38EA             4022F  critErrorHandler.uip1
            38FC             40241  critErrorHandler.validInput
            390A             4024F  critErrorHandler.viFail
            3915             4025A  critErrorHandler.viIgnore
            3920             40265  critErrorHandler.viRetry
            3929             4026E  critErrorHandler.cehExit
            3930             40275  critErrorHandler.charError
            393C             40281  critErrorHandler.ce1
            394A             4028F  critErrorHandler.errorMsgTable
            3A34             40379  critErrorHandler.drive
            3A3B             40380  critErrorHandler.readmsg
            3A4A             4038F  critErrorHandler.writemsg
            3A59             4039E  critErrorHandler.crlf
            3A5C             403A1  critErrorHandler.abortmsg
            3A62             403A7  critErrorHandler.ignoremsg
            3A69             403AE  critErrorHandler.retrymsg
            3A6F             403B4  critErrorHandler.failmsg
            3A74             403B9  critErrorHandler.betweenMsg
            3A77             403BC  critErrorHandler.endMsg
            3A7A             403BF  critErrorHandler.responses
            3A7E             403C3  drivers
            3A7E             403C3  conHdr
            3AA0             403E5  auxHdr
            3AC2             40407  prnHdr
            3AE4             40429  clkHdr
            3B06             4044B  msdHdr
            3B28             4046D  com1Hdr
            3B4A             4048F  com2Hdr
            3B6C             404B1  com3Hdr
            3B8E             404D3  com4Hdr
            3BB0             404F5  lpt1Hdr
            3BD2             40517  lpt2Hdr
            3BF4             40539  lpt3Hdr
            3C16             4055B  reqHdrPtr
            3C1E             40563  commonStrat
            3C26             4056B  nulStrat
            3C2C             40571  nulIntr
            3C2D             40572  conDriver
            3C73             405B8  conDriver.conWriteErrorCode
            3C79             405BE  conDriver.conExit
            3C82             405C7  conDriver.conRead
            3C91             405D6  conDriver.cre1
            3CA3             405E8  conDriver.cre11
            3CAE             405F3  conDriver.cre12
            3CB2             405F7  conDriver.cre2
            3CB9             405FE  conDriver.cre3
            3CC8             4060D  conDriver.conNondestructiveRead
            3CDE             40623  conDriver.cnr0
            3CE6             4062B  conDriver.cnr1
            3CF1             40636  conDriver.cnr2
            3CF9             4063E  conDriver.conInputStatus
            3D09             4064E  conDriver.conFlushInputBuffers
            3D1B             40660  conDriver.cfib0
            3D2B             40670  conDriver.conWrite
            3D3E             40683  conDriver.cw1
            3D4A             4068F  conDriver.cw2
            3D54             40699  conDriver.conOutputStatus
            3D64             406A9  conDriver.conBuf
            3D65             406AA  fastOutput
            3D6D             406B2  ctrlBreak
            3D76             406BB  clkDriver
            3DB4             406F9  clkDriver.clkNotFunctioning
            3DB6             406FB  clkDriver.clkWriteErrorCode
            3DBC             40701  clkDriver.clkExit
            3DC9             4070E  clkDriver.clkRead
            3DF7             4073C  clkDriver.clkr1
            3E2E             40773  clkDriver.clkInputStatus
            3E3A             4077F  clkDriver.clkFlushInputBuffers
            3E4A             4078F  clkDriver.clkWrite
            3EA2             407E7  clkDriver.clkBCDtoHex
            3EB6             407FB  clkDriver.cbth0
            3EBF             40804  clkDriver.clkHexToBCD
            3EC5             4080A  clkDriver.chtb0
            3ED5             4081A  clkDriver.chtb1
            3EDC             40821  clkDriver.clkDate
            3EDE             40823  clkDriver.clkLeapYears
            3EF7             4083C  clkDriver.clkMonths
            3F03             40848  com1Intr
            3F0C             40851  com2Intr
            3F15             4085A  com3Intr
            3F1E             40863  com4Intr
            3F25             4086A  comIntr
            3F73             408B8  comIntr.comErrorNoCount
            3F77             408BC  comIntr.comReadError
            3F7C             408C1  comIntr.comWriteError
            3F81             408C6  comIntr.comError
            3F90             408D5  comIntr.comWriteErrorCode
            3F96             408DB  comIntr.comExit
            3FA3             408E8  comIntr.comRead
            3FB0             408F5  comIntr.cr1
            3FB5             408FA  comIntr.cr11
            3FD0             40915  comIntr.cre2
            3FD5             4091A  comIntr.comReadInputStatus
            3FE4             40929  comIntr.comNondestructiveRead
            3FEB             40930  comIntr.cndr1
            400A             4094F  comIntr.cndr2
            4012             40957  comIntr.comFlushInputBuffers
            401D             40962  comIntr.cfib0
            403C             40981  comIntr.comWrite
            404D             40992  comIntr.cw1
            4069             409AE  comIntr.cw2
            4071             409B6  comIntr.comOutputStatus
            40A7             409EC  comIntr.comDevice
            40A8             409ED  msdDriver
            40FC             40A41  msdDriver.msdDriverExit
            410C             40A51  msdDriver.msdIOError
            4117             40A5C  msdDriver.msdGenDiskError
            4182             40AC7  msdDriver.msdWriteErrorCode
            4189             40ACE  msdDriver.msdTable
            41BB             40B00  msdDriver.msdMedChk
            41F3             40B38  msdDriver.mmcNoChangeLine
            4200             40B45  msdDriver.mmcChange
            4210             40B55  msdDriver.mmcUnsure
            4215             40B5A  msdDriver.mmcNoChange
            421A             40B5F  msdDriver.msdBuildBPB
            426B             40BB0  msdDriver.mbbpb0
            428E             40BD3  msdDriver.msdIOCTLRead
            429A             40BDF  msdDriver.msdRead
            42AA             40BEF  msdDriver.msdr0
            42D2             40C17  msdDriver.msdWrite
            42E2             40C27  msdDriver.msdw0
            430A             40C4F  msdDriver.msdWriteVerify
            431A             40C5F  msdDriver.msdwv0
            434F             40C94  msdDriver.msdIOCTLWrite
            435B             40CA0  msdDriver.msdDevOpen
            4376             40CBB  msdDriver.msdDevClose
            4391             40CD6  msdDriver.msdRemovableMedia
            43BC             40D01  msdDriver.msdGenericIOCTL
            43C8             40D0D  msdDriver.msdGetLogicalDev
            43DD             40D22  msdDriver.msdSetLogicalDev
            43F2             40D37  msdDriver.msdBlkIOCommon
            4411             40D56  msdDriver.msdDefLabel
            441A             40D5F  msdDriver.msdCurDev
            441B             40D60  msdDriver.msdBIOSmap
            4420             40D65  msdDriver.msdHdlCnt
            4425             40D6A  msdDriver.msdBPBTbl
            444D             40D92  msdDriver.msdBPBblks
            46A5             40FEA  endptr

---- Section dSeg -------------------------------------------------------------

Real              Virtual           Name
               0                 0  dosAPT
           3C000             3C000  dosDataArea
           3C000             3C000  dosSegPtr
           3C008             3C008  biosUBase
           3C010             3C010  bootDrive
           3C011             3C011  numRemDrv
           3C012             3C012  numFixDrv
           3C013             3C013  loProtMem
           3C017             3C017  hiProtMem
           3C01B             3C01B  longMem
           3C023             3C023  vConOutOff
           3C024             3C024  mcbChainPtr
           3C02C             3C02C  sysVarsPtr
           3C02C             3C02C  dpbHeadPtr
           3C034             3C034  sftHeadPtr
           3C03C             3C03C  clockPtr
           3C044             3C044  vConPtr
           3C04C             3C04C  maxBytesSec
           3C04E             3C04E  bufHeadPtr
           3C056             3C056  cdsHeadPtr
           3C05E             3C05E  sfcbHeadPtr
           3C066             3C066  numSafeSFCB
           3C068             3C068  numPhysVol
           3C069             3C069  lastdrvNum
           3C06A             3C06A  numBuffers
           3C06B             3C06B  numJoinDrv
           3C06C             3C06C  nulDevHdr
           3C08E             3C08E  singleDrv
           3C08F             3C08F  numFiles
           3C091             3C091  maxHndls
           3C093             3C093  firstSftHeader
           3C09D             3C09D  firstSft
           3C0EC             3C0EC  secondSft
           3C13B             3C13B  thirdSft
           3C18A             3C18A  fourthSft
           3C1D9             3C1D9  fifthSft
           3C228             3C228  vConCursPos
           3C229             3C229  vConBuf
           3C229             3C229  vConCurCnt
           3C22A             3C22A  vConBuffer
           3C2AA             3C2AA  vConInBuf
           3C32A             3C32A  bufpad
           3C32B             3C32B  printEcho
           3C32C             3C32C  verifyFlag
           3C32D             3C32D  switchChar
           3C32E             3C32E  vConErr
           3C32F             3C32F  allocStrat
           3C330             3C330  shareFlag
           3C331             3C331  serverCnt
           3C332             3C332  machineName
           3C342             3C342  critPtchTbl
           3C363             3C363  sda
           3C363             3C363  critErrFlag
           3C364             3C364  inDOS
           3C365             3C365  errorDrv
           3C366             3C366  errorLocus
           3C367             3C367  errorExCde
           3C369             3C369  errorAction
           3C36A             3C36A  errorClass
           3C36B             3C36B  xInt44RDI
           3C373             3C373  currentDTA
           3C37B             3C37B  currentPSP
           3C383             3C383  xInt43hRSP
           3C38B             3C38B  errorLevel
           3C38D             3C38D  currentDrv
           3C38E             3C38E  breakFlag
           3C38F             3C38F  sdaMainSwap
           3C38F             3C38F  oldRAX
           3C397             3C397  sharePSP
           3C39F             3C39F  machineNum
           3C3A1             3C3A1  firstMCB
           3C3A9             3C3A9  bestMCB
           3C3B1             3C3B1  lastMCB
           3C3B9             3C3B9  xInt44hRSP
           3C3C1             3C3C1  Int44bitfld
           3C3C2             3C3C2  Int44Fail
           3C3C3             3C3C3  oldoldRSP
           3C3CB             3C3CB  dosReturn
           3C3D3             3C3D3  oldRSP
           3C3DB             3C3DB  oldRBX
           3C3E3             3C3E3  dirFlag
           3C3E4             3C3E4  ctrlCExit
           3C3E5             3C3E5  dayOfMonth
           3C3E6             3C3E6  monthOfYear
           3C3E7             3C3E7  years
           3C3E8             3C3E8  daysOffset
           3C3EA             3C3EA  dayOfWeek
           3C3EB             3C3EB  vConDrvSwp
           3C3EC             3C3EC  int48Flag
           3C3ED             3C3ED  Int44Trans
           3C3EE             3C3EE  secdReqHdr
           3C418             3C418  primReqHdr
           3C442             3C442  critReqHdr
           3C46C             3C46C  buffer1
           3C4EC             3C4EC  buffer2
           3C56C             3C56C  CLOCKrecrd
           3C572             3C572  singleIObyt
           3C574             3C574  rwFlag
           3C575             3C575  fileFDflg
           3C576             3C576  fileOpenMd
           3C577             3C577  typePSPcopy
           3C578             3C578  spliceFlag
           3C579             3C579  dosInvoke
           3C57A             3C57A  vConInsert
           3C57B             3C57B  workingDrv
           3C57C             3C57C  qPtr
           3C57C             3C57C  workingDD
           3C57C             3C57C  workingDPB
           3C584             3C584  workingCDS
           3C58C             3C58C  vConAltSFTPtr
           3C58C             3C58C  workingSFT
           3C594             3C594  tmpCDS
           3C5EF             3C5EF  curJFTNum
           3C5F7             3C5F7  currentSFT
           3C5FF             3C5FF  currentHdl
           3C601             3C601  currBuff
           3C609             3C609  tempSect
           3C611             3C611  entries
           3C613             3C613  currClustF
           3C617             3C617  currClustD
           3C61B             3C61B  clustFact
           3C61C             3C61C  currSectF
           3C620             3C620  currSectC
           3C621             3C621  currSectD
           3C629             3C629  currByteS
           3C62B             3C62B  currByteF
           3C62F             3C62F  lastClust
           3C633             3C633  lastClustA
           3C637             3C637  bytesAdded
           3C63B             3C63B  tfrLen
           3C63F             3C63F  tfrCntr
           3C643             3C643  dirClust
           3C647             3C647  dirClustA
           3C64B             3C64B  dirSect
           3C64C             3C64C  dirEntry
           3C64D             3C64D  tmpDPBPtr
           3C655             3C655  critStack
           3CB7D             3CB7D  critStakTop
           3CB85             3CB85  scratchSFT
           3CBD4             3CBD4  AuxStack
           3D20C             3D20C  AuxStakTop
           3D214             3D214  DiskStack
           3D84C             3D84C  DiskStakTop
           3D854             3D854  diskChange
           3D855             3D855  lookahead
           3D856             3D856  inExtASCII
           3D856             3D856  noPrintTog
           3D857             3D857  dSegLen

---- Section dynamicDataArea --------------------------------------------------

Real              Virtual           Name
           40FF0             40FF0  ddaStart
           40FF0             40FF0  dosMCB
           41000             41000  firstDPB
           41035             41035  secondDPB
           4106A             4106A  DOSENDPTR
           4106A             4106A  thirdDPB
           4109F             4109F  fourthDPB
           410D4             410D4  fifthDPB
           41109             41109  tmpBufHdr
           41129             41129  msdTempBuffer

