
- NASM Map file ---------------------------------------------------------------

Source file:  ./Source/scpdos.asm
Output file:  ./Binaries/scpdos.sys

-- Program origin -------------------------------------------------------------

00000000

-- Sections (summary) ---------------------------------------------------------

Vstart            Start             Stop              Length    Class     Name
               0                 0               F28  00000F28  progbits  .text
           3D3EC               F28              383F  00002917  progbits  resSeg
               0                 0             3D3EC  0003D3EC  nobits    dSeg
           3FD10             3FD10             40FDA  000012CA  nobits    dynamicDataArea

-- Sections (detailed) --------------------------------------------------------

---- Section .text ------------------------------------------------------------

class:     progbits
length:                 F28
start:                    0
align:                    1
follows:   not defined
vstart:                   0
valign:    not defined
vfollows:  not defined

---- Section resSeg -----------------------------------------------------------

class:     progbits
length:                2917
start:                  F28
align:                    1
follows:   .text
vstart:               3D3EC
valign:                   1
vfollows:  dSeg

---- Section dSeg -------------------------------------------------------------

class:     nobits
length:               3D3EC
start:                    0
align:     not defined
follows:   not defined
vstart:                   0
valign:    not defined
vfollows:  not defined

---- Section dynamicDataArea --------------------------------------------------

class:     nobits
length:                12CA
start:                3FD10
align:     not defined
follows:   not defined
vstart:               3FD10
valign:                  10
vfollows:  resSeg

-- Symbols --------------------------------------------------------------------

---- No Section ---------------------------------------------------------------

Value     Name
00000000  drvHdr
00000000  drvHdr.nxtPtr
00000008  drvHdr.attrib
0000000A  drvHdr.strPtr
00000012  drvHdr.intPtr
0000001A  drvHdr.drvNam
00000022  drvHdr_size
00000000  drvINIT
00000001  drvMEDCHK
00000002  drvBUILDBPB
00000003  drvIOCTLREAD
00000004  drvREAD
00000005  drvNONDESTREAD
00000006  drvINSTATUS
00000007  drvFLUSHINBUF
00000008  drvWRITE
00000009  drvWRITEVERIFY
0000000A  drvOUTSTATUS
0000000B  drvFLUSHOUTBUF
0000000C  drvIOCTLWRITE
0000000D  drvOPEN
0000000E  drvCLOSE
0000000F  drvREMMEDCHECK
00000010  drvOUTTILBUSY
00000013  drvIOCTL
00000017  drvGETDRVMAP
00000018  drvSETDRVMAP
00000000  drvWPErr
00000001  drvBadUnit
00000002  drvNotReady
00000003  drvBadCmd
00000004  drvCRCErr
00000005  drvBadDrvReq
00000006  drvBadSeek
00000007  drvBadMed
00000008  drvSecNotFnd
00000009  drvNoPaper
0000000A  drvWriteFault
0000000B  drvReadFault
0000000C  drvGenFault
0000000F  drvBadDskChnge
00000000  drvReqHdr
00000000  drvReqHdr.hdrlen
00000001  drvReqHdr.unitnm
00000002  drvReqHdr.cmdcde
00000003  drvReqHdr.status
00000005  drvReqHdr.devptr
0000000D  drvReqHdr_size
00000000  initReqPkt
00000000  initReqPkt.hdrlen
00000001  initReqPkt.unitnm
00000002  initReqPkt.cmdcde
00000003  initReqPkt.status
00000005  initReqPkt.devptr
0000000D  initReqPkt.numunt
0000000E  initReqPkt.endptr
00000016  initReqPkt.optptr
0000001E  initReqPkt.drvnum
0000001F  initReqPkt_size
00000000  mediaCheckReqPkt
00000000  mediaCheckReqPkt.hdrlen
00000001  mediaCheckReqPkt.unitnm
00000002  mediaCheckReqPkt.cmdcde
00000003  mediaCheckReqPkt.status
00000005  mediaCheckReqPkt.devptr
0000000D  mediaCheckReqPkt.medesc
0000000E  mediaCheckReqPkt.medret
0000000F  mediaCheckReqPkt.desptr
00000017  mediaCheckReqPkt_size
00000000  bpbBuildReqPkt
00000000  bpbBuildReqPkt.hdrlen
00000001  bpbBuildReqPkt.unitnm
00000002  bpbBuildReqPkt.cmdcde
00000003  bpbBuildReqPkt.status
00000005  bpbBuildReqPkt.devptr
0000000D  bpbBuildReqPkt.medesc
0000000E  bpbBuildReqPkt.bufptr
00000016  bpbBuildReqPkt.bpbptr
0000001E  bpbBuildReqPkt_size
00000000  ioReqPkt
00000000  ioReqPkt.hdrlen
00000001  ioReqPkt.unitnm
00000002  ioReqPkt.cmdcde
00000003  ioReqPkt.status
00000005  ioReqPkt.devptr
0000000D  ioReqPkt.medesc
0000000E  ioReqPkt.bufptr
00000016  ioReqPkt.tfrlen
0000001A  ioReqPkt.strtsc
00000022  ioReqPkt.desptr
0000002A  ioReqPkt_size
00000000  nonDestInNoWaitReqPkt
00000000  nonDestInNoWaitReqPkt.hdrlen
00000001  nonDestInNoWaitReqPkt.unitnm
00000002  nonDestInNoWaitReqPkt.cmdcde
00000003  nonDestInNoWaitReqPkt.status
00000005  nonDestInNoWaitReqPkt.devptr
0000000D  nonDestInNoWaitReqPkt.retbyt
0000000E  nonDestInNoWaitReqPkt_size
00000000  statusReqPkt
00000000  statusReqPkt.hdrlen
00000001  statusReqPkt.unitnm
00000002  statusReqPkt.cmdcde
00000003  statusReqPkt.status
00000005  statusReqPkt.devptr
0000000D  statusReqPkt_size
00000000  flushReqPkt
00000000  flushReqPkt.hdrlen
00000001  flushReqPkt.unitnm
00000002  flushReqPkt.cmdcde
00000003  flushReqPkt.status
00000005  flushReqPkt.devptr
0000000D  flushReqPkt_size
00000000  openReqPkt
00000000  openReqPkt.hdrlen
00000001  openReqPkt.unitnm
00000002  openReqPkt.cmdcde
00000003  openReqPkt.status
00000005  openReqPkt.devptr
0000000D  openReqPkt_size
00000000  closeReqPkt
00000000  closeReqPkt.hdrlen
00000001  closeReqPkt.unitnm
00000002  closeReqPkt.cmdcde
00000003  closeReqPkt.status
00000005  closeReqPkt.devptr
0000000D  closeReqPkt_size
00000000  remMediaReqPkt
00000000  remMediaReqPkt.hdrlen
00000001  remMediaReqPkt.unitnm
00000002  remMediaReqPkt.cmdcde
00000003  remMediaReqPkt.status
00000005  remMediaReqPkt.devptr
0000000D  remMediaReqPkt_size
00000000  ioctlReqPkt
00000000  ioctlReqPkt.hdrlen
00000001  ioctlReqPkt.unitnm
00000002  ioctlReqPkt.cmdcde
00000003  ioctlReqPkt.status
00000005  ioctlReqPkt.devptr
0000000D  ioctlReqPkt.majfun
0000000E  ioctlReqPkt.minfun
0000000F  ioctlReqPkt.rsival
00000017  ioctlReqPkt.rdival
0000001F  ioctlReqPkt.ctlptr
00000027  ioctlReqPkt_size
00000000  getDevReqPkt
00000000  getDevReqPkt.hdrlen
00000001  getDevReqPkt.unitnm
00000002  getDevReqPkt.cmdcde
00000003  getDevReqPkt.status
00000005  getDevReqPkt.devptr
0000000D  getDevReqPkt_size
00000000  setDevReqPkt
00000000  setDevReqPkt.hdrlen
00000001  setDevReqPkt.unitnm
00000002  setDevReqPkt.cmdcde
00000003  setDevReqPkt.status
00000005  setDevReqPkt.devptr
0000000D  setDevReqPkt_size
00000000  bpb
00000000  bpb.jmpBoot
00000003  bpb.oemName
0000000B  bpb.bytsPerSec
0000000D  bpb.secPerClus
0000000E  bpb.revdSecCnt
00000010  bpb.numFATs
00000011  bpb.rootEntCnt
00000013  bpb.totSec16
00000015  bpb.media
00000016  bpb.FATsz16
00000018  bpb.secPerTrk
0000001A  bpb.numHeads
0000001C  bpb.hiddSec
00000020  bpb.totSec32
00000024  bpb.drvNum
00000025  bpb.reserved1
00000026  bpb.bootSig
00000027  bpb.volID
0000002B  bpb.volLab
00000036  bpb.filSysType
0000003E  bpb_size
00000000  bpb32
00000000  bpb32.jmpBoot
00000003  bpb32.oemName
0000000B  bpb32.bytsPerSec
0000000D  bpb32.secPerClus
0000000E  bpb32.revdSecCnt
00000010  bpb32.numFATs
00000011  bpb32.rootEntCnt
00000013  bpb32.totSec16
00000015  bpb32.media
00000016  bpb32.FATsz16
00000018  bpb32.secPerTrk
0000001A  bpb32.numHeads
0000001C  bpb32.hiddSec
00000020  bpb32.totSec32
00000024  bpb32.FATsz32
00000028  bpb32.extFlags
0000002A  bpb32.FSver
0000002C  bpb32.RootClus
00000030  bpb32.FSinfo
00000032  bpb32.BkBootSec
00000034  bpb32.reserved
00000040  bpb32.drvNum
00000041  bpb32.reserved1
00000042  bpb32.bootSig
00000043  bpb32.volID
00000047  bpb32.volLab
00000052  bpb32.filSysType
0000005A  bpb32_size
00000000  mbr
00000000  mbr.bsCode
000001B8  mbr.diskID
000001BC  mbr.reserved
000001BE  mbr.mbrEntry1
000001CE  mbr.mbrEntry2
000001DE  mbr.mbrEntry3
000001EE  mbr.mbrEntry4
000001FE  mbr.mbrSig
00000200  mbr_size
00000000  mbrEntry
00000000  mbrEntry.ptnAtrib
00000001  mbrEntry.chsStart
00000004  mbrEntry.ptnType
00000005  mbrEntry.chsEnd
00000008  mbrEntry.lbaStart
0000000C  mbrEntry.numSectors
00000010  mbrEntry_size
00000000  ebr
00000000  ebr.bsCode
000001BE  ebr.ebrVolHdr
000001CE  ebr.ebrLinkHdr
000001DE  ebr.reserved
000001FE  ebr.mbrSig
00000200  ebr_size
00000000  fatDirEntry
00000000  fatDirEntry.name
0000000B  fatDirEntry.attribute
0000000C  fatDirEntry.ntRes
0000000D  fatDirEntry.crtTimeT
0000000E  fatDirEntry.crtTime
00000010  fatDirEntry.crtDate
00000012  fatDirEntry.lastAccDat
00000014  fatDirEntry.fstClusHi
00000016  fatDirEntry.wrtTime
00000018  fatDirEntry.wrtDate
0000001A  fatDirEntry.fstClusLo
0000001C  fatDirEntry.fileSize
00000020  fatDirEntry_size
00000001  dirReadOnly
00000002  dirHidden
00000004  dirSystem
00000008  dirVolumeID
00000010  dirDirectory
00000020  dirArchive
0000000F  dirLongName
00000000  bpbEx
00000000  bpbEx.jmpBoot
00000003  bpbEx.oemName
0000000B  bpbEx.MustBeZero
00000040  bpbEx.partitionOffset
00000048  bpbEx.volumeLength
00000050  bpbEx.FAToffset
00000054  bpbEx.FATlength
00000058  bpbEx.clusterHeapOffset
0000005C  bpbEx.clusterCount
00000060  bpbEx.firstClusterOfRootDir
00000064  bpbEx.volumeSerialNum
00000068  bpbEx.FSrevision
0000006A  bpbEx.volumeFlags
0000006C  bpbEx.bytesPerSectorShift
0000006D  bpbEx.sectorsPerClusterShift
0000006E  bpbEx.numberOfFATs
0000006F  bpbEx.driveSelect
00000070  bpbEx.percentInUse
00000071  bpbEx.reserved
00000078  bpbEx_size
00000000  FSInfo
00000000  FSInfo.leadSig
00000004  FSInfo.reserved1
000001E4  FSInfo.strucSig
000001E8  FSInfo.freeCount
000001EC  FSInfo.nextFree
000001F0  FSInfo.reserved2
000001FC  FSInfo.trailSig
00000200  FSInfo_size
00000000  dpb
00000000  dpb.bDriveNumber
00000001  dpb.bUnitNumber
00000002  dpb.bBytesPerSectorShift
00000003  dpb.bMaxSectorInCluster
00000004  dpb.bSectorsPerClusterShift
00000005  dpb.wFAToffset
00000007  dpb.bNumberOfFATs
00000008  dpb.wNumberRootDirSectors
0000000A  dpb.dClusterHeapOffset
0000000E  dpb.dClusterCount
00000012  dpb.dFATlength
00000016  dpb.dFirstUnitOfRootDir
0000001A  dpb.qDriverHeaderPtr
00000022  dpb.bMediaDescriptor
00000023  dpb.bAccessFlag
00000024  dpb.qNextDPBPtr
0000002C  dpb.dFirstFreeCluster
00000030  dpb.dNumberOfFreeClusters
00000034  dpb_size
00000FF5  fat12MaxClustCnt
0000FFF5  fat16MaxClustCnt
00000000  cds
00000000  cds.sCurrentPath
00000043  cds.wFlags
00000045  cds.qDPBPtr
0000004D  cds.dStartCluster
00000051  cds.qReserved
00000059  cds.wBackslashOffset
0000005B  cds_size
00008000  cdsNetDrive
00004000  cdsPhysDrive
00002000  cdsJoinDrive
00001000  cdsSubstDrive
00000080  cdsRedirDrive
00000000  sfth
00000000  sfth.qNextSFTPtr
00000008  sfth.wNumFiles
0000000A  sfth_size
00000000  sft
00000000  sft.wNumHandles
00000002  sft.wOpenMode
00000004  sft.bFileAttrib
00000005  sft.wDeviceInfo
00000007  sft.qPtr
0000000F  sft.dStartClust
00000013  sft.wTime
00000015  sft.wDate
00000017  sft.dFileSize
0000001B  sft.dCurntOff
0000001F  sft.wRelSect
00000021  sft.dDirSect
00000025  sft.bNumDirEnt
00000026  sft.sFileName
00000031  sft.qPSPOwner
00000039  sft.dAbsClusr
0000003D  sft_size
00000000  ReadAccess
00000001  WriteAccess
00000002  RWAccess
00000000  CompatShare
00000010  denyRWShare
00000020  denyWriteShare
00000030  denyReadShare
00000040  denyNoneShare
00002000  critErrHdl
00004000  noBufferWrites
00008000  FCBopenedFile
00000001  readOnlyFile
00000002  hiddenFile
00000004  systemFile
00000008  volumeLabel
00000010  directoryFile
00000020  archiveFile
00000001  charDevConIn
00000002  charDevConOut
00000004  charDevNulDev
00000008  charDevClockDev
00000010  charDevFastOut
00000020  devBinary
00000040  charDevNoEOF
00000040  blokDevNotFlush
00000080  devCharDev
00000800  charDevNetSpool
00001000  devNoInherit
00002000  charDevNamePipe
00004000  blokDevDTSet
00008000  devRedirDev
00000000  bufferHdr
00000000  bufferHdr.nextBufPtr
00000008  bufferHdr.driveNumber
00000009  bufferHdr.bufferFlags
0000000A  bufferHdr.bufferLBA
00000012  bufferHdr.bufFATcopy
00000013  bufferHdr.bufFATsize
00000017  bufferHdr.driveDPBPtr
0000001F  bufferHdr.reserved
00000020  bufferHdr.dataarea
00000020  bufferHdr_size
00000001  dosBuffer
00000002  fatBuffer
00000004  dirBuffer
00000008  dataBuffer
00000020  refBuffer
00000040  dirtyBuffer
00000000  mcb
00000000  mcb.marker
00000001  mcb.owner
00000009  mcb.blockSize
0000000D  mcb.reserved
00000010  mcb.program
00000010  mcb_size
00000007  mcbOwnerHole
00000000  mcbOwnerFree
00000008  mcbOwnerDOS
0000004D  mcbMarkCtn
0000005A  mcbMarkEnd
00000000  callerFrame
00000000  callerFrame.rax
00000008  callerFrame.rbx
00000010  callerFrame.rcx
00000018  callerFrame.rdx
00000020  callerFrame.rsi
00000028  callerFrame.rdi
00000030  callerFrame.rbp
00000038  callerFrame.r8
00000040  callerFrame.r9
00000048  callerFrame.rip
00000050  callerFrame.cs
00000058  callerFrame.flags
00000060  callerFrame_size
00000000  fcb
00000000  fcb.driveNum
00000001  fcb.filename
00000009  fcb.fileext
0000000C  fcb.curBlock
0000000E  fcb.recordSize
00000010  fcb.fileSize
00000014  fcb.fileDate
00000016  fcb.fileTime
00000018  fcb.fcbByte
00000019  fcb.cluster
0000001D  fcb.reserved
00000020  fcb.recordNum
00000021  fcb.randRecrd
00000025  fcb_size
00000000  psp
00000000  psp.return
00000002  psp.startSeg
0000000A  psp.oldInt42h
00000012  psp.oldInt43h
0000001A  psp.oldInt44h
00000022  psp.parentPtr
0000002A  psp.jobFileTbl
0000003E  psp.envPtr
00000046  psp.rspPtr
0000004E  psp.xtraHdlSz
00000050  psp.unixEntry
00000053  psp.prevPSP
0000005B  psp.xtraHdlNum
0000005C  psp.fcb1
0000006C  psp.fcb2
00000080  psp.dta
00000080  psp.parmList
00000081  psp.progTail
00000100  psp_size
00000000  clkStruc
00000000  clkStruc.dateWord
00000002  clkStruc.minutes
00000003  clkStruc.hours
00000004  clkStruc.hseconds
00000005  clkStruc.seconds
00000006  clkStruc_size
0003C000  dosAPTsize
00000350  kernelDispatchTableL


---- Section .text ------------------------------------------------------------

Real              Virtual           Name
               0                 0  tempPSP
             1BE               1BE  pdtLoop
             1EA               1EA  pdptLoop
             1FC               1FC  mcbInit
             236               236  mcbInit.worst
             253               253  mcbInit.mcbi1
             2C4               2C4  mcbInit.skipISA
             301               301  mcbInit.mcbFindAddress
             304               304  mcbInit.mfa0
             314               314  mcbInit.mcbNoAddressFound
             319               319  mcbInit.mcbAddressFound
             321               321  mcbInit.mcbFail
             334               334  mcbInit.mcbFailmsg
             34E               34E  mcbBuild
             410               410  mcbBuild.skipISA
             48C               48C  mcbBuild.exit
             48C               48C  adjInt41h
             4A0               4A0  adjInt41h.ai41h
             4AE               4AE  adjInts
             4C5               4C5  adjInts.ai0
             4D0               4D0  adjInts.ai1
             4E3               4E3  debugPopUpMsg
             4EE               4EE  debugPopUpMsg.cls
             50B               50B  debugPopUpMsg.msg
             544               544  debugPopUpMsg.exit
             5A1               5A1  adjDrivers
             5C2               5C2  conInit
             5C2               5C2  conInit.ci0
             5CE               5CE  conInit.ci1
             606               606  tempBufferInit
             622               622  storageInits
             654               654  storageInits.si0
             68A               68A  storageInits.si1
             695               695  sectorSizeSearch
             6A1               6A1  sectorSizeSearch.findLargest
             6C2               6C2  tempCDS
             7DB               7DB  defaultFileHandles
             8C2               8C2  defaultFileHandles.dfhCon
             8CD               8CD  defaultFileHandles.dfhAux
             8D8               8D8  defaultFileHandles.dfhPrn
             8E3               8E3  defaultFileHandles.dfhExit
             8EE               8EE  debugFinal
             A43               A43  debugFinal.msg
             BC9               BC9  debugFinal.msg2
             BE1               BE1  l1
             BEB               BEB  l2
             BF3               BF3  l3
             C7E               C7E  l3.clkHexToBCD
             C99               C99  l3.chtb0
             CAB               CAB  l3.chtb1
             CBB               CBB  adjustDrvHdr
             CCE               CCE  errorInit
             CDC               CDC  errorInit.ei0
             CDF               CDF  strtmsg
             CF5               CF5  hltmsg
             D26               D26  conName
             D2A               D2A  auxName
             D2E               D2E  prnName
             D32               D32  intData
             D82               D82  nData
             DA4               DA4  diskInit
             DC6               DC6  diskInit.primary
             E01               E01  diskInit.checkPrimary
             E29               E29  diskInit.primaryFound
             E6B               E6B  diskInit.primaryEpilog
             E80               E80  diskInit.extended
             E80               E80  diskInit.remInit
             E88               E88  diskInit.removables
             EC9               EC9  diskInit.removableEpilogue
             EE1               EE1  diskInit.re0
             EE7               EE7  diskInit.end
             EF3               EF3  diskInit.singleRemDev
             F1A               F1A  diskInit.initReadSector

---- Section resSeg -----------------------------------------------------------

Real              Virtual           Name
             F28             3D3EC  dosMajor
             F29             3D3ED  dosMinor
             F2A             3D3EE  dosBIOSName
             F36             3D3FA  dosKernName
             F42             3D406  switchchar
             F43             3D407  debOldRSP
             F4B             3D40F  debascii
             F5B             3D41F  debMakeDebuggerRespond
             F6C             3D430  debMakeDebuggerRespond.waiting
             F7C             3D440  debMakeDebuggerRespond.timeout
             F88             3D44C  debMakeDebuggerRespond.msg
             FCA             3D48E  debMakeDebuggerRespond.msg2
             FE3             3D4A7  debPrintHexByte
            1006             3D4CA  debPrintHexByte.wrchar
            1016             3D4DA  debPrintNullString
            101E             3D4E2  debPrintNullString.getChar
            1029             3D4ED  debPrintNullString.exit
            102D             3D4F1  debPrintDOSStack
            10F5             3D5B9  debPrintDOSStack.a0
            11D9             3D69D  debPrintDOSStack.a1
            11F6             3D6BA  debDPBptr
            1212             3D6D6  debDPBptr.dpb
            1231             3D6F5  debDPBBPBptr
            125C             3D720  debDPBBPBptr.dpb
            129C             3D760  overlayByte
            12CB             3D78F  overlayWord
            12E8             3D7AC  overlayWord.ow0
            130E             3D7D2  overlayDword
            132B             3D7EF  overlayDword.od0
            1351             3D815  overlayQword
            136E             3D832  overlayQword.oq0
            1394             3D858  debPrintFunctionName
            13C1             3D885  debPrintFunctionName.dosString
            13D9             3D89D  debPrintFunctionName.number
            13DF             3D8A3  readBuffer
            13F0             3D8B4  readBuffer.rbExit
            13F1             3D8B5  readBuffer.rbExitNoFlag
            13F3             3D8B7  readBuffer.rbReadNewSector
            1421             3D8E5  readBuffer.rbNonFATbuffer
            1439             3D8FD  readSectorBuffer
            143E             3D902  readSectorBuffer.rsRequest0
            1443             3D907  readSectorBuffer.rsRequest1
            145A             3D91E  readSectorBuffer.rsExit
            145B             3D91F  readSectorBuffer.rsExitBad
            1461             3D925  readSectorBuffer.rsFail
            146B             3D92F  flushBuffer
            1476             3D93A  flushBuffer.fbRequest0
            147B             3D93F  flushBuffer.fbRequest1
            14A9             3D96D  flushBuffer.fbFreeExit
            14AE             3D972  flushBuffer.fbExitBad
            14B4             3D978  flushBuffer.fbFail
            14BE             3D982  findLRUBuffer
            14D5             3D999  findLRUBuffer.flbWalk
            14F1             3D9B5  findLRUBuffer.flbHeadLink
            1502             3D9C6  findLRUBuffer.flbExit
            1504             3D9C8  findLRUBuffer.flbFreeLink
            150E             3D9D2  findDirtyBufferForDrive
            1515             3D9D9  findDirtyBufferForDrive.fdbfdCheckBuffer
            1520             3D9E4  findDirtyBufferForDrive.fdbfdExit
            1521             3D9E5  findDirtyBufferForDrive.fdbfdGotoNextBuffer
            152F             3D9F3  findSectorInBuffer
            1536             3D9FA  findSectorInBuffer.fsiCheckBuffer
            1541             3DA05  findSectorInBuffer.fsiExit
            1542             3DA06  findSectorInBuffer.fsiGotoNextBuffer
            1550             3DA14  name2Clust
            1584             3DA48  name2Clust.localFileNoRoot
            1584             3DA48  name2Clust.relPath
            1584             3DA48  name2Clust.fullPath
            1584             3DA48  name2Clust.exit
            1589             3DA4D  searchDirectorySectorForEntry
            159A             3DA5E  searchDirectorySectorForEntry.searchDir
            15A1             3DA65  searchDirectorySectorForEntry.searchLoop
            15B7             3DA7B  searchDirectorySectorForEntry.specRet
            15BE             3DA82  searchDirectorySectorForEntry.skipChar
            15CF             3DA93  searchDirectorySectorForEntry.specialCase
            15D3             3DA97  searchDirectorySectorForEntry.dotCase
            15DB             3DA9F  searchDirectorySectorForEntry.nameNotFound
            15ED             3DAB1  searchDirectorySectorForEntry.exitNotOK
            15EE             3DAB2  searchDirectorySectorForEntry.exitOk
            15F1             3DAB5  searchDirectorySectorForEntry.nameFound
            15F6             3DABA  getFATtype
            1616             3DADA  getFATtype.exit
            1618             3DADC  clust2FATEntry
            1635             3DAF9  clust2FATEntry.fat12
            1642             3DB06  clust2FATEntry.fat32
            164A             3DB0E  clust2FATEntry.common
            1663             3DB27  getStartSectorOfCluster
            1675             3DB39  getNextSectorOfFile
            168A             3DB4E  getNextSectorOfFile.getSector
            16C4             3DB88  getNextSectorOfFile.getSectorRead
            16D5             3DB99  getNextSectorOfFile.getSectorExit
            16DB             3DB9F  getNextSectorOfFile.OSFile
            16DF             3DBA3  getNextSectorOfFile.getSectorFailed
            16E4             3DBA8  getNextSectorOfFile.gotoNextCluster
            1715             3DBD9  getNextSectorOfFile.goToNextClusterCommonFat32
            171E             3DBE2  getNextSectorOfFile.goToNextClusterCommon
            172E             3DBF2  getNextSectorOfFile.gotoNextClusterFat12
            1763             3DC27  getNextSectorOfFile.gotoNextClusterFat12NoCross
            176D             3DC31  getNextSectorOfFile.gotoNextClusterFat12Even
            1779             3DC3D  makeDIR
            1779             3DC3D  removeDIR
            1779             3DC3D  changeCurrentDIR
            1779             3DC3D  getCurrentDIR
            1779             3DC3D  getSetFileDateTime
            1779             3DC3D  trueName
            177A             3DC3E  stdinReadEcho
            17E7             3DCAB  stdinReadEcho.stdireexit
            17EE             3DCB2  stdinReadEcho.stdinReadEchoBuffer
            17EF             3DCB3  stdoutWrite
            1828             3DCEC  stdoutWrite.stdoutWriteBuffer
            1829             3DCED  stdauxRead
            1829             3DCED  stdauxWrite
            1829             3DCED  stdprnWrite
            1829             3DCED  directCONIO
            1829             3DCED  waitDirectInNoEcho
            1862             3DD26  waitDirectInNoEcho.function7buffer
            1863             3DD27  waitStdinNoEcho
            1864             3DD28  printString
            186E             3DD32  printString.ps0
            1875             3DD39  printString.ps1
            18A6             3DD6A  buffStdinInput
            18A6             3DD6A  checkStdinStatus
            18A6             3DD6A  clearbuffDoFunc
            18A6             3DD6A  openFileFCB
            18A6             3DD6A  closeFileFCB
            18A6             3DD6A  findFirstFileFCB
            18A6             3DD6A  findNextFileFCB
            18A6             3DD6A  deleteFileFCB
            18A6             3DD6A  sequentialReadFCB
            18A6             3DD6A  sequentialWriteFCB
            18A6             3DD6A  createFileFCB
            18A6             3DD6A  renameFileFCB
            18A7             3DD6B  setDTA
            18BA             3DD7E  randomReadFCB
            18BA             3DD7E  randomWriteFCB
            18BA             3DD7E  getFileSizeFCB
            18BA             3DD7E  setRelRecordFCB
            18BA             3DD7E  randBlockReadFCB
            18BA             3DD7E  randBlockWriteFCB
            18BA             3DD7E  parseFilenameFCB
            18BB             3DD7F  getDTA
            18CE             3DD92  createFileHdl
            18CE             3DD92  openFileHdl
            18CE             3DD92  closeFileHdl
            18CF             3DD93  readFileHdl
            18E9             3DDAD  readFileHdl.rfh2
            18FB             3DDBF  readFileHdl.rfhASCII
            1902             3DDC6  readFileHdl.rfhExitOK
            1908             3DDCC  readFileHdl.rfCriticalError
            1908             3DDCC  readFileHdl.rfhErrorHandle
            1908             3DDCC  readFileHdl.rfhNoPermission
            1908             3DDCC  writeFileHdl
            1919             3DDDD  writeFileHdl.wfCriticalError
            1919             3DDDD  writeFileHdl.wfhErrorHandle
            1919             3DDDD  writeFileHdl.wfhNoPermission
            1919             3DDDD  deleteFileHdl
            1919             3DDDD  movFileReadPtr
            1919             3DDDD  changeFileModeHdl
            1919             3DDDD  ioctrl
            1919             3DDDD  duplicateHandle
            1919             3DDDD  forceDuplicateHdl
            1919             3DDDD  findFirstFileHdl
            1919             3DDDD  findNextFileHdl
            1919             3DDDD  renameFile
            1919             3DDDD  createUniqueFile
            1919             3DDDD  createNewFile
            1919             3DDDD  lockUnlockFile
            1919             3DDDD  setHandleCount
            1919             3DDDD  commitFile
            191A             3DDDE  getSFTPtr
            1932             3DDF6  getSFTPtr.gsp0
            1948             3DE0C  getSFTPtr.gsp1
            1958             3DE1C  getSFTPtr.gsp11
            1963             3DE27  getSFTPtr.gsp12
            1964             3DE28  getSFTPtr.gspFail
            1966             3DE2A  readASCIIBytesFromFile
            1967             3DE2B  readBinaryBytesFromFile
            196F             3DE33  readBinaryBytesFromFile.readBinaryBytesFromHardFile
            19CB             3DE8F  readBinaryBytesFromFile.readBinaryBytesFromHardFileError
            19CB             3DE8F  readBinaryBytesFromFile.readBinaryBytesFromCharDevice
            19FD             3DEC1  readBinaryBytesFromFile.readBinaryBytesExitGood
            19FE             3DEC2  allocateMemory
            19FE             3DEC2  freeMemory
            19FE             3DEC2  reallocMemory
            19FE             3DEC2  getsetMallocStrat
            19FF             3DEC3  verifyIntegrityOfMCBChain
            1A06             3DECA  verifyIntegrityOfMCBChain.ok
            1A10             3DED4  verifyIntegrityOfMCBChain.exit
            1A11             3DED5  verifyIntegrityOfMCBChain.ok1
            1A26             3DEEA  verifyIntegrityOfMCBChain.sysHalt
            1A3B             3DEFF  verifyIntegrityOfMCBChain.sysHltString
            1A77             3DF3B  getDate
            1A77             3DF3B  setDate
            1A77             3DF3B  getTime
            1A77             3DF3B  setTime
            1A78             3DF3C  getsetSwitchChar
            1A78             3DF3C  getsetCountryInfo
            1A78             3DF3C  getExtLocalInfo
            1A78             3DF3C  getsetGlobalCP
            1A79             3DF3D  criticalDOSError
            1AA1             3DF65  findDPB
            1AA8             3DF6C  findDPB.fd1
            1ABE             3DF82  findDPB.fd2
            1B00             3DFC4  findDPB.l0000
            1B1C             3DFE0  findDPB.l0001
            1B3C             3E000  getCDS
            1B5B             3E01F  terminateProcess
            1B5D             3E021  terminateHandler
            1B5D             3E021  ctrlCHandler
            1B5F             3E023  absDiskWrite
            1B96             3E05A  absDiskWrite.l0000
            1BA9             3E06D  absDiskWrite.l0001
            1BD6             3E09A  absDiskRead
            1C0D             3E0D1  absDiskRead.l0000
            1C20             3E0E4  absDiskRead.l0001
            1C45             3E109  absDiskReadWriteCommon
            1CAB             3E16F  absDiskReadWriteCommon.absDiskError
            1CD1             3E195  absDiskReadWriteCommon.absExit
            1CD3             3E197  terminateResident
            1CD3             3E197  inDosHandler
            1CD5             3E199  fastOutput
            1CDD             3E1A1  passCommand
            1CDF             3E1A3  multiplex
            1CE1             3E1A5  functionDispatch
            1D1D             3E1E1  functionDispatch.l0000
            1D32             3E1F6  functionDispatch.l0001
            1D8D             3E251  functionDispatch.fsbegin
            1DC7             3E28B  functionDispatch.fsb1
            1E14             3E2D8  functionDispatch.fddiskOp
            1E40             3E304  functionDispatch.fdGoToFunction
            1EE0             3E3A4  functionDispatch.l0002
            1EF4             3E3B8  functionDispatch.l0003
            1F60             3E424  functionDispatch.fdExit
            1F8C             3E450  functionDispatch.fdExitBad
            1F90             3E454  simpleTerminate
            1F91             3E455  diskReset
            1F98             3E45C  diskReset.drCheckBuffer
            1F9E             3E462  diskReset.drFlushBuffer
            1FA5             3E469  diskReset.drGotoNextBuffer
            1FB3             3E477  diskReset.drError
            1FCD             3E491  diskReset.drErrorMain
            201E             3E4E2  diskReset.drIgnore
            2027             3E4EB  selectDisk
            2047             3E50B  selectDisk.error
            2078             3E53C  getCurrentDisk
            207F             3E543  FATinfoDefault
            2081             3E545  FATinfoDevice
            208D             3E551  FATinfoDevice.fidSkipdefault
            208F             3E553  FATinfoDevice.fidMain
            20C9             3E58D  FATinfoDevice.fidDPBFound
            20F5             3E5B9  setIntVector
            2120             3E5E4  createNewPSP
            2121             3E5E5  setResetVerify
            212F             3E5F3  getDOSversion
            2146             3E60A  terminateStayRes
            2147             3E60B  getCurrentDPBptr
            2149             3E60D  getDeviceDPBptr
            2155             3E619  getDeviceDPBptr.gddpskipdefault
            2157             3E61B  getDeviceDPBptr.gddpcommon
            217F             3E643  getDeviceDPBptr.gddpMediaCheck
            21F1             3E6B5  getDeviceDPBptr.gddpBuildBPB
            21FB             3E6BF  getDeviceDPBptr.gddpBuildBPBFlush
            220F             3E6D3  getDeviceDPBptr.gddpBuildBPBInvalidateBuffer
            2286             3E74A  getDeviceDPBptr.gddpretdbp
            2298             3E75C  getDeviceDPBptr.gddpretdpbFail
            22B1             3E775  getDeviceDPBptr.gddpError
            22CC             3E790  getDeviceDPBptr.gddpE0
            22CE             3E792  getDeviceDPBptr.gddpE1
            231E             3E7E2  getDeviceDPBptr.gddpErrorType2
            233A             3E7FE  getDeviceDPBptr.gddpErrorType2main
            23A7             3E86B  getDeviceDPBptr.gddpErrorType2FatDir
            23C1             3E885  ctrlBreakCheck
            23CB             3E88F  ctrlBreakCheck.cbcget
            23D3             3E897  getInDOSflagPtr
            23E6             3E8AA  getIntVector
            23FD             3E8C1  getDiskFreeSpace
            2409             3E8CD  getDiskFreeSpace.gdfsSkipdefault
            240B             3E8CF  getDiskFreeSpace.gdfsMain
            2448             3E90C  getDiskFreeSpace.gdfsDPBFound
            2473             3E937  loadExecChild
            2473             3E937  terminateClean
            2473             3E937  getRetCodeChild
            2474             3E938  setCurrProcessID
            247D             3E941  getCurrProcessID
            2486             3E94A  getSysVarsPtr
            2499             3E95D  createDPB
            24BA             3E97E  createDPB.cd0
            24C3             3E987  createDPB.cd1
            24D2             3E996  createDPB.cd2
            24DA             3E99E  createDPB.cd3
            252E             3E9F2  createDPB.cd4
            256F             3EA33  createDPB.cd5
            25BE             3EA82  createDPB.l0000
            25E6             3EAAA  createDPB.l0001
            2606             3EACA  getVerifySetting
            260D             3EAD1  createPSP
            260E             3EAD2  getExtendedError
            2639             3EAFD  getCritErrorInfo
            2639             3EAFD  networkServices
            2639             3EAFD  networkRedirection
            263A             3EAFE  getPSPaddr
            2643             3EB07  setDriverLookahead
            2645             3EB09  getsetDiskSerial
            2645             3EB09  return
            2646             3EB0A  kernelDispatchTable
            2996             3EE5A  critErrorHandler
            2A10             3EED4  critErrorHandler.userInput
            2A1B             3EEDF  critErrorHandler.userAbort
            2A26             3EEEA  critErrorHandler.userRetry
            2A41             3EF05  critErrorHandler.userIgnore
            2A5C             3EF20  critErrorHandler.userFail
            2A77             3EF3B  critErrorHandler.userMsgEnd
            2A95             3EF59  critErrorHandler.uip1
            2AA7             3EF6B  critErrorHandler.validInput
            2AB5             3EF79  critErrorHandler.viFail
            2AC0             3EF84  critErrorHandler.viIgnore
            2ACB             3EF8F  critErrorHandler.viRetry
            2AD4             3EF98  critErrorHandler.cehExit
            2ADB             3EF9F  critErrorHandler.charError
            2AE7             3EFAB  critErrorHandler.ce1
            2AF5             3EFB9  critErrorHandler.errorMsgTable
            2BDF             3F0A3  critErrorHandler.drive
            2BE6             3F0AA  critErrorHandler.readmsg
            2BF5             3F0B9  critErrorHandler.writemsg
            2C04             3F0C8  critErrorHandler.crlf
            2C07             3F0CB  critErrorHandler.abortmsg
            2C0D             3F0D1  critErrorHandler.ignoremsg
            2C14             3F0D8  critErrorHandler.retrymsg
            2C1A             3F0DE  critErrorHandler.failmsg
            2C1F             3F0E3  critErrorHandler.betweenMsg
            2C22             3F0E6  critErrorHandler.endMsg
            2C25             3F0E9  critErrorHandler.responses
            2C29             3F0ED  drivers
            2C29             3F0ED  conHdr
            2C4B             3F10F  auxHdr
            2C6D             3F131  prnHdr
            2C8F             3F153  clkHdr
            2CB1             3F175  msdHdr
            2CD3             3F197  com1Hdr
            2CF5             3F1B9  com2Hdr
            2D17             3F1DB  com3Hdr
            2D39             3F1FD  com4Hdr
            2D5B             3F21F  lpt1Hdr
            2D7D             3F241  lpt2Hdr
            2D9F             3F263  lpt3Hdr
            2DC1             3F285  reqHdrPtr
            2DC9             3F28D  commonStrat
            2DD1             3F295  nulStrat
            2DD7             3F29B  nulIntr
            2DD8             3F29C  conDriver
            2E1E             3F2E2  conDriver.conWriteErrorCode
            2E24             3F2E8  conDriver.conExit
            2E2D             3F2F1  conDriver.conRead
            2E3C             3F300  conDriver.cre1
            2E4E             3F312  conDriver.cre11
            2E59             3F31D  conDriver.cre12
            2E5D             3F321  conDriver.cre2
            2E64             3F328  conDriver.cre3
            2E73             3F337  conDriver.conNondestructiveRead
            2E89             3F34D  conDriver.cnr0
            2E91             3F355  conDriver.cnr1
            2E9C             3F360  conDriver.cnr2
            2EA4             3F368  conDriver.conInputStatus
            2EB4             3F378  conDriver.conFlushInputBuffers
            2EC6             3F38A  conDriver.cfib0
            2ED6             3F39A  conDriver.conWrite
            2EE9             3F3AD  conDriver.cw1
            2EF5             3F3B9  conDriver.cw2
            2EFF             3F3C3  conDriver.conOutputStatus
            2F0F             3F3D3  conDriver.conBuf
            2F10             3F3D4  clkDriver
            2F4E             3F412  clkDriver.clkNotFunctioning
            2F50             3F414  clkDriver.clkWriteErrorCode
            2F56             3F41A  clkDriver.clkExit
            2F63             3F427  clkDriver.clkRead
            2F91             3F455  clkDriver.clkr1
            2FC8             3F48C  clkDriver.clkInputStatus
            2FD4             3F498  clkDriver.clkFlushInputBuffers
            2FE4             3F4A8  clkDriver.clkWrite
            303C             3F500  clkDriver.clkBCDtoHex
            3050             3F514  clkDriver.cbth0
            3059             3F51D  clkDriver.clkHexToBCD
            305F             3F523  clkDriver.chtb0
            306F             3F533  clkDriver.chtb1
            3076             3F53A  clkDriver.clkDate
            3078             3F53C  clkDriver.clkLeapYears
            3091             3F555  clkDriver.clkMonths
            309D             3F561  com1Intr
            30A6             3F56A  com2Intr
            30AF             3F573  com3Intr
            30B8             3F57C  com4Intr
            30BF             3F583  comIntr
            310D             3F5D1  comIntr.comErrorNoCount
            3111             3F5D5  comIntr.comReadError
            3116             3F5DA  comIntr.comWriteError
            311B             3F5DF  comIntr.comError
            312A             3F5EE  comIntr.comWriteErrorCode
            3130             3F5F4  comIntr.comExit
            313D             3F601  comIntr.comRead
            314A             3F60E  comIntr.cr1
            314F             3F613  comIntr.cr11
            316A             3F62E  comIntr.cre2
            316F             3F633  comIntr.comReadInputStatus
            317E             3F642  comIntr.comNondestructiveRead
            3185             3F649  comIntr.cndr1
            31A4             3F668  comIntr.cndr2
            31AC             3F670  comIntr.comFlushInputBuffers
            31B7             3F67B  comIntr.cfib0
            31D6             3F69A  comIntr.comWrite
            31E7             3F6AB  comIntr.cw1
            3203             3F6C7  comIntr.cw2
            320B             3F6CF  comIntr.comOutputStatus
            3241             3F705  comIntr.comDevice
            3242             3F706  msdDriver
            3296             3F75A  msdDriver.msdDriverExit
            32A6             3F76A  msdDriver.msdIOError
            32B1             3F775  msdDriver.msdGenDiskError
            331C             3F7E0  msdDriver.msdWriteErrorCode
            3323             3F7E7  msdDriver.msdTable
            3355             3F819  msdDriver.msdMedChk
            338D             3F851  msdDriver.mmcNoChangeLine
            339A             3F85E  msdDriver.mmcChange
            33AA             3F86E  msdDriver.mmcUnsure
            33AF             3F873  msdDriver.mmcNoChange
            33B4             3F878  msdDriver.msdBuildBPB
            3405             3F8C9  msdDriver.mbbpb0
            3428             3F8EC  msdDriver.msdIOCTLRead
            3434             3F8F8  msdDriver.msdRead
            3444             3F908  msdDriver.msdr0
            346C             3F930  msdDriver.msdWrite
            347C             3F940  msdDriver.msdw0
            34A4             3F968  msdDriver.msdWriteVerify
            34B4             3F978  msdDriver.msdwv0
            34E9             3F9AD  msdDriver.msdIOCTLWrite
            34F5             3F9B9  msdDriver.msdDevOpen
            3510             3F9D4  msdDriver.msdDevClose
            352B             3F9EF  msdDriver.msdRemovableMedia
            3556             3FA1A  msdDriver.msdGenericIOCTL
            3562             3FA26  msdDriver.msdGetLogicalDev
            3577             3FA3B  msdDriver.msdSetLogicalDev
            358C             3FA50  msdDriver.msdBlkIOCommon
            35AB             3FA6F  msdDriver.msdDefLabel
            35B4             3FA78  msdDriver.msdCurDev
            35B5             3FA79  msdDriver.msdBIOSmap
            35BA             3FA7E  msdDriver.msdHdlCnt
            35BF             3FA83  msdDriver.msdBPBTbl
            35E7             3FAAB  msdDriver.msdBPBblks
            383F             3FD03  endptr

---- Section dSeg -------------------------------------------------------------

Real              Virtual           Name
               0                 0  dosAPT
           3C000             3C000  dosDataArea
           3C000             3C000  dosSegPtr
           3C008             3C008  biosUBase
           3C010             3C010  bootDrive
           3C011             3C011  numRemDrv
           3C012             3C012  numFixDrv
           3C013             3C013  numLogDrv
           3C014             3C014  loProtMem
           3C018             3C018  hiProtMem
           3C01C             3C01C  longMem
           3C024             3C024  charReqHdr
           3C04E             3C04E  diskReqHdr
           3C078             3C078  mcbChainPtr
           3C080             3C080  sysVarsPtr
           3C080             3C080  dpbHeadPtr
           3C088             3C088  sftHeadPtr
           3C090             3C090  clockPtr
           3C098             3C098  conPtr
           3C0A0             3C0A0  maxBytesSec
           3C0A2             3C0A2  bufHeadPtr
           3C0AA             3C0AA  cdsHeadPtr
           3C0B2             3C0B2  lastdrvNum
           3C0B3             3C0B3  sfcbHeadPtr
           3C0BB             3C0BB  numSafeSFCB
           3C0BD             3C0BD  numJoinDrv
           3C0BE             3C0BE  nulDevHdr
           3C0E0             3C0E0  critErrFlag
           3C0E1             3C0E1  inDOS
           3C0E2             3C0E2  errorDrv
           3C0E3             3C0E3  errorLocus
           3C0E4             3C0E4  errorExt
           3C0E6             3C0E6  errorAction
           3C0E7             3C0E7  errorClass
           3C0E8             3C0E8  currentDTA
           3C0F0             3C0F0  currentPSP
           3C0F8             3C0F8  rdiErrorPtr
           3C100             3C100  xInt43hRSP
           3C108             3C108  lastRetCode
           3C10A             3C10A  currentDrv
           3C10B             3C10B  breakFlag
           3C10C             3C10C  verifyFlag
           3C10D             3C10D  xInt44hRSP
           3C115             3C115  singleDrv
           3C116             3C116  Int44RetVal
           3C117             3C117  Int44bitfld
           3C118             3C118  int48Flag
           3C119             3C119  oldoldRSP
           3C121             3C121  oldRSP
           3C129             3C129  oldRBX
           3C131             3C131  CLOCKrecrd
           3C137             3C137  dayOfMonth
           3C138             3C138  monthOfYear
           3C139             3C139  years
           3C13A             3C13A  daysOffset
           3C13C             3C13C  dayOfWeek
           3C13D             3C13D  asciiBuffer
           3C23C             3C23C  critStack
           3C764             3C764  critStakTop
           3C76C             3C76C  IOStack
           3CDA4             3CDA4  IOStakTop
           3CDAC             3CDAC  DiskStack
           3D3E4             3D3E4  DiskStakTop
           3D3EC             3D3EC  dSegLen

---- Section dynamicDataArea --------------------------------------------------

Real              Virtual           Name
           3FD10             3FD10  dosMCB
           3FD20             3FD20  firstSftHeader
           3FD2A             3FD2A  firstSft
           3FD67             3FD67  secondSft
           3FDA4             3FDA4  thirdSft
           3FDE1             3FDE1  fourthSft
           3FE1E             3FE1E  fifthSft
           3FE5B             3FE5B  firstDPB
           3FE8F             3FE8F  secondDPB
           3FEC3             3FEC3  DOSENDPTR
           3FEC3             3FEC3  thirdDPB
           3FEF7             3FEF7  fourthDPB
           3FF2B             3FF2B  fifthDPB
           3FF5F             3FF5F  initCDS
           3FFBA             3FFBA  tmpBufHdr
           3FFDA             3FFDA  msdTempBuffer
           40FDA             40FDA  dynamicDataAreaLength

