
Memory Configuration

Name             Origin             Length             Attributes
*default*        0x0000000000000000 0xffffffffffffffff

Linker script and memory map

LOAD ./bin/oem.obj
LOAD ./bin/sys.obj
LOAD ./bin/krn.obj
LOAD ./bin/drv.obj
                0x0000000000000000                __image_base__ = 0x0
                0x0000000000000000                __dll__ = 0x0
                0x0000000000000000                __ImageBase = 0x0
                0x0000000000000001                __section_alignment__ = 0x1
                0x0000000000000001                __file_alignment__ = 0x1
                0x0000000000000004                __major_os_version__ = 0x4
                0x0000000000000000                __minor_os_version__ = 0x0
                0x0000000000000000                __major_image_version__ = 0x0
                0x0000000000000000                __minor_image_version__ = 0x0
                0x0000000000000005                __major_subsystem_version__ = 0x5
                0x0000000000000002                __minor_subsystem_version__ = 0x2
                0x0000000000000003                __subsystem__ = 0x3
                0x0000000000200000                __size_of_stack_reserve__ = 0x200000
                0x0000000000001000                __size_of_stack_commit__ = 0x1000
                0x0000000000100000                __size_of_heap_reserve__ = 0x100000
                0x0000000000001000                __size_of_heap_commit__ = 0x1000
                0x0000000000000000                __loader_flags__ = 0x0
                0x0000000000000100                __dll_characteristics__ = 0x100

.text           0x0000000000000000        0x0
 .text          0x0000000000000000        0x0 ./bin/sys.obj
 .text          0x0000000000000000        0x0 ./bin/krn.obj
 .text          0x0000000000000000        0x0 ./bin/drv.obj

oem$            0x0000000000000000      0x670
 ./bin/oem.obj()
 .text          0x0000000000000000        0x0 ./bin/oem.obj
 otext          0x0000000000000000      0x666 ./bin/oem.obj
                0x0000000000000351                OEMMCBINIT
                0x00000000000005ff                OEMHALT
                0x0000000000000643                OEMCALLBK
 odata          0x0000000000000666        0x0 ./bin/oem.obj

sys$            0x0000000000000666     0x1688
 ./bin/sys.obj(stext)
 stext          0x0000000000000666     0x1369 ./bin/sys.obj
                0x0000000000000666                SYSENTRY
 ./bin/sys.obj(sdata)
 sdata          0x00000000000019cf      0x31c ./bin/sys.obj
                0x0000000000001b8b                FINALDOSPTR
                0x0000000000001b93                MCBANCHOR
                0x0000000000001b9b                FILES
                0x0000000000001b9c                BUFFERS
                0x0000000000001b9d                DFLTDRIVE
                0x0000000000001b9e                LASTDRIVE
                0x0000000000001b9f                OEMBIOS
                0x0000000000001ba0                OEMPTR
                0x0000000000001ba0                OEMMEMPTR
                0x0000000000001ba8                OEMVERSION
                0x0000000000001ceb                dosResStart = .

dos$bss         0x0000000000000000     0x1a81
 ./bin/krn.obj(dBSS)
 dBSS           0x0000000000000000     0x1a81 ./bin/krn.obj
                0x0000000000000000                anchorMcb
                0x0000000000000010                bootDrive
                0x0000000000000011                biosVers
                0x0000000000000015                biosPtr
                0x000000000000001f                shareCount
                0x0000000000000021                shareDelay
                0x0000000000000033                mcbChainPtr
                0x000000000000003b                dpbHeadPtr
                0x0000000000000043                sftHeadPtr
                0x000000000000004b                clockPtr
                0x0000000000000053                vConPtr
                0x000000000000005b                maxBytesSec
                0x000000000000005d                bufHeadPtr
                0x0000000000000065                cdsHeadPtr
                0x000000000000006d                fcbsHeadPtr
                0x0000000000000077                numPhysVol
                0x0000000000000078                lastdrvNum
                0x0000000000000079                numBuffers
                0x000000000000007a                nulDevHdr
                0x000000000000009d                numFiles
                0x000000000000009e                dosMgrHooks
                0x00000000000000af                dllHooks
                0x00000000000000bf                shareHooks
                0x0000000000000137                firstSftHeader
                0x00000000000003d1                switchChar
                0x00000000000003d6                machineName
                0x00000000000003e6                critPtchTbl
                0x0000000000000409                errorDrv
                0x0000000000000417                currentDTA
                0x000000000000041f                currentPSP
                0x000000000000048e                dayOfMonth
                0x000000000000048f                monthOfYear
                0x000000000000073a                currentNdx
                0x00000000000019e2                serverDispTblPtr

dos$            0x0000000000001a81     0x7fe4
 ./bin/krn.obj(dtext)
 dtext          0x0000000000001a81     0x7fe3 ./bin/krn.obj
                0x0000000000001a83                dosBIOSName
                0x0000000000001ab3                extKeyFunc
                0x0000000000001c56                charTableArray.ucTable
                0x0000000000001c56                charTableArray
                0x0000000000001c5f                charTableArray.filenameUCTable
                0x0000000000001c68                charTableArray.filenameTerminatingTable
                0x0000000000001c71                charTableArray.collatingTable
                0x0000000000001c81                ctryTbl
                0x0000000000002110                serverDispTbl
                0x0000000000004849                editKeys
                0x00000000000075d1                terminateProcess
                0x00000000000075d8                terminateRes
                0x00000000000081a3                caseMapFunc
                0x0000000000008410                i0
                0x0000000000008417                i1
                0x0000000000008421                i2
                0x000000000000842b                i3
                0x0000000000008435                i4
                0x000000000000843f                i5
                0x0000000000008446                i6
                0x000000000000844d                i7
                0x0000000000008454                i8
                0x000000000000845b                i9
                0x0000000000008462                i10
                0x0000000000008469                i11
                0x0000000000008470                i12
                0x0000000000008477                i13
                0x000000000000847e                i14
                0x0000000000008485                i15
                0x000000000000848c                i16
                0x0000000000008493                i17
                0x000000000000849a                i18
                0x00000000000084a1                i19
                0x00000000000084a8                i20
                0x00000000000084af                i21
                0x000000000000880e                dosDefCritErrHdlr
                0x0000000000008827                nulStrat
                0x000000000000882d                nulIntr
                0x00000000000088c9                absDiskWrite
                0x00000000000088e8                absDiskRead
                0x0000000000008fb4                functionDispatch
                0x000000000000910c                defaultIretq
                0x000000000000913c                dosCrit1Enter
                0x0000000000009146                dosCrit1Exit
                0x0000000000009150                dosCrit2Enter
                0x000000000000915a                dosCrit2Exit
                0x0000000000009860                multiplexHdlr
                0x0000000000009954                badDfltShareHook
                0x000000000000995a                goodDfltShareHook

drv$            0x0000000000009a64     0x1124
                0x0000000000009a64                drv$_start = .
 ./bin/drv.obj(kDrvDat)
 kDrvDat        0x0000000000009a64      0x1a0 ./bin/drv.obj
 ./bin/drv.obj(kDrvText)
 kDrvText       0x0000000000009c04      0xf83 ./bin/drv.obj
                0x000000000000ab87                dosResLen = .

drv$bss         0x000000000000ab90     0x1010
 ./bin/drv.obj(kDrvBSS)
 kDrvBSS        0x000000000000ab90     0x1010 ./bin/drv.obj
                0x000000000000bba0                dosEnd = ALIGN (0x10)
OUTPUT(./bin/dos.exe pei-x86-64)
