
Memory Configuration

Name             Origin             Length             Attributes
*default*        0x0000000000000000 0xffffffffffffffff

Linker script and memory map

LOAD ./bin/oem.obj
LOAD ./bin/sys.obj
LOAD ./bin/krn.obj
LOAD ./bin/drv.obj
                0x0000000000000000                __image_base__ = 0x0
                0x0000000000000000                __dll__ = 0x0
                0x0000000000000000                __ImageBase = 0x0
                0x0000000000000001                __section_alignment__ = 0x1
                0x0000000000000001                __file_alignment__ = 0x1
                0x0000000000000004                __major_os_version__ = 0x4
                0x0000000000000000                __minor_os_version__ = 0x0
                0x0000000000000000                __major_image_version__ = 0x0
                0x0000000000000000                __minor_image_version__ = 0x0
                0x0000000000000005                __major_subsystem_version__ = 0x5
                0x0000000000000002                __minor_subsystem_version__ = 0x2
                0x0000000000000003                __subsystem__ = 0x3
                0x0000000000200000                __size_of_stack_reserve__ = 0x200000
                0x0000000000001000                __size_of_stack_commit__ = 0x1000
                0x0000000000100000                __size_of_heap_reserve__ = 0x100000
                0x0000000000001000                __size_of_heap_commit__ = 0x1000
                0x0000000000000000                __loader_flags__ = 0x0
                0x0000000000000100                __dll_characteristics__ = 0x100

.text           0x0000000000000000        0x0
 .text          0x0000000000000000        0x0 ./bin/sys.obj
 .text          0x0000000000000000        0x0 ./bin/krn.obj
 .text          0x0000000000000000        0x0 ./bin/drv.obj

oem$            0x0000000000000000      0x670
 ./bin/oem.obj()
 .text          0x0000000000000000        0x0 ./bin/oem.obj
 otext          0x0000000000000000      0x666 ./bin/oem.obj
                0x0000000000000351                OEMMCBINIT
                0x00000000000005ff                OEMHALT
                0x0000000000000643                OEMCALLBK
 odata          0x0000000000000666        0x0 ./bin/oem.obj

sys$            0x0000000000000666     0x160c
 ./bin/sys.obj(stext)
 stext          0x0000000000000666     0x12ef ./bin/sys.obj
                0x0000000000000666                SYSENTRY
 ./bin/sys.obj(sdata)
 sdata          0x0000000000001955      0x31c ./bin/sys.obj
                0x0000000000001b11                FINALDOSPTR
                0x0000000000001b19                MCBANCHOR
                0x0000000000001b21                FILES
                0x0000000000001b22                BUFFERS
                0x0000000000001b23                DFLTDRIVE
                0x0000000000001b24                LASTDRIVE
                0x0000000000001b25                OEMBIOS
                0x0000000000001b26                OEMPTR
                0x0000000000001b26                OEMMEMPTR
                0x0000000000001b2e                OEMVERSION
                0x0000000000001c71                dosResStart = .

dos$bss         0x0000000000000000     0x1a81
 ./bin/krn.obj(dBSS)
 dBSS           0x0000000000000000     0x1a81 ./bin/krn.obj
                0x0000000000000000                anchorMcb
                0x0000000000000010                bootDrive
                0x0000000000000011                biosVers
                0x0000000000000015                biosPtr
                0x000000000000001f                shareCount
                0x0000000000000021                shareDelay
                0x0000000000000033                mcbChainPtr
                0x000000000000003b                dpbHeadPtr
                0x0000000000000043                sftHeadPtr
                0x000000000000004b                clockPtr
                0x0000000000000053                vConPtr
                0x000000000000005b                maxBytesSec
                0x000000000000005d                bufHeadPtr
                0x0000000000000065                cdsHeadPtr
                0x000000000000006d                fcbsHeadPtr
                0x0000000000000077                numPhysVol
                0x0000000000000078                lastdrvNum
                0x0000000000000079                numBuffers
                0x000000000000007a                nulDevHdr
                0x000000000000009d                numFiles
                0x000000000000009e                dosMgrHooks
                0x00000000000000af                dllHooks
                0x00000000000000bf                shareHooks
                0x0000000000000137                firstSftHeader
                0x00000000000003d1                switchChar
                0x00000000000003d6                machineName
                0x00000000000003e6                critPtchTbl
                0x0000000000000409                errorDrv
                0x0000000000000417                currentDTA
                0x000000000000041f                currentPSP
                0x000000000000048e                dayOfMonth
                0x000000000000048f                monthOfYear
                0x000000000000073a                currentNdx
                0x00000000000019e2                serverDispTblPtr

dos$            0x0000000000001a81     0x8190
 ./bin/krn.obj(dtext)
 dtext          0x0000000000001a81     0x8190 ./bin/krn.obj
                0x0000000000001a83                dosBIOSName
                0x0000000000001ab3                extKeyFunc
                0x0000000000001c56                charTableArray.ucTable
                0x0000000000001c56                charTableArray
                0x0000000000001c5f                charTableArray.filenameUCTable
                0x0000000000001c68                charTableArray.filenameTerminatingTable
                0x0000000000001c71                charTableArray.collatingTable
                0x0000000000001c7a                charTableArray.dbcsTable
                0x0000000000001c8a                ctryTbl
                0x0000000000002121                serverDispTbl
                0x000000000000486d                editKeys
                0x000000000000767e                terminateProcess
                0x0000000000007685                terminateRes
                0x00000000000082cf                caseMapFunc
                0x0000000000008558                i0
                0x000000000000855f                i1
                0x0000000000008569                i2
                0x0000000000008573                i3
                0x000000000000857d                i4
                0x0000000000008587                i5
                0x000000000000858e                i6
                0x0000000000008595                i7
                0x000000000000859c                i8
                0x00000000000085a3                i9
                0x00000000000085aa                i10
                0x00000000000085b1                i11
                0x00000000000085b8                i12
                0x00000000000085bf                i13
                0x00000000000085c6                i14
                0x00000000000085cd                i15
                0x00000000000085d4                i16
                0x00000000000085db                i17
                0x00000000000085e2                i18
                0x00000000000085e9                i19
                0x00000000000085f0                i20
                0x00000000000085f7                i21
                0x0000000000008956                dosDefCritErrHdlr
                0x000000000000896f                nulStrat
                0x0000000000008975                nulIntr
                0x0000000000008a11                absDiskWrite
                0x0000000000008a30                absDiskRead
                0x0000000000009107                functionDispatch
                0x000000000000926b                defaultIretq
                0x000000000000929b                dosCrit1Enter
                0x00000000000092a5                dosCrit1Exit
                0x00000000000092af                dosCrit2Enter
                0x00000000000092b9                dosCrit2Exit
                0x0000000000009a0f                multiplexHdlr
                0x0000000000009b03                badDfltShareHook
                0x0000000000009b09                goodDfltShareHook

drv$            0x0000000000009c11     0x3af0
                0x0000000000009c11                drv$_start = .
 ./bin/drv.obj(kDrvDat)
 kDrvDat        0x0000000000009c11      0x1a0 ./bin/drv.obj
 ./bin/drv.obj(kDrvText)
 kDrvText       0x0000000000009db1     0x394f ./bin/drv.obj
                0x000000000000d700                dosResLen = .

drv$bss         0x000000000000d700      0x140
 ./bin/drv.obj(kDrvBSS)
 kDrvBSS        0x000000000000d700      0x140 ./bin/drv.obj
                0x000000000000d840                dosEnd = ALIGN (0x10)
OUTPUT(./bin/dos.exe pei-x86-64)
