
There are no discarded input sections

Memory Configuration

Name             Origin             Length             Attributes
*default*        0x0000000000000000 0xffffffffffffffff

Linker script and memory map

LOAD ./bin/oem.obj
LOAD ./bin/sys.obj
LOAD ./bin/krn.obj
LOAD ./bin/drv.obj
                0x0000000000000000                __image_base__ = 0x0
                0x0000000000000000                __dll__ = 0x0
                0x0000000000000000                __ImageBase = 0x0
                0x0000000000000001                __section_alignment__ = 0x1
                0x0000000000000001                __file_alignment__ = 0x1
                0x0000000000000004                __major_os_version__ = 0x4
                0x0000000000000000                __minor_os_version__ = 0x0
                0x0000000000000000                __major_image_version__ = 0x0
                0x0000000000000000                __minor_image_version__ = 0x0
                0x0000000000000005                __major_subsystem_version__ = 0x5
                0x0000000000000002                __minor_subsystem_version__ = 0x2
                0x0000000000000003                __subsystem__ = 0x3
                0x0000000000200000                __size_of_stack_reserve__ = 0x200000
                0x0000000000001000                __size_of_stack_commit__ = 0x1000
                0x0000000000100000                __size_of_heap_reserve__ = 0x100000
                0x0000000000001000                __size_of_heap_commit__ = 0x1000
                0x0000000000000000                __loader_flags__ = 0x0
                0x0000000000000100                __dll_characteristics__ = 0x100

.text           0x0000000000000000        0x0
 .text          0x0000000000000000        0x0 ./bin/sys.obj
 .text          0x0000000000000000        0x0 ./bin/krn.obj
 .text          0x0000000000000000        0x0 ./bin/drv.obj

oem$            0x0000000000000000      0x666
 ./bin/oem.obj()
 .text          0x0000000000000000        0x0 ./bin/oem.obj
 otext          0x0000000000000000      0x666 ./bin/oem.obj
                0x0000000000000351                OEMMCBINIT
                0x00000000000005ff                OEMHALT
                0x0000000000000643                OEMCALLBK
 odata          0x0000000000000666        0x0 ./bin/oem.obj

sys$            0x0000000000000666     0x165f
 ./bin/sys.obj(stext)
 stext          0x0000000000000666     0x1343 ./bin/sys.obj
                0x0000000000000666                SYSENTRY
 ./bin/sys.obj(sdata)
 sdata          0x00000000000019a9      0x31c ./bin/sys.obj
                0x0000000000001b65                FINALDOSPTR
                0x0000000000001b6d                MCBANCHOR
                0x0000000000001b75                FILES
                0x0000000000001b76                BUFFERS
                0x0000000000001b77                DFLTDRIVE
                0x0000000000001b78                LASTDRIVE
                0x0000000000001b79                OEMBIOS
                0x0000000000001b7a                OEMPTR
                0x0000000000001b7a                OEMMEMPTR
                0x0000000000001b82                OEMVERSION
                0x0000000000001cc5                dosResStart = .

dos$bss         0x0000000000000000     0x1a81
 ./bin/krn.obj(dBSS)
 dBSS           0x0000000000000000     0x1a81 ./bin/krn.obj
                0x0000000000000000                anchorMcb
                0x0000000000000010                bootDrive
                0x0000000000000011                biosVers
                0x0000000000000015                biosPtr
                0x000000000000001f                shareCount
                0x0000000000000021                shareDelay
                0x0000000000000033                mcbChainPtr
                0x000000000000003b                dpbHeadPtr
                0x0000000000000043                sftHeadPtr
                0x000000000000004b                clockPtr
                0x0000000000000053                vConPtr
                0x000000000000005b                maxBytesSec
                0x000000000000005d                bufHeadPtr
                0x0000000000000065                cdsHeadPtr
                0x000000000000006d                fcbsHeadPtr
                0x0000000000000077                numPhysVol
                0x0000000000000078                lastdrvNum
                0x0000000000000079                numBuffers
                0x000000000000007a                nulDevHdr
                0x000000000000009d                numFiles
                0x000000000000009e                dosMgrHooks
                0x00000000000000af                dllHooks
                0x00000000000000bf                shareHooks
                0x0000000000000137                firstSftHeader
                0x00000000000003d1                switchChar
                0x00000000000003d6                machineName
                0x00000000000003e6                critPtchTbl
                0x0000000000000409                errorDrv
                0x0000000000000417                currentDTA
                0x000000000000041f                currentPSP
                0x000000000000048e                dayOfMonth
                0x000000000000048f                monthOfYear
                0x000000000000073a                currentNdx
                0x00000000000019e2                serverDispTblPtr

dos$            0x0000000000001a81     0x8000
 ./bin/krn.obj(dtext)
 dtext          0x0000000000001a81     0x8000 ./bin/krn.obj
                0x0000000000001a83                dosBIOSName
                0x0000000000001ab3                extKeyFunc
                0x0000000000001c56                charTableArray.ucTable
                0x0000000000001c56                charTableArray
                0x0000000000001c5f                charTableArray.filenameUCTable
                0x0000000000001c68                charTableArray.filenameTerminatingTable
                0x0000000000001c71                charTableArray.collatingTable
                0x0000000000001c81                ctryTbl
                0x0000000000002110                serverDispTbl
                0x0000000000004853                editKeys
                0x0000000000007602                terminateProcess
                0x0000000000007609                terminateRes
                0x00000000000081c7                caseMapFunc
                0x0000000000008433                i0
                0x000000000000843a                i1
                0x0000000000008444                i2
                0x000000000000844e                i3
                0x0000000000008458                i4
                0x0000000000008462                i5
                0x0000000000008469                i6
                0x0000000000008470                i7
                0x0000000000008477                i8
                0x000000000000847e                i9
                0x0000000000008485                i10
                0x000000000000848c                i11
                0x0000000000008493                i12
                0x000000000000849a                i13
                0x00000000000084a1                i14
                0x00000000000084a8                i15
                0x00000000000084af                i16
                0x00000000000084b6                i17
                0x00000000000084bd                i18
                0x00000000000084c4                i19
                0x00000000000084cb                i20
                0x00000000000084d2                i21
                0x0000000000008831                dosDefCritErrHdlr
                0x000000000000884a                nulStrat
                0x0000000000008850                nulIntr
                0x00000000000088ec                absDiskWrite
                0x000000000000890b                absDiskRead
                0x0000000000008fca                functionDispatch
                0x0000000000009122                defaultIretq
                0x0000000000009152                dosCrit1Enter
                0x000000000000915c                dosCrit1Exit
                0x0000000000009166                dosCrit2Enter
                0x0000000000009170                dosCrit2Exit
                0x000000000000987d                multiplexHdlr
                0x0000000000009971                badDfltShareHook
                0x0000000000009977                goodDfltShareHook

drv$            0x0000000000009a81     0x3a98
                0x0000000000009a81                drv$_start = .
 ./bin/drv.obj(kDrvDat)
 kDrvDat        0x0000000000009a81      0x1a0 ./bin/drv.obj
 ./bin/drv.obj(kDrvText)
 kDrvText       0x0000000000009c21     0x38f8 ./bin/drv.obj
                0x000000000000d519                dosResLen = .

drv$bss         0x000000000000d520      0x140
 ./bin/drv.obj(kDrvBSS)
 kDrvBSS        0x000000000000d520      0x140 ./bin/drv.obj
                0x000000000000d660                dosEnd = ALIGN (0x10)
OUTPUT(./bin/dos.exe pei-x86-64)
