
There are no discarded input sections

Memory Configuration

Name             Origin             Length             Attributes
*default*        0x0000000000000000 0xffffffffffffffff

Linker script and memory map

LOAD ./bin/oem.obj
LOAD ./bin/sys.obj
LOAD ./bin/krn.obj
LOAD ./bin/drv.obj
                0x0000000000000000                __image_base__ = 0x0
                0x0000000000000000                __dll__ = 0x0
                0x0000000000000000                __ImageBase = 0x0
                0x0000000000000001                __section_alignment__ = 0x1
                0x0000000000000001                __file_alignment__ = 0x1
                0x0000000000000004                __major_os_version__ = 0x4
                0x0000000000000000                __minor_os_version__ = 0x0
                0x0000000000000000                __major_image_version__ = 0x0
                0x0000000000000000                __minor_image_version__ = 0x0
                0x0000000000000005                __major_subsystem_version__ = 0x5
                0x0000000000000002                __minor_subsystem_version__ = 0x2
                0x0000000000000003                __subsystem__ = 0x3
                0x0000000000200000                __size_of_stack_reserve__ = 0x200000
                0x0000000000001000                __size_of_stack_commit__ = 0x1000
                0x0000000000100000                __size_of_heap_reserve__ = 0x100000
                0x0000000000001000                __size_of_heap_commit__ = 0x1000
                0x0000000000000000                __loader_flags__ = 0x0
                0x0000000000000100                __dll_characteristics__ = 0x100

.text           0x0000000000000000        0x0
 .text          0x0000000000000000        0x0 ./bin/sys.obj
 .text          0x0000000000000000        0x0 ./bin/krn.obj
 .text          0x0000000000000000        0x0 ./bin/drv.obj

oem$            0x0000000000000000      0x666
 ./bin/oem.obj()
 .text          0x0000000000000000        0x0 ./bin/oem.obj
 otext          0x0000000000000000      0x666 ./bin/oem.obj
                0x0000000000000351                OEMMCBINIT
                0x00000000000005ff                OEMHALT
                0x0000000000000643                OEMCALLBK
 odata          0x0000000000000666        0x0 ./bin/oem.obj

sys$            0x0000000000000666     0x1614
 ./bin/sys.obj(stext)
 stext          0x0000000000000666     0x12f8 ./bin/sys.obj
                0x0000000000000666                SYSENTRY
 ./bin/sys.obj(sdata)
 sdata          0x000000000000195e      0x31c ./bin/sys.obj
                0x0000000000001b1a                FINALDOSPTR
                0x0000000000001b22                MCBANCHOR
                0x0000000000001b2a                FILES
                0x0000000000001b2b                BUFFERS
                0x0000000000001b2c                DFLTDRIVE
                0x0000000000001b2d                LASTDRIVE
                0x0000000000001b2e                OEMBIOS
                0x0000000000001b2f                OEMPTR
                0x0000000000001b2f                OEMMEMPTR
                0x0000000000001b37                OEMVERSION
                0x0000000000001c7a                dosResStart = .

dos$bss         0x0000000000000000     0x1ac9
 ./bin/krn.obj(dBSS)
 dBSS           0x0000000000000000     0x1ac9 ./bin/krn.obj
                0x0000000000000000                anchorMcb
                0x0000000000000010                bootDrive
                0x0000000000000011                biosVers
                0x0000000000000015                biosPtr
                0x000000000000001d                dosPSP
                0x0000000000000027                shareCount
                0x0000000000000029                shareDelay
                0x000000000000003b                mcbChainPtr
                0x0000000000000043                dpbHeadPtr
                0x000000000000004b                sftHeadPtr
                0x0000000000000053                clockPtr
                0x000000000000005b                vConPtr
                0x0000000000000063                maxBytesSec
                0x0000000000000065                bufHeadPtr
                0x000000000000006d                cdsHeadPtr
                0x0000000000000075                fcbsHeadPtr
                0x000000000000007f                numPhysVol
                0x0000000000000080                lastdrvNum
                0x0000000000000081                numBuffers
                0x0000000000000082                nulDevHdr
                0x00000000000000a5                numFiles
                0x00000000000000a6                dosMgrHooks
                0x00000000000000b7                dllHooks
                0x00000000000000c7                shareHooks
                0x000000000000013f                firstSftHeader
                0x0000000000000401                switchChar
                0x0000000000000406                machineName
                0x0000000000000416                critPtchTbl
                0x0000000000000439                errorDrv
                0x0000000000000447                currentDTA
                0x000000000000044f                currentPSP
                0x00000000000004c0                dayOfMonth
                0x00000000000004c1                monthOfYear
                0x000000000000076b                currentNdx
                0x0000000000001a2a                pServerDispTbl

dos$            0x0000000000001ac9     0x8634
 ./bin/krn.obj(dtext)
 dtext          0x0000000000001ac9     0x8634 ./bin/krn.obj
                0x0000000000001acb                dosBIOSName
                0x0000000000001b06                extKeyFunc
                0x0000000000001d0f                charTableArray.ucTable
                0x0000000000001d0f                charTableArray
                0x0000000000001d18                charTableArray.filenameUCTable
                0x0000000000001d21                charTableArray.filenameTerminatingTable
                0x0000000000001d2a                charTableArray.collatingTable
                0x0000000000001d33                charTableArray.dbcsTable
                0x0000000000001d43                ctryTbl
                0x00000000000021e2                serverDispTbl
                0x000000000000491a                editKeys
                0x0000000000007b39                terminateProcess
                0x0000000000007b40                terminateRes
                0x0000000000008793                caseMapFunc
                0x00000000000089e1                i0
                0x00000000000089e8                i1
                0x00000000000089f2                i2
                0x00000000000089fc                i3
                0x0000000000008a06                i4
                0x0000000000008a10                i5
                0x0000000000008a17                i6
                0x0000000000008a1e                i7
                0x0000000000008a25                i8
                0x0000000000008a2c                i9
                0x0000000000008a33                i10
                0x0000000000008a3a                i11
                0x0000000000008a41                i12
                0x0000000000008a48                i13
                0x0000000000008a4f                i14
                0x0000000000008a56                i15
                0x0000000000008a5d                i16
                0x0000000000008a64                i17
                0x0000000000008a6b                i18
                0x0000000000008a72                i19
                0x0000000000008a79                i20
                0x0000000000008a80                i21
                0x0000000000008ddf                dosDefCritErrHdlr
                0x0000000000008df8                nulStrat
                0x0000000000008dfe                nulIntr
                0x0000000000008e9a                absDiskWrite
                0x0000000000008eb9                absDiskRead
                0x0000000000009599                functionDispatch
                0x00000000000096fe                defaultIretq
                0x000000000000972e                dosCrit1Enter
                0x0000000000009738                dosCrit1Exit
                0x0000000000009742                dosCrit2Enter
                0x000000000000974c                dosCrit2Exit
                0x0000000000009efa                multiplexHdlr
                0x0000000000009fee                badDfltShareHook
                0x0000000000009ff4                goodDfltShareHook

drv$            0x000000000000a0fd     0x3c2a
                0x000000000000a0fd                drv$_start = .
 ./bin/drv.obj(kDrvDat)
 kDrvDat        0x000000000000a0fd      0x1a0 ./bin/drv.obj
 ./bin/drv.obj(kDrvText)
 kDrvText       0x000000000000a29d     0x3a8a ./bin/drv.obj
                0x000000000000dd27                dosResLen = .

drv$bss         0x000000000000dd30      0x140
 ./bin/drv.obj(kDrvBSS)
 kDrvBSS        0x000000000000dd30      0x140 ./bin/drv.obj
                0x000000000000de70                dosEnd = ALIGN (0x10)
OUTPUT(./bin/dos.exe pei-x86-64)
