
Memory Configuration

Name             Origin             Length             Attributes
*default*        0x0000000000000000 0xffffffffffffffff

Linker script and memory map

LOAD ./bin/oem.obj
LOAD ./bin/sys.obj
LOAD ./bin/krn.obj
LOAD ./bin/drv.obj
                0x0000000000000000                __image_base__ = 0x0
                0x0000000000000000                __dll__ = 0x0
                0x0000000000000000                __ImageBase = 0x0
                0x0000000000000001                __section_alignment__ = 0x1
                0x0000000000000001                __file_alignment__ = 0x1
                0x0000000000000004                __major_os_version__ = 0x4
                0x0000000000000000                __minor_os_version__ = 0x0
                0x0000000000000000                __major_image_version__ = 0x0
                0x0000000000000000                __minor_image_version__ = 0x0
                0x0000000000000005                __major_subsystem_version__ = 0x5
                0x0000000000000002                __minor_subsystem_version__ = 0x2
                0x0000000000000003                __subsystem__ = 0x3
                0x0000000000200000                __size_of_stack_reserve__ = 0x200000
                0x0000000000001000                __size_of_stack_commit__ = 0x1000
                0x0000000000100000                __size_of_heap_reserve__ = 0x100000
                0x0000000000001000                __size_of_heap_commit__ = 0x1000
                0x0000000000000000                __loader_flags__ = 0x0
                0x0000000000000100                __dll_characteristics__ = 0x100

.text           0x0000000000000000        0x0
 .text          0x0000000000000000        0x0 ./bin/sys.obj
 .text          0x0000000000000000        0x0 ./bin/krn.obj
 .text          0x0000000000000000        0x0 ./bin/drv.obj

oem$            0x0000000000000000      0x670
 ./bin/oem.obj()
 .text          0x0000000000000000        0x0 ./bin/oem.obj
 otext          0x0000000000000000      0x666 ./bin/oem.obj
                0x0000000000000351                OEMMCBINIT
                0x00000000000005ff                OEMHALT
                0x0000000000000643                OEMCALLBK
 odata          0x0000000000000666        0x0 ./bin/oem.obj

sys$            0x0000000000000666     0x167c
 ./bin/sys.obj(stext)
 stext          0x0000000000000666     0x135f ./bin/sys.obj
                0x0000000000000666                SYSENTRY
 ./bin/sys.obj(sdata)
 sdata          0x00000000000019c5      0x31c ./bin/sys.obj
                0x0000000000001b81                FINALDOSPTR
                0x0000000000001b89                MCBANCHOR
                0x0000000000001b91                FILES
                0x0000000000001b92                BUFFERS
                0x0000000000001b93                DFLTDRIVE
                0x0000000000001b94                LASTDRIVE
                0x0000000000001b95                OEMBIOS
                0x0000000000001b96                OEMPTR
                0x0000000000001b96                OEMMEMPTR
                0x0000000000001b9e                OEMVERSION
                0x0000000000001ce1                dosResStart = .

dos$bss         0x0000000000000000     0x1a81
 ./bin/krn.obj(dBSS)
 dBSS           0x0000000000000000     0x1a81 ./bin/krn.obj
                0x0000000000000000                anchorMcb
                0x0000000000000010                bootDrive
                0x0000000000000011                biosVers
                0x0000000000000015                biosPtr
                0x000000000000001f                shareCount
                0x0000000000000021                shareDelay
                0x0000000000000033                mcbChainPtr
                0x000000000000003b                dpbHeadPtr
                0x0000000000000043                sftHeadPtr
                0x000000000000004b                clockPtr
                0x0000000000000053                vConPtr
                0x000000000000005b                maxBytesSec
                0x000000000000005d                bufHeadPtr
                0x0000000000000065                cdsHeadPtr
                0x000000000000006d                fcbsHeadPtr
                0x0000000000000077                numPhysVol
                0x0000000000000078                lastdrvNum
                0x0000000000000079                numBuffers
                0x000000000000007a                nulDevHdr
                0x000000000000009d                numFiles
                0x000000000000009e                dosMgrHooks
                0x00000000000000af                dllHooks
                0x00000000000000bf                shareHooks
                0x0000000000000137                firstSftHeader
                0x00000000000003d1                switchChar
                0x00000000000003d6                machineName
                0x00000000000003e6                critPtchTbl
                0x0000000000000409                errorDrv
                0x0000000000000417                currentDTA
                0x000000000000041f                currentPSP
                0x000000000000048e                dayOfMonth
                0x000000000000048f                monthOfYear
                0x000000000000073a                currentNdx
                0x00000000000019e2                serverDispTblPtr

dos$            0x0000000000001a81     0x8098
 ./bin/krn.obj(dtext)
 dtext          0x0000000000001a81     0x8096 ./bin/krn.obj
                0x0000000000001a83                dosBIOSName
                0x0000000000001ab3                extKeyFunc
                0x0000000000001c56                charTableArray.ucTable
                0x0000000000001c56                charTableArray
                0x0000000000001c5f                charTableArray.filenameUCTable
                0x0000000000001c68                charTableArray.filenameTerminatingTable
                0x0000000000001c71                charTableArray.collatingTable
                0x0000000000001c81                ctryTbl
                0x0000000000002110                serverDispTbl
                0x0000000000004848                editKeys
                0x0000000000007660                terminateProcess
                0x0000000000007667                terminateRes
                0x0000000000008225                caseMapFunc
                0x00000000000084ae                i0
                0x00000000000084b5                i1
                0x00000000000084bf                i2
                0x00000000000084c9                i3
                0x00000000000084d3                i4
                0x00000000000084dd                i5
                0x00000000000084e4                i6
                0x00000000000084eb                i7
                0x00000000000084f2                i8
                0x00000000000084f9                i9
                0x0000000000008500                i10
                0x0000000000008507                i11
                0x000000000000850e                i12
                0x0000000000008515                i13
                0x000000000000851c                i14
                0x0000000000008523                i15
                0x000000000000852a                i16
                0x0000000000008531                i17
                0x0000000000008538                i18
                0x000000000000853f                i19
                0x0000000000008546                i20
                0x000000000000854d                i21
                0x00000000000088ac                dosDefCritErrHdlr
                0x00000000000088c5                nulStrat
                0x00000000000088cb                nulIntr
                0x0000000000008967                absDiskWrite
                0x0000000000008986                absDiskRead
                0x000000000000905d                functionDispatch
                0x00000000000091bc                defaultIretq
                0x00000000000091ec                dosCrit1Enter
                0x00000000000091f6                dosCrit1Exit
                0x0000000000009200                dosCrit2Enter
                0x000000000000920a                dosCrit2Exit
                0x0000000000009915                multiplexHdlr
                0x0000000000009a09                badDfltShareHook
                0x0000000000009a0f                goodDfltShareHook

drv$            0x0000000000009b17     0x3af0
                0x0000000000009b17                drv$_start = .
 ./bin/drv.obj(kDrvDat)
 kDrvDat        0x0000000000009b17      0x1a0 ./bin/drv.obj
 ./bin/drv.obj(kDrvText)
 kDrvText       0x0000000000009cb7     0x394f ./bin/drv.obj
                0x000000000000d606                dosResLen = .

drv$bss         0x000000000000d610      0x140
 ./bin/drv.obj(kDrvBSS)
 kDrvBSS        0x000000000000d610      0x140 ./bin/drv.obj
                0x000000000000d750                dosEnd = ALIGN (0x10)
OUTPUT(./bin/dos.exe pei-x86-64)
