
Memory Configuration

Name             Origin             Length             Attributes
*default*        0x0000000000000000 0xffffffffffffffff

Linker script and memory map

LOAD ./bin/oem.obj
LOAD ./bin/sys.obj
LOAD ./bin/krn.obj
LOAD ./bin/drv.obj
                0x0000000000000000                __image_base__ = 0x0
                0x0000000000000000                __dll__ = 0x0
                0x0000000000000000                __ImageBase = 0x0
                0x0000000000000001                __section_alignment__ = 0x1
                0x0000000000000001                __file_alignment__ = 0x1
                0x0000000000000004                __major_os_version__ = 0x4
                0x0000000000000000                __minor_os_version__ = 0x0
                0x0000000000000000                __major_image_version__ = 0x0
                0x0000000000000000                __minor_image_version__ = 0x0
                0x0000000000000005                __major_subsystem_version__ = 0x5
                0x0000000000000002                __minor_subsystem_version__ = 0x2
                0x0000000000000003                __subsystem__ = 0x3
                0x0000000000200000                __size_of_stack_reserve__ = 0x200000
                0x0000000000001000                __size_of_stack_commit__ = 0x1000
                0x0000000000100000                __size_of_heap_reserve__ = 0x100000
                0x0000000000001000                __size_of_heap_commit__ = 0x1000
                0x0000000000000000                __loader_flags__ = 0x0
                0x0000000000000100                __dll_characteristics__ = 0x100

.text           0x0000000000000000        0x0
 .text          0x0000000000000000        0x0 ./bin/sys.obj
 .text          0x0000000000000000        0x0 ./bin/krn.obj
 .text          0x0000000000000000        0x0 ./bin/drv.obj

oem$            0x0000000000000000      0x670
 ./bin/oem.obj()
 .text          0x0000000000000000        0x0 ./bin/oem.obj
 otext          0x0000000000000000      0x666 ./bin/oem.obj
                0x0000000000000351                OEMMCBINIT
                0x00000000000005ff                OEMHALT
                0x0000000000000643                OEMCALLBK
 odata          0x0000000000000666        0x0 ./bin/oem.obj

sys$            0x0000000000000666     0x160c
 ./bin/sys.obj(stext)
 stext          0x0000000000000666     0x12ef ./bin/sys.obj
                0x0000000000000666                SYSENTRY
 ./bin/sys.obj(sdata)
 sdata          0x0000000000001955      0x31c ./bin/sys.obj
                0x0000000000001b11                FINALDOSPTR
                0x0000000000001b19                MCBANCHOR
                0x0000000000001b21                FILES
                0x0000000000001b22                BUFFERS
                0x0000000000001b23                DFLTDRIVE
                0x0000000000001b24                LASTDRIVE
                0x0000000000001b25                OEMBIOS
                0x0000000000001b26                OEMPTR
                0x0000000000001b26                OEMMEMPTR
                0x0000000000001b2e                OEMVERSION
                0x0000000000001c71                dosResStart = .

dos$bss         0x0000000000000000     0x1ac1
 ./bin/krn.obj(dBSS)
 dBSS           0x0000000000000000     0x1ac1 ./bin/krn.obj
                0x0000000000000000                anchorMcb
                0x0000000000000010                bootDrive
                0x0000000000000011                biosVers
                0x0000000000000015                biosPtr
                0x000000000000001f                shareCount
                0x0000000000000021                shareDelay
                0x0000000000000033                mcbChainPtr
                0x000000000000003b                dpbHeadPtr
                0x0000000000000043                sftHeadPtr
                0x000000000000004b                clockPtr
                0x0000000000000053                vConPtr
                0x000000000000005b                maxBytesSec
                0x000000000000005d                bufHeadPtr
                0x0000000000000065                cdsHeadPtr
                0x000000000000006d                fcbsHeadPtr
                0x0000000000000077                numPhysVol
                0x0000000000000078                lastdrvNum
                0x0000000000000079                numBuffers
                0x000000000000007a                nulDevHdr
                0x000000000000009d                numFiles
                0x000000000000009e                dosMgrHooks
                0x00000000000000af                dllHooks
                0x00000000000000bf                shareHooks
                0x0000000000000137                firstSftHeader
                0x00000000000003f9                switchChar
                0x00000000000003fe                machineName
                0x000000000000040e                critPtchTbl
                0x0000000000000431                errorDrv
                0x000000000000043f                currentDTA
                0x0000000000000447                currentPSP
                0x00000000000004b8                dayOfMonth
                0x00000000000004b9                monthOfYear
                0x0000000000000763                currentNdx
                0x0000000000001a22                serverDispTblPtr

dos$            0x0000000000001ac1     0x8664
 ./bin/krn.obj(dtext)
 dtext          0x0000000000001ac1     0x8661 ./bin/krn.obj
                0x0000000000001ac3                dosBIOSName
                0x0000000000001afe                extKeyFunc
                0x0000000000001d07                charTableArray.ucTable
                0x0000000000001d07                charTableArray
                0x0000000000001d10                charTableArray.filenameUCTable
                0x0000000000001d19                charTableArray.filenameTerminatingTable
                0x0000000000001d22                charTableArray.collatingTable
                0x0000000000001d2b                charTableArray.dbcsTable
                0x0000000000001d3b                ctryTbl
                0x00000000000021da                serverDispTbl
                0x000000000000492c                editKeys
                0x0000000000007b5c                terminateProcess
                0x0000000000007b63                terminateRes
                0x00000000000087bf                caseMapFunc
                0x0000000000008a3d                i0
                0x0000000000008a44                i1
                0x0000000000008a4e                i2
                0x0000000000008a58                i3
                0x0000000000008a62                i4
                0x0000000000008a6c                i5
                0x0000000000008a73                i6
                0x0000000000008a7a                i7
                0x0000000000008a81                i8
                0x0000000000008a88                i9
                0x0000000000008a8f                i10
                0x0000000000008a96                i11
                0x0000000000008a9d                i12
                0x0000000000008aa4                i13
                0x0000000000008aab                i14
                0x0000000000008ab2                i15
                0x0000000000008ab9                i16
                0x0000000000008ac0                i17
                0x0000000000008ac7                i18
                0x0000000000008ace                i19
                0x0000000000008ad5                i20
                0x0000000000008adc                i21
                0x0000000000008e3b                dosDefCritErrHdlr
                0x0000000000008e54                nulStrat
                0x0000000000008e5a                nulIntr
                0x0000000000008ef6                absDiskWrite
                0x0000000000008f15                absDiskRead
                0x00000000000095ec                functionDispatch
                0x0000000000009751                defaultIretq
                0x0000000000009781                dosCrit1Enter
                0x000000000000978b                dosCrit1Exit
                0x0000000000009795                dosCrit2Enter
                0x000000000000979f                dosCrit2Exit
                0x0000000000009f22                multiplexHdlr
                0x000000000000a016                badDfltShareHook
                0x000000000000a01c                goodDfltShareHook

drv$            0x000000000000a122     0x3c28
                0x000000000000a122                drv$_start = .
 ./bin/drv.obj(kDrvDat)
 kDrvDat        0x000000000000a122      0x1a0 ./bin/drv.obj
 ./bin/drv.obj(kDrvText)
 kDrvText       0x000000000000a2c2     0x3a86 ./bin/drv.obj
                0x000000000000dd48                dosResLen = .

drv$bss         0x000000000000dd50      0x140
 ./bin/drv.obj(kDrvBSS)
 kDrvBSS        0x000000000000dd50      0x140 ./bin/drv.obj
                0x000000000000de90                dosEnd = ALIGN (0x10)
OUTPUT(./bin/dos.exe pei-x86-64)
